01-29 14:48:23.216 I/Layer   ( 1019): id=39871 removedFromDrawingState Surface(name=680dc00 com.asc.markets/com.asc.markets.MainActivity)/@0xdfa6e13 - animation-leash of starting_reveal#0 (135)
01-29 14:48:23.219 I/libprocessgroup( 1351): Successfully killed process cgroup uid 1000 pid 17608 in 0ms
01-29 14:48:23.220 D/NetworkPolicy( 1351): onUidStateChanged() uid: 10119, isForeground(true, 5)
01-29 14:48:23.223 D/PowerManagerService( 1351): displayReady: false groupId=0
01-29 14:48:23.223 D/DisplayPowerController[0]( 1351): animateScreenStateChange: target=2, mLogicalDisplay.isEnabled()=true
01-29 14:48:23.223 D/DisplayPowerController[0]( 1351): getFinalBrightness : [maxBrightness = 201 (0.79) -> 197 (0.77)] 
01-29 14:48:23.223 D/DisplayPowerController[0]( 1351): getFinalBrightness : Summary is 201 (0.79) -> 197 (0.77)
01-29 14:48:23.223 D/DisplayPowerController[0]( 1351): Animating brightness: target=197 (0.77), sdrTarget=0.772549, rate=0.0(hbm:0.0) mDisplayId=0, (PSM:, AB limit:(  0 (-1.00) ~   0 (-1.00)) MB Limit:( -1 (NaN) ~ 197 (0.77)), sf=1.0
01-29 14:48:23.224 D/FreecessController( 1351): com.sec.android.gallery3d(state: Initial -> Freezeable, Reason: uidIdle)
01-29 14:48:23.224 D/FreecessController( 1351): com.whatsapp(state: Initial -> Freezeable, Reason: uidIdle)
01-29 14:48:23.224 I/Zygote  (  842): Process 17648 exited due to signal 9 (Killed)
01-29 14:48:23.225 D/DisplayPowerController[0]( 1351): animateScreenStateChange: target=2, mLogicalDisplay.isEnabled()=true
01-29 14:48:23.226 D/BrightnessHandler( 1351): inject brightness = 197.0, Brightness: 0.772549
01-29 14:48:23.226 D/DisplayPowerController[0]( 1351): getFinalBrightness : [maxBrightness = 201 (0.79) -> 197 (0.77)] 
01-29 14:48:23.226 D/DisplayPowerController[0]( 1351): getFinalBrightness : Summary is 201 (0.79) -> 197 (0.77)
01-29 14:48:23.226 D/FreecessController( 1351): com.openai.chatgpt(state: Initial -> Freezeable, Reason: uidIdle)
01-29 14:48:23.226 D/FreecessController( 1351): com.microsoft.copilot(state: Initial -> Freezeable, Reason: uidIdle)
01-29 14:48:23.226 D/FreecessController( 1351): com.alibaba.intl.android.apps.poseidon(state: Initial -> Freezeable, Reason: uidIdle)
01-29 14:48:23.226 I/sensors-hal(  925): inject_sensor_data:64, brightness:197.000000
01-29 14:48:23.226 D/FreecessController( 1351): com.tunnelbear.android(state: Initial -> Freezeable, Reason: uidIdle)
01-29 14:48:23.226 I/SSC_DAEMON(  967): physical_sensor_test_req_msg Sensor type :4, Msg type:11
01-29 14:48:23.227 D/BrightnessHandler( 1351): inject brightness = 197.0, Brightness: 0.772549
01-29 14:48:23.227 D/BrightnessHandler( 1351): inject brightness = 197.0, Brightness: 0.772549
01-29 14:48:23.227 D/BrightnessHandler( 1351): inject brightness = 197.0, Brightness: 0.772549
01-29 14:48:23.228 D/PowerManagerService( 1351): displayReady: true groupId=0
01-29 14:48:23.228 I/SehLight(  930): lcd : 197+
01-29 14:48:23.229 I/SehLight(  930): lcd : 197-
01-29 14:48:23.233 E/SurfaceFlinger( 1019): Attempt to update InputPolicyFlags without permission ACCESS_SURFACE_FLINGER
01-29 14:48:23.237 W/DeviceManager_FLP( 3204): onTrimMemory : 5
01-29 14:48:23.237 W/DMASA[U]( 4663): [AppLogData]onTrimMemory(5):1769694503237
01-29 14:48:23.238 W/NetlinkSocket( 1351): maximum read
01-29 14:48:23.238 W/DMASA[C]( 4663): [DiagMonAgentApplication]onTrimMemory (5)
01-29 14:48:23.238 I/AiAi    ( 4607): onTrimMemory() with level 5
01-29 14:48:23.238 I/AiAi    (18183): onTrimMemory() with level 5
01-29 14:48:23.239 I/SSC_DAEMON(  967): aor_event done
01-29 14:48:23.239 W/NetlinkSocket( 1351): maximum read
01-29 14:48:23.242 I/GOS:App (17168): onTrimMemory 60
01-29 14:48:23.242 I/Finsky:background(17349): [2] Memory trim requested to level 60
01-29 14:48:23.244 I/WidgetsPredictionUpdateTask( 2785): execute(), info: PendingAddWidgetInfo(id=-1 type=WIDGET container=# com.android.launcher3.logger.LauncherAtom$ContainerInfo@7ba6f targetComponent=ComponentInfo{com.openai.chatgpt/com.openai.feature.widget.WidgetReceiver} screen=-1 cell(-1,-1) span(4,2) minSpan(1,1) rank=0 rankOfList=-1 user=UserHandle{0} title=null hidden=0 screenType=0 componentName=ComponentInfo{com.openai.chatgpt/com.openai.feature.widget.WidgetReceiver}), info: PendingAddWidgetInfo(id=-1 type=WIDGET container=# com.android.launcher3.logger.LauncherAtom$ContainerInfo@7ba6f targetComponent=ComponentInfo{com.android.chrome/org.chromium.chrome.browser.searchwidget.SearchWidgetProvider} screen=-1 cell(-1,-1) span(3,1) minSpan(3,1) rank=0 rankOfList=-1 user=UserHandle{0} title=null hidden=0 screenType=0 componentName=ComponentInfo{com.android.chrome/org.chromium.chrome.browser.searchwidget.SearchWidgetProvider}), info: PendingAddWidgetInfo(id=-1 type=WIDGET container=# com.android.launcher3.logger.LauncherAtom$ContainerInfo@7ba6f targetComponent=ComponentInfo{com.whatsapp/com.whatsapp.appwidget.WidgetProvider} screen=-1 cell(-1,-1) span(4,2) minSpan(1,1) rank=0 rankOfList=-1 user=UserHandle{0} title=null hidden=0 screenType=0 componentName=ComponentInfo{com.whatsapp/com.whatsapp.appwidget.WidgetProvider}), info: PendingAddWidgetInfo(id=-1 type=WIDGET container=# com.android.launcher3.logger.LauncherAtom$ContainerInfo@7ba6f targetComponent=ComponentInfo{com.google.android.gm/com.google.android.gm.widget.GmailWidgetProvider} screen=-1 cell(-1,-1) span(2,2) minSpan(2,2) rank=0 rankOfList=-1 user=UserHandle{0} title=null hidden=0 screenType=0 componentName=ComponentInfo{com.google.android.gm/com.google.android.gm.widget.GmailWidgetProvider}), info: PendingAddWidgetInfo(id=-1 type=WIDGET container=# com.android.launcher3.logger.LauncherAtom$ContainerInfo@7ba6f targetComponent=ComponentInfo{org.telegram.messenger/org.telegram.messenger.ChatsWidgetProvider} screen=-1 cell(-1,-1) span(4,2) minSpan(3,1) rank=0 rankOfList=-1 user=UserHandle{0} title=null hidden=0 screenType=0 componentName=ComponentInfo{org.telegram.messenger/org.telegram.messenger.ChatsWidgetProvider}), info: PendingAddWidgetInfo(id=-1 type=WIDGET container=# com.android.launcher3.logger.LauncherAtom$ContainerInfo@7ba6f targetComponent=ComponentInfo{com.football.app.android/com.sportybet.android.appwidgets.ShortcutWidget} screen=-1 cell(-1,-1) span(4,1) minSpan(1,1) rank=0 rankOfList=-1 user=UserHandle{0} title=null hidden=0 screenType=0 componentName=ComponentInfo{com.football.app.android/com.sportybet.android.appwidgets.ShortcutWidget}), info: PendingAddWidgetInfo(id=-1 type=WIDGET container=# com.android.launcher3.logger.LauncherAtom$ContainerInfo@7ba6f targetComponent=ComponentInfo{org.mozilla.firefox/org.mozilla.gecko.search.SearchWidgetProvider} screen=-1 cell(-1,-1) span(4,1) minSpan(1,1) rank=0 rankOfList=-1 user=UserHandle{0} title=null hidden=0 screenType=0 componentName=ComponentInfo{org.mozilla.firefox/org.mozilla.gecko.search.SearchWidgetProvider}), info: PendingAddWidgetInfo(id=-1 type=WIDGET container=# com.android.launcher3.logger.LauncherAtom$ContainerInfo@7ba6f targetComponent=ComponentInfo{com.whatsapp.w4b/com.whatsapp.appwidget.WidgetProvider} screen=-1 cell(-1,-1) span(4,2) minSpan(1,1) rank=0 rankOfList=-1 user=UserHandle{0} title=null hidden=0 screenType=0 componentName=ComponentInfo{com.whatsapp.w4b/com.whatsapp.appwidget.WidgetProvider}), info: PendingAddWidgetInfo(id=-1 type=WIDGET container=# com.android.launcher3.logger.LauncherAtom$ContainerInfo@7ba6f targetComponent=ComponentInfo{com.bybit.app/com.bybit.pro.widget.market.MarketSmallWidget} screen=-1 cell(-1,-1) span(2,3) minSpan(2,3) rank=0 rankOfList=-1 user=UserHandle{0} title=null hidden=0 screenType=0 componentName=ComponentInfo{com.bybit.app/com.bybit.pro.widget.market.MarketSmallWidget}), info: PendingAddWidgetInfo(id=-1 type=WIDGET container=# com.android.launcher3.logger.LauncherAtom$ContainerInfo@7ba6f targetComponent=ComponentInfo{com.tradingview.tradi
01-29 14:48:23.246 I/Finsky  (16686): [2] Memory trim requested to level 40
01-29 14:48:23.244 I/GpsSessionManager_FLP( 3204): arrangeInvalidSessions
01-29 14:48:23.246 I/Finsky  (16686): [2] Flushing in-memory image cache
01-29 14:48:23.248 I/bopg    (12144): onPause
01-29 14:48:23.249 E/SurfaceFlinger( 1019): Attempt to update InputPolicyFlags without permission ACCESS_SURFACE_FLINGER
01-29 14:48:23.250 W/fbservices-stub:InitStatus( 1763): Not blocking Service (95713860)
01-29 14:48:23.250 D/SystemUIService( 2286): SYSUI_RAM_OPTIMIZATION onTrimMemory=5
01-29 14:48:23.250 D/StatusBar( 2286): SYSUI_RAM_OPTIMIZATION onTrimMemory=5
01-29 14:48:23.250 D/SystemUIService( 2286): onTrimMemory : 5
01-29 14:48:23.251 I/cr_BindingManager( 6972): onTrimMemory: level=40, size=0
01-29 14:48:23.252 I/Gallery (18121): [ 581:  GalleryApplication] onTrimMemory(40) 141MB +0
01-29 14:48:23.254 I/HYPER-HAL(  928): [RequestManager.cpp]releaseLocked(): Released ID : 1255553
01-29 14:48:23.262 I/CameraService( 1161): onUidStateChanged: uid=10648, procState is changed. (6 -> 10)
01-29 14:48:23.266 I/SurfaceFlinger( 1019): id=39853 Removed com.sec.android.app.launcher/com.sec.android.app.launcher.activities.LauncherActivity$_2785#0 (135)
01-29 14:48:23.266 E/SurfaceFlinger( 1019): Attempt to update InputPolicyFlags without permission ACCESS_SURFACE_FLINGER
01-29 14:48:23.266 I/WindowManager( 1351): Reparenting to original parent: Surface(name=ActivityRecord{4716f9a u0 com.asc.markets/.MainActivity t11112})/@0x6dcd850, destroy=true, surface=Surface(name=5f41568 Splash Screen com.asc.markets)/@0x4e92447
01-29 14:48:23.266 I/Layer   ( 1019): id=39853 Destroyed com.sec.android.app.launcher/com.sec.android.app.launcher.activities.LauncherActivity$_2785#0
01-29 14:48:23.266 I/Layer   ( 1019): id=39856 Destroyed OneUiHome-BlurLayer#0
01-29 14:48:23.266 E/WindowManager( 1351): win=Window{5f41568 u0 Splash Screen com.asc.markets EXITING} destroySurfaces: appStopped=false win.mWindowRemovalAllowed=true win.mRemoveOnExit=true win.mViewVisibility=8 caller=com.android.server.wm.ActivityRecord.destroySurfaces:5867 com.android.server.wm.ActivityRecord.destroySurfaces:5848 com.android.server.wm.WindowState.onExitAnimationDone:5983 com.android.server.wm.WindowStateAnimator.onAnimationFinished:242 com.android.server.wm.WindowState.onAnimationFinished:6236 com.android.server.wm.WindowContainer$$ExternalSyntheticLambda0.onAnimationFinished:2 com.android.server.wm.SurfaceAnimator.lambda$getFinishedCallback$0$SurfaceAnimator:113 
01-29 14:48:23.267 I/WindowManager( 1351): Destroying surface Surface(name=Splash Screen com.asc.markets$_2286)/@0xdb4f355 called by com.android.server.wm.WindowStateAnimator.destroySurface:987 com.android.server.wm.WindowStateAnimator.destroySurfaceLocked:518 com.android.server.wm.WindowState.destroySurfaceUnchecked:4229 com.android.server.wm.WindowState.destroySurface:4203 com.android.server.wm.ActivityRecord.destroySurfaces:5867 com.android.server.wm.ActivityRecord.destroySurfaces:5848 com.android.server.wm.WindowState.onExitAnimationDone:5983 com.android.server.wm.WindowStateAnimator.onAnimationFinished:242 
01-29 14:48:23.269 I/ActivityManager( 1351): Process com.android.settings:remote (pid 17648) has died: cch+35 CEM (133,2520)
01-29 14:48:23.270 I/HYPER-HAL(  928): [RequestManager.cpp]releaseLocked(): Released ID : 11056768
01-29 14:48:23.270 I/libprocessgroup( 1351): Successfully killed process cgroup uid 1000 pid 17648 in 0ms
01-29 14:48:23.277 E/nre     (31952): BlockableFutures: Cannot block on non-blocking thread
01-29 14:48:23.277 E/nre     (31952): java.lang.IllegalStateException: Cannot block on non-blocking thread: BG Thread #1
01-29 14:48:23.277 E/nre     (31952): 	at ajan.b(PG:109)
01-29 14:48:23.277 E/nre     (31952): 	at ajan.a(PG:1)
01-29 14:48:23.277 E/nre     (31952): 	at pho.a(PG:173)
01-29 14:48:23.277 E/nre     (31952): 	at vmm.f(PG:228)
01-29 14:48:23.277 E/nre     (31952): 	at vmj.b(PG:911)
01-29 14:48:23.277 E/nre     (31952): 	at cays.w(PG:12)
01-29 14:48:23.277 E/nre     (31952): 	at cbgm.run(PG:107)
01-29 14:48:23.277 E/nre     (31952): 	at bmmd.run(PG:588)
01-29 14:48:23.277 E/nre     (31952): 	at ajad.run(PG:7)
01-29 14:48:23.277 E/nre     (31952): 	at brdg.run(PG:44)
01-29 14:48:23.277 E/nre     (31952): 	at inb.run(PG:469)
01-29 14:48:23.277 E/nre     (31952): 	at java.lang.Thread.run(Thread.java:1563)
01-29 14:48:23.277 E/nre     (31952): 	at ajau.run(PG:61)
01-29 14:48:23.278 I/AppOps  ( 1351): updateUidProcState uid: 10205 procState: 3 capability:15
01-29 14:48:23.279 I/CameraService( 1161): onUidStateChanged: uid=10205, procState is changed. (5 -> 3)
01-29 14:48:23.282 I/Layer   ( 1019): id=39862 removedFromDrawingState Splash Screen com.asc.markets$_2286#0 (133)
01-29 14:48:23.283 I/Layer   ( 1019): id=39861 removedFromDrawingState 5f41568 Splash Screen com.asc.markets#0 (133)
01-29 14:48:23.283 I/Layer   ( 1019): id=39873 removedFromDrawingState Surface(name=5f41568 Splash Screen com.asc.markets)/@0x4e92447 - animation-leash of window_animation#0 (133)
01-29 14:48:23.283 E/SurfaceFlinger( 1019): Attempt to update InputPolicyFlags without permission ACCESS_SURFACE_FLINGER
01-29 14:48:23.283 I/SurfaceFlinger( 1019): id=39861 Removed 5f41568 Splash Screen com.asc.markets#0 (133)
01-29 14:48:23.283 I/SurfaceFlinger( 1019): id=39862 Removed Splash Screen com.asc.markets$_2286#0 (133)
01-29 14:48:23.283 I/SurfaceFlinger( 1019): id=39873 Removed Surface(name=5f41568 Splash Screen com.asc.markets)/@0x4e92447 - animation-leash of window_animation#0 (133)
01-29 14:48:23.283 I/Layer   ( 1019): id=39873 Destroyed Surface(name=5f41568 Splash Screen com.asc.markets)/@0x4e92447 - animation-leash of window_animation#0
01-29 14:48:23.283 I/Layer   ( 1019): id=39861 Destroyed 5f41568 Splash Screen com.asc.markets#0
01-29 14:48:23.284 I/Layer   ( 1019): id=39862 Destroyed Splash Screen com.asc.markets$_2286#0
01-29 14:48:23.285 D/SurfaceFlinger( 1019): Display 4630947232161729153 HWC layers:
01-29 14:48:23.285 D/SurfaceFlinger( 1019):      DEVICE | 0xb400007a5a917830 | 0102 | RGBA_8888    |    0.0    0.0 1080.0 2400.0 |    0    0 1080 2400 | com.asc.markets/com.asc.markets.MainActivity$_17870#0
01-29 14:48:23.285 D/SurfaceFlinger( 1019):      DEVICE | 0xb400007a5a8f2bd0 | 0100 | RGBA_8888    |    0.0    0.0 1080.0   91.0 |    0    0 1080   91 | StatusBar$_2286#0
01-29 14:48:23.285 D/SurfaceFlinger( 1019):      DEVICE | 0xb400007a5a914230 | 0100 | RGBA_8888    |    0.0    0.0 1080.0  126.0 |    0 2274 1080 2400 | NavigationBar0$_2286#0
01-29 14:48:23.285 D/SurfaceFlinger( 1019): 
01-29 14:48:23.295 I/CameraService( 1161): onUidStateChanged: uid=10648, procState is changed. (10 -> 6)
01-29 14:48:23.298 I/FontLog ( 7646): (REDACTED) Received query %s, URI %s
01-29 14:48:23.298 I/FontLog ( 7646): (REDACTED) Query [%s] resolved to %s
01-29 14:48:23.299 E/SurfaceFlinger( 1019): Attempt to update InputPolicyFlags without permission ACCESS_SURFACE_FLINGER
01-29 14:48:23.299 I/FontLog ( 7646): (REDACTED) Fetch %s end status %s
01-29 14:48:23.304 I/FontLog ( 7646): (REDACTED) Pulling font file for id = %d, cache size = %d
01-29 14:48:23.316 E/SurfaceFlinger( 1019): Attempt to update InputPolicyFlags without permission ACCESS_SURFACE_FLINGER
01-29 14:48:23.317 I/FontLog ( 7646): (REDACTED) Pulling font file for id = %d, cache size = %d
01-29 14:48:23.333 E/SurfaceFlinger( 1019): Attempt to update InputPolicyFlags without permission ACCESS_SURFACE_FLINGER
01-29 14:48:23.345 D/MdnieScenarioControlService( 1351):  packageName : com.asc.markets    className : com.asc.markets.MainActivity
01-29 14:48:23.346 V/MdnieScenarioControlService( 1351): setUIMode from UI function(3)
01-29 14:48:23.349 E/SurfaceFlinger( 1019): Attempt to update InputPolicyFlags without permission ACCESS_SURFACE_FLINGER
01-29 14:48:23.358 E/nre     (31952): BlockableFutures: Cannot block on non-blocking thread
01-29 14:48:23.358 E/nre     (31952): java.lang.IllegalStateException: Cannot block on non-blocking thread: BG Thread #1
01-29 14:48:23.358 E/nre     (31952): 	at ajan.b(PG:109)
01-29 14:48:23.358 E/nre     (31952): 	at ajan.a(PG:1)
01-29 14:48:23.358 E/nre     (31952): 	at pho.a(PG:173)
01-29 14:48:23.358 E/nre     (31952): 	at vmm.f(PG:228)
01-29 14:48:23.358 E/nre     (31952): 	at vmj.b(PG:911)
01-29 14:48:23.358 E/nre     (31952): 	at cays.w(PG:12)
01-29 14:48:23.358 E/nre     (31952): 	at cbgm.run(PG:107)
01-29 14:48:23.358 E/nre     (31952): 	at bmmd.run(PG:588)
01-29 14:48:23.358 E/nre     (31952): 	at ajad.run(PG:7)
01-29 14:48:23.358 E/nre     (31952): 	at brdg.run(PG:44)
01-29 14:48:23.358 E/nre     (31952): 	at inb.run(PG:469)
01-29 14:48:23.358 E/nre     (31952): 	at java.lang.Thread.run(Thread.java:1563)
01-29 14:48:23.358 E/nre     (31952): 	at ajau.run(PG:61)
01-29 14:48:23.366 E/SurfaceFlinger( 1019): Attempt to update InputPolicyFlags without permission ACCESS_SURFACE_FLINGER
01-29 14:48:23.382 E/SurfaceFlinger( 1019): Attempt to update InputPolicyFlags without permission ACCESS_SURFACE_FLINGER
01-29 14:48:23.398 E/nre     (31952): BlockableFutures: Cannot block on non-blocking thread
01-29 14:48:23.398 E/nre     (31952): java.lang.IllegalStateException: Cannot block on non-blocking thread: BG Thread #1
01-29 14:48:23.398 E/nre     (31952): 	at ajan.b(PG:109)
01-29 14:48:23.398 E/nre     (31952): 	at ajan.a(PG:1)
01-29 14:48:23.398 E/nre     (31952): 	at pho.a(PG:173)
01-29 14:48:23.398 E/nre     (31952): 	at vmm.f(PG:228)
01-29 14:48:23.398 E/nre     (31952): 	at vmj.b(PG:911)
01-29 14:48:23.398 E/nre     (31952): 	at cays.w(PG:12)
01-29 14:48:23.398 E/nre     (31952): 	at cbgm.run(PG:107)
01-29 14:48:23.398 E/nre     (31952): 	at bmmd.run(PG:588)
01-29 14:48:23.398 E/nre     (31952): 	at ajad.run(PG:7)
01-29 14:48:23.398 E/nre     (31952): 	at brdg.run(PG:44)
01-29 14:48:23.398 E/nre     (31952): 	at inb.run(PG:469)
01-29 14:48:23.398 E/nre     (31952): 	at java.lang.Thread.run(Thread.java:1563)
01-29 14:48:23.398 E/nre     (31952): 	at ajau.run(PG:61)
01-29 14:48:23.399 E/SurfaceFlinger( 1019): Attempt to update InputPolicyFlags without permission ACCESS_SURFACE_FLINGER
01-29 14:48:23.416 E/SurfaceFlinger( 1019): Attempt to update InputPolicyFlags without permission ACCESS_SURFACE_FLINGER
01-29 14:48:23.424 D/PowerManagerService( 1351): displayReady: false groupId=0
01-29 14:48:23.424 D/DisplayPowerController[0]( 1351): animateScreenStateChange: target=2, mLogicalDisplay.isEnabled()=true
01-29 14:48:23.424 D/DisplayPowerController[0]( 1351): getFinalBrightness : [maxBrightness = 201 (0.79) -> 196 (0.77)] 
01-29 14:48:23.424 D/DisplayPowerController[0]( 1351): getFinalBrightness : Summary is 201 (0.79) -> 196 (0.77)
01-29 14:48:23.424 D/DisplayPowerController[0]( 1351): Animating brightness: target=196 (0.77), sdrTarget=0.76862746, rate=0.0(hbm:0.0) mDisplayId=0, (PSM:, AB limit:(  0 (-1.00) ~   0 (-1.00)) MB Limit:( -1 (NaN) ~ 196 (0.77)), sf=1.0
01-29 14:48:23.425 D/DisplayPowerController[0]( 1351): animateScreenStateChange: target=2, mLogicalDisplay.isEnabled()=true
01-29 14:48:23.425 D/DisplayPowerController[0]( 1351): getFinalBrightness : [maxBrightness = 201 (0.79) -> 196 (0.77)] 
01-29 14:48:23.425 D/DisplayPowerController[0]( 1351): getFinalBrightness : Summary is 201 (0.79) -> 196 (0.77)
01-29 14:48:23.425 D/PowerManagerService( 1351): displayReady: true groupId=0
01-29 14:48:23.425 D/BrightnessHandler( 1351): inject brightness = 196.0, Brightness: 0.76862746
01-29 14:48:23.426 I/sensors-hal(  925): inject_sensor_data:64, brightness:196.000000
01-29 14:48:23.426 I/SSC_DAEMON(  967): physical_sensor_test_req_msg Sensor type :4, Msg type:11
01-29 14:48:23.426 D/BrightnessHandler( 1351): inject brightness = 196.0, Brightness: 0.76862746
01-29 14:48:23.426 D/BrightnessHandler( 1351): inject brightness = 196.0, Brightness: 0.76862746
01-29 14:48:23.427 D/BrightnessHandler( 1351): inject brightness = 196.0, Brightness: 0.76862746
01-29 14:48:23.427 I/SehLight(  930): lcd : 196+
01-29 14:48:23.428 I/SehLight(  930): lcd : 196-
01-29 14:48:23.432 E/SurfaceFlinger( 1019): Attempt to update InputPolicyFlags without permission ACCESS_SURFACE_FLINGER
01-29 14:48:23.437 I/SSC_DAEMON(  967): aor_event done
01-29 14:48:23.447 E/nre     (31952): BlockableFutures: Cannot block on non-blocking thread
01-29 14:48:23.447 E/nre     (31952): java.lang.IllegalStateException: Cannot block on non-blocking thread: BG Thread #1
01-29 14:48:23.447 E/nre     (31952): 	at ajan.b(PG:109)
01-29 14:48:23.447 E/nre     (31952): 	at ajan.a(PG:1)
01-29 14:48:23.447 E/nre     (31952): 	at pho.a(PG:173)
01-29 14:48:23.447 E/nre     (31952): 	at vmm.f(PG:228)
01-29 14:48:23.447 E/nre     (31952): 	at vmj.b(PG:911)
01-29 14:48:23.447 E/nre     (31952): 	at cays.w(PG:12)
01-29 14:48:23.447 E/nre     (31952): 	at cbgm.run(PG:107)
01-29 14:48:23.447 E/nre     (31952): 	at bmmd.run(PG:588)
01-29 14:48:23.447 E/nre     (31952): 	at ajad.run(PG:7)
01-29 14:48:23.447 E/nre     (31952): 	at brdg.run(PG:44)
01-29 14:48:23.447 E/nre     (31952): 	at inb.run(PG:469)
01-29 14:48:23.447 E/nre     (31952): 	at java.lang.Thread.run(Thread.java:1563)
01-29 14:48:23.447 E/nre     (31952): 	at ajau.run(PG:61)
01-29 14:48:23.449 E/SurfaceFlinger( 1019): Attempt to update InputPolicyFlags without permission ACCESS_SURFACE_FLINGER
01-29 14:48:23.450 V/MdnieScenarioControlService( 1351): mAclOffEnabled : false mAclPreviewState : false mAclCompensationState : false
01-29 14:48:23.465 E/SurfaceFlinger( 1019): Attempt to update InputPolicyFlags without permission ACCESS_SURFACE_FLINGER
01-29 14:48:23.482 E/SurfaceFlinger( 1019): Attempt to update InputPolicyFlags without permission ACCESS_SURFACE_FLINGER
01-29 14:48:23.485 E/nre     (31952): BlockableFutures: Cannot block on non-blocking thread
01-29 14:48:23.485 E/nre     (31952): java.lang.IllegalStateException: Cannot block on non-blocking thread: BG Thread #1
01-29 14:48:23.485 E/nre     (31952): 	at ajan.b(PG:109)
01-29 14:48:23.485 E/nre     (31952): 	at ajan.a(PG:1)
01-29 14:48:23.485 E/nre     (31952): 	at pho.a(PG:173)
01-29 14:48:23.485 E/nre     (31952): 	at vmm.f(PG:228)
01-29 14:48:23.485 E/nre     (31952): 	at vmj.b(PG:911)
01-29 14:48:23.485 E/nre     (31952): 	at cays.w(PG:12)
01-29 14:48:23.485 E/nre     (31952): 	at cbgm.run(PG:107)
01-29 14:48:23.485 E/nre     (31952): 	at bmmd.run(PG:588)
01-29 14:48:23.485 E/nre     (31952): 	at ajad.run(PG:7)
01-29 14:48:23.485 E/nre     (31952): 	at brdg.run(PG:44)
01-29 14:48:23.485 E/nre     (31952): 	at inb.run(PG:469)
01-29 14:48:23.485 E/nre     (31952): 	at java.lang.Thread.run(Thread.java:1563)
01-29 14:48:23.485 E/nre     (31952): 	at ajau.run(PG:61)
01-29 14:48:23.499 E/SurfaceFlinger( 1019): Attempt to update InputPolicyFlags without permission ACCESS_SURFACE_FLINGER
01-29 14:48:23.515 E/SurfaceFlinger( 1019): Attempt to update InputPolicyFlags without permission ACCESS_SURFACE_FLINGER
01-29 14:48:23.527 E/nre     (31952): BlockableFutures: Cannot block on non-blocking thread
01-29 14:48:23.527 E/nre     (31952): java.lang.IllegalStateException: Cannot block on non-blocking thread: BG Thread #1
01-29 14:48:23.527 E/nre     (31952): 	at ajan.b(PG:109)
01-29 14:48:23.527 E/nre     (31952): 	at ajan.a(PG:1)
01-29 14:48:23.527 E/nre     (31952): 	at pho.a(PG:173)
01-29 14:48:23.527 E/nre     (31952): 	at vmm.f(PG:228)
01-29 14:48:23.527 E/nre     (31952): 	at vmj.b(PG:911)
01-29 14:48:23.527 E/nre     (31952): 	at cays.w(PG:12)
01-29 14:48:23.527 E/nre     (31952): 	at cbgm.run(PG:107)
01-29 14:48:23.527 E/nre     (31952): 	at bmmd.run(PG:588)
01-29 14:48:23.527 E/nre     (31952): 	at ajad.run(PG:7)
01-29 14:48:23.527 E/nre     (31952): 	at brdg.run(PG:44)
01-29 14:48:23.527 E/nre     (31952): 	at inb.run(PG:469)
01-29 14:48:23.527 E/nre     (31952): 	at java.lang.Thread.run(Thread.java:1563)
01-29 14:48:23.527 E/nre     (31952): 	at ajau.run(PG:61)
01-29 14:48:23.532 E/SurfaceFlinger( 1019): Attempt to update InputPolicyFlags without permission ACCESS_SURFACE_FLINGER
01-29 14:48:23.547 I/bopg    (12144): onStop
01-29 14:48:23.549 E/SurfaceFlinger( 1019): Attempt to update InputPolicyFlags without permission ACCESS_SURFACE_FLINGER
01-29 14:48:23.565 E/SurfaceFlinger( 1019): Attempt to update InputPolicyFlags without permission ACCESS_SURFACE_FLINGER
01-29 14:48:23.574 E/nre     (31952): BlockableFutures: Cannot block on non-blocking thread
01-29 14:48:23.574 E/nre     (31952): java.lang.IllegalStateException: Cannot block on non-blocking thread: BG Thread #0
01-29 14:48:23.574 E/nre     (31952): 	at ajan.b(PG:109)
01-29 14:48:23.574 E/nre     (31952): 	at ajan.a(PG:1)
01-29 14:48:23.574 E/nre     (31952): 	at pho.a(PG:173)
01-29 14:48:23.574 E/nre     (31952): 	at vmm.f(PG:228)
01-29 14:48:23.574 E/nre     (31952): 	at vmj.b(PG:911)
01-29 14:48:23.574 E/nre     (31952): 	at cays.w(PG:12)
01-29 14:48:23.574 E/nre     (31952): 	at cbgm.run(PG:107)
01-29 14:48:23.574 E/nre     (31952): 	at bmmd.run(PG:588)
01-29 14:48:23.574 E/nre     (31952): 	at ajad.run(PG:7)
01-29 14:48:23.574 E/nre     (31952): 	at brdg.run(PG:44)
01-29 14:48:23.574 E/nre     (31952): 	at inb.run(PG:469)
01-29 14:48:23.574 E/nre     (31952): 	at java.lang.Thread.run(Thread.java:1563)
01-29 14:48:23.574 E/nre     (31952): 	at ajau.run(PG:61)
01-29 14:48:23.582 E/SurfaceFlinger( 1019): Attempt to update InputPolicyFlags without permission ACCESS_SURFACE_FLINGER
01-29 14:48:23.599 E/SurfaceFlinger( 1019): Attempt to update InputPolicyFlags without permission ACCESS_SURFACE_FLINGER
01-29 14:48:23.614 D/MobileStatusTracker(0/2)( 2286): onSignalStrengthsChanged signalStrength=SignalStrength:{mCdma=Invalid,mGsm=Invalid,mWcdma=Invalid,mTdscdma=Invalid,mLte=CellSignalStrengthLte: rssi=-61 rsrp=-93 rsrq=-13 rssnr=11 cqiTableIndex=2147483647 cqi=2147483647 ta=2147483647 level=4 parametersUseForLevel=0,mNr=Invalid,SignalBarInfo{ lteLevel=4 },rat=14,primary=CellSignalStrengthLte} level=4
01-29 14:48:23.614 D/CscParser( 2286): OMC path : /optics/configs/carriers/INS/conf/customer.xml
01-29 14:48:23.615 I/CscParser( 2286): getCustomerPath : omc customer file can read
01-29 14:48:23.615 E/CscParser( 2286): update(): xml file exist
01-29 14:48:23.615 E/SurfaceFlinger( 1019): Attempt to update InputPolicyFlags without permission ACCESS_SURFACE_FLINGER
01-29 14:48:23.624 D/PowerManagerService( 1351): displayReady: false groupId=0
01-29 14:48:23.624 D/DisplayPowerController[0]( 1351): animateScreenStateChange: target=2, mLogicalDisplay.isEnabled()=true
01-29 14:48:23.624 D/DisplayPowerController[0]( 1351): getFinalBrightness : [maxBrightness = 201 (0.79) -> 195 (0.76)] 
01-29 14:48:23.624 D/DisplayPowerController[0]( 1351): getFinalBrightness : Summary is 201 (0.79) -> 195 (0.76)
01-29 14:48:23.624 D/DisplayPowerController[0]( 1351): Animating brightness: target=195 (0.76), sdrTarget=0.7647059, rate=0.0(hbm:0.0) mDisplayId=0, (PSM:, AB limit:(  0 (-1.00) ~   0 (-1.00)) MB Limit:( -1 (NaN) ~ 195 (0.76)), sf=1.0
01-29 14:48:23.625 D/DisplayPowerController[0]( 1351): animateScreenStateChange: target=2, mLogicalDisplay.isEnabled()=true
01-29 14:48:23.625 D/DisplayPowerController[0]( 1351): getFinalBrightness : [maxBrightness = 201 (0.79) -> 195 (0.76)] 
01-29 14:48:23.625 D/DisplayPowerController[0]( 1351): getFinalBrightness : Summary is 201 (0.79) -> 195 (0.76)
01-29 14:48:23.625 D/PowerManagerService( 1351): displayReady: true groupId=0
01-29 14:48:23.625 D/BrightnessHandler( 1351): inject brightness = 195.0, Brightness: 0.7647059
01-29 14:48:23.626 I/sensors-hal(  925): inject_sensor_data:64, brightness:195.000000
01-29 14:48:23.627 I/SSC_DAEMON(  967): physical_sensor_test_req_msg Sensor type :4, Msg type:11
01-29 14:48:23.627 D/BrightnessHandler( 1351): inject brightness = 195.0, Brightness: 0.7647059
01-29 14:48:23.628 D/BrightnessHandler( 1351): inject brightness = 195.0, Brightness: 0.7647059
01-29 14:48:23.629 D/NetworkController( 2286): SignalStrength from intent slotId=0
01-29 14:48:23.630 D/BrightnessHandler( 1351): inject brightness = 195.0, Brightness: 0.7647059
01-29 14:48:23.632 I/SehLight(  930): lcd : 195+
01-29 14:48:23.632 E/SurfaceFlinger( 1019): Attempt to update InputPolicyFlags without permission ACCESS_SURFACE_FLINGER
01-29 14:48:23.632 I/HYPER-HAL(  928): [RequestManager.cpp]releaseLocked(): Released ID : 933676
01-29 14:48:23.638 I/SSC_DAEMON(  967): aor_event done
01-29 14:48:23.645 I/SehLight(  930): lcd : 195-
01-29 14:48:23.649 E/SurfaceFlinger( 1019): Attempt to update InputPolicyFlags without permission ACCESS_SURFACE_FLINGER
01-29 14:48:23.649 E/nre     (31952): BlockableFutures: Cannot block on non-blocking thread
01-29 14:48:23.649 E/nre     (31952): java.lang.IllegalStateException: Cannot block on non-blocking thread: BG Thread #0
01-29 14:48:23.649 E/nre     (31952): 	at ajan.b(PG:109)
01-29 14:48:23.649 E/nre     (31952): 	at ajan.a(PG:1)
01-29 14:48:23.649 E/nre     (31952): 	at pho.a(PG:173)
01-29 14:48:23.649 E/nre     (31952): 	at vmm.f(PG:228)
01-29 14:48:23.649 E/nre     (31952): 	at vmj.b(PG:911)
01-29 14:48:23.649 E/nre     (31952): 	at cays.w(PG:12)
01-29 14:48:23.649 E/nre     (31952): 	at cbgm.run(PG:107)
01-29 14:48:23.649 E/nre     (31952): 	at bmmd.run(PG:588)
01-29 14:48:23.649 E/nre     (31952): 	at ajad.run(PG:7)
01-29 14:48:23.649 E/nre     (31952): 	at brdg.run(PG:44)
01-29 14:48:23.649 E/nre     (31952): 	at inb.run(PG:469)
01-29 14:48:23.649 E/nre     (31952): 	at java.lang.Thread.run(Thread.java:1563)
01-29 14:48:23.649 E/nre     (31952): 	at ajau.run(PG:61)
01-29 14:48:23.661 D/SGM:GameManager( 1351): identifyForegroundApp. com.asc.markets, mCurrentUserId: 0, callerUserId: 0
01-29 14:48:23.661 D/SGM:PkgDataHelper( 1351): getGamePkgData(). com.asc.markets
01-29 14:48:23.661 D/SGM:SemGameManager( 1351): isForegroundGame(), ret=false
01-29 14:48:23.662 D/TspStateManager( 1351): update cmd=set_grip_data,1,45,7,15,720,15,2400
01-29 14:48:23.665 E/SurfaceFlinger( 1019): Attempt to update InputPolicyFlags without permission ACCESS_SURFACE_FLINGER
01-29 14:48:23.682 E/SurfaceFlinger( 1019): Attempt to update InputPolicyFlags without permission ACCESS_SURFACE_FLINGER
01-29 14:48:23.687 E/nre     (31952): BlockableFutures: Cannot block on non-blocking thread
01-29 14:48:23.687 E/nre     (31952): java.lang.IllegalStateException: Cannot block on non-blocking thread: BG Thread #0
01-29 14:48:23.687 E/nre     (31952): 	at ajan.b(PG:109)
01-29 14:48:23.687 E/nre     (31952): 	at ajan.a(PG:1)
01-29 14:48:23.687 E/nre     (31952): 	at pho.a(PG:173)
01-29 14:48:23.687 E/nre     (31952): 	at vmm.f(PG:228)
01-29 14:48:23.687 E/nre     (31952): 	at vmj.b(PG:911)
01-29 14:48:23.687 E/nre     (31952): 	at cays.w(PG:12)
01-29 14:48:23.687 E/nre     (31952): 	at cbgm.run(PG:107)
01-29 14:48:23.687 E/nre     (31952): 	at bmmd.run(PG:588)
01-29 14:48:23.687 E/nre     (31952): 	at ajad.run(PG:7)
01-29 14:48:23.687 E/nre     (31952): 	at brdg.run(PG:44)
01-29 14:48:23.687 E/nre     (31952): 	at inb.run(PG:469)
01-29 14:48:23.687 E/nre     (31952): 	at java.lang.Thread.run(Thread.java:1563)
01-29 14:48:23.687 E/nre     (31952): 	at ajau.run(PG:61)
01-29 14:48:23.699 E/SurfaceFlinger( 1019): Attempt to update InputPolicyFlags without permission ACCESS_SURFACE_FLINGER
01-29 14:48:23.715 E/SurfaceFlinger( 1019): Attempt to update InputPolicyFlags without permission ACCESS_SURFACE_FLINGER
01-29 14:48:23.726 E/nre     (31952): BlockableFutures: Cannot block on non-blocking thread
01-29 14:48:23.726 E/nre     (31952): java.lang.IllegalStateException: Cannot block on non-blocking thread: BG Thread #0
01-29 14:48:23.726 E/nre     (31952): 	at ajan.b(PG:109)
01-29 14:48:23.726 E/nre     (31952): 	at ajan.a(PG:1)
01-29 14:48:23.726 E/nre     (31952): 	at pho.a(PG:173)
01-29 14:48:23.726 E/nre     (31952): 	at vmm.f(PG:228)
01-29 14:48:23.726 E/nre     (31952): 	at vmj.b(PG:911)
01-29 14:48:23.726 E/nre     (31952): 	at cays.w(PG:12)
01-29 14:48:23.726 E/nre     (31952): 	at cbgm.run(PG:107)
01-29 14:48:23.726 E/nre     (31952): 	at bmmd.run(PG:588)
01-29 14:48:23.726 E/nre     (31952): 	at ajad.run(PG:7)
01-29 14:48:23.726 E/nre     (31952): 	at brdg.run(PG:44)
01-29 14:48:23.726 E/nre     (31952): 	at inb.run(PG:469)
01-29 14:48:23.726 E/nre     (31952): 	at java.lang.Thread.run(Thread.java:1563)
01-29 14:48:23.726 E/nre     (31952): 	at ajau.run(PG:61)
01-29 14:48:23.732 E/SurfaceFlinger( 1019): Attempt to update InputPolicyFlags without permission ACCESS_SURFACE_FLINGER
01-29 14:48:23.749 E/SurfaceFlinger( 1019): Attempt to update InputPolicyFlags without permission ACCESS_SURFACE_FLINGER
01-29 14:48:23.751 I/lmkd    (  567): 0(delay),0(swap), 50(freelimit) memory pressure events were skipped after a kill!
01-29 14:48:23.759 E/nre     (31952): BlockableFutures: Cannot block on non-blocking thread
01-29 14:48:23.759 E/nre     (31952): java.lang.IllegalStateException: Cannot block on non-blocking thread: BG Thread #0
01-29 14:48:23.759 E/nre     (31952): 	at ajan.b(PG:109)
01-29 14:48:23.759 E/nre     (31952): 	at ajan.a(PG:1)
01-29 14:48:23.759 E/nre     (31952): 	at pho.a(PG:173)
01-29 14:48:23.759 E/nre     (31952): 	at vmm.f(PG:228)
01-29 14:48:23.759 E/nre     (31952): 	at vmj.b(PG:911)
01-29 14:48:23.759 E/nre     (31952): 	at cays.w(PG:12)
01-29 14:48:23.759 E/nre     (31952): 	at cbgm.run(PG:107)
01-29 14:48:23.759 E/nre     (31952): 	at bmmd.run(PG:588)
01-29 14:48:23.759 E/nre     (31952): 	at ajad.run(PG:7)
01-29 14:48:23.759 E/nre     (31952): 	at brdg.run(PG:44)
01-29 14:48:23.759 E/nre     (31952): 	at inb.run(PG:469)
01-29 14:48:23.759 E/nre     (31952): 	at java.lang.Thread.run(Thread.java:1563)
01-29 14:48:23.759 E/nre     (31952): 	at ajau.run(PG:61)
01-29 14:48:23.765 E/SurfaceFlinger( 1019): Attempt to update InputPolicyFlags without permission ACCESS_SURFACE_FLINGER
01-29 14:48:23.782 E/SurfaceFlinger( 1019): Attempt to update InputPolicyFlags without permission ACCESS_SURFACE_FLINGER
01-29 14:48:23.795 I/HYPER-HAL(  928): [RequestManager.cpp]releaseLocked(): Released ID : 932309
01-29 14:48:23.798 D/CompatibilityChangeReporter( 1351): Compat change id reported: 135634846; UID 10480; state: DISABLED
01-29 14:48:23.798 D/CompatibilityChangeReporter( 1351): Compat change id reported: 177438394; UID 10480; state: DISABLED
01-29 14:48:23.798 D/CompatibilityChangeReporter( 1351): Compat change id reported: 135772972; UID 10480; state: DISABLED
01-29 14:48:23.798 D/CompatibilityChangeReporter( 1351): Compat change id reported: 143937733; UID 10480; state: ENABLED
01-29 14:48:23.798 E/SurfaceFlinger( 1019): Attempt to update InputPolicyFlags without permission ACCESS_SURFACE_FLINGER
01-29 14:48:23.806 D/Zygote  (  842): Forked child process 17977
01-29 14:48:23.806 I/ActivityManager( 1351): Start proc 17977:com.alibaba.intl.android.apps.poseidon:normal_render_proc0/u0a480 for service {com.alibaba.intl.android.apps.poseidon/com.taobao.uc.service.SandboxedProcessService0}
01-29 14:48:23.813 I/libc    (17977): SetHeapTaggingLevel: tag level set to 0
01-29 14:48:23.814 E/nre     (31952): BlockableFutures: Cannot block on non-blocking thread
01-29 14:48:23.814 E/nre     (31952): java.lang.IllegalStateException: Cannot block on non-blocking thread: BG Thread #0
01-29 14:48:23.814 E/nre     (31952): 	at ajan.b(PG:109)
01-29 14:48:23.814 E/nre     (31952): 	at ajan.a(PG:1)
01-29 14:48:23.814 E/nre     (31952): 	at pho.a(PG:173)
01-29 14:48:23.814 E/nre     (31952): 	at vmm.f(PG:228)
01-29 14:48:23.814 E/nre     (31952): 	at vmj.b(PG:911)
01-29 14:48:23.814 E/nre     (31952): 	at cays.w(PG:12)
01-29 14:48:23.814 E/nre     (31952): 	at cbgm.run(PG:107)
01-29 14:48:23.814 E/nre     (31952): 	at bmmd.run(PG:588)
01-29 14:48:23.814 E/nre     (31952): 	at ajad.run(PG:7)
01-29 14:48:23.814 E/nre     (31952): 	at brdg.run(PG:44)
01-29 14:48:23.814 E/nre     (31952): 	at inb.run(PG:469)
01-29 14:48:23.814 E/nre     (31952): 	at java.lang.Thread.run(Thread.java:1563)
01-29 14:48:23.814 E/nre     (31952): 	at ajau.run(PG:61)
01-29 14:48:23.815 E/SurfaceFlinger( 1019): Attempt to update InputPolicyFlags without permission ACCESS_SURFACE_FLINGER
01-29 14:48:23.816 D/io_stats(  618): !@   8,0 r 29718432 565426560 w 12982707 230632644 d 0 0 f 0 0 iot 9442870 0 th 0 0 0 pt 0 inp 0 0 128435.343
01-29 14:48:23.824 D/PowerManagerService( 1351): displayReady: false groupId=0
01-29 14:48:23.826 D/DisplayPowerController[0]( 1351): animateScreenStateChange: target=2, mLogicalDisplay.isEnabled()=true
01-29 14:48:23.826 I/al_render_proc(17977): Using CollectorTypeCC GC.
01-29 14:48:23.826 D/DisplayPowerController[0]( 1351): getFinalBrightness : [maxBrightness = 201 (0.79) -> 194 (0.76)] 
01-29 14:48:23.826 D/DisplayPowerController[0]( 1351): getFinalBrightness : Summary is 201 (0.79) -> 194 (0.76)
01-29 14:48:23.827 D/DisplayPowerController[0]( 1351): Animating brightness: target=194 (0.76), sdrTarget=0.76078427, rate=0.0(hbm:0.0) mDisplayId=0, (PSM:, AB limit:(  0 (-1.00) ~   0 (-1.00)) MB Limit:( -1 (NaN) ~ 194 (0.76)), sf=1.0
01-29 14:48:23.831 D/DisplayPowerController[0]( 1351): animateScreenStateChange: target=2, mLogicalDisplay.isEnabled()=true
01-29 14:48:23.831 D/BrightnessHandler( 1351): inject brightness = 194.0, Brightness: 0.76078427
01-29 14:48:23.831 D/DisplayPowerController[0]( 1351): getFinalBrightness : [maxBrightness = 201 (0.79) -> 194 (0.76)] 
01-29 14:48:23.831 D/DisplayPowerController[0]( 1351): getFinalBrightness : Summary is 201 (0.79) -> 194 (0.76)
01-29 14:48:23.832 E/SurfaceFlinger( 1019): Attempt to update InputPolicyFlags without permission ACCESS_SURFACE_FLINGER
01-29 14:48:23.833 E/USNET   (17977): USNET: appName: com.alibaba.intl.android.apps.poseidon:normal_render_proc0
01-29 14:48:23.834 D/ProcessState(17977): Binder ioctl to enable oneway spam detection failed: Invalid argument
01-29 14:48:23.835 I/sensors-hal(  925): inject_sensor_data:64, brightness:194.000000
01-29 14:48:23.836 I/SSC_DAEMON(  967): physical_sensor_test_req_msg Sensor type :4, Msg type:11
01-29 14:48:23.837 D/BrightnessHandler( 1351): inject brightness = 194.0, Brightness: 0.76078427
01-29 14:48:23.840 D/BrightnessHandler( 1351): inject brightness = 194.0, Brightness: 0.76078427
01-29 14:48:23.843 D/BrightnessHandler( 1351): inject brightness = 194.0, Brightness: 0.76078427
01-29 14:48:23.845 D/PowerManagerService( 1351): displayReady: true groupId=0
01-29 14:48:23.845 I/SehLight(  930): lcd : 194+
01-29 14:48:23.846 I/SehLight(  930): lcd : 194-
01-29 14:48:23.848 I/SSC_DAEMON(  967): aor_event done
01-29 14:48:23.848 E/SurfaceFlinger( 1019): Attempt to update InputPolicyFlags without permission ACCESS_SURFACE_FLINGER
01-29 14:48:23.858 D/ActivityThread(17977): setConscryptValidator
01-29 14:48:23.858 D/ActivityThread(17977): setConscryptValidator - put
01-29 14:48:23.862 D/CompatibilityChangeReporter( 1351): Compat change id reported: 168419799; UID 10480; state: DISABLED
01-29 14:48:23.863 I/ActivityManager( 1351): DSS OFF for com.alibaba.intl.android.apps.poseidon
01-29 14:48:23.865 E/SurfaceFlinger( 1019): Attempt to update InputPolicyFlags without permission ACCESS_SURFACE_FLINGER
01-29 14:48:23.874 D/ActivityManager( 1351): attachApplicationLocked() app=ProcessRecord{55e5d3 17977:com.alibaba.intl.android.apps.poseidon:normal_render_proc0/u0a480} app.isolatedEntryPoint=null instr2=null
01-29 14:48:23.882 E/SurfaceFlinger( 1019): Attempt to update InputPolicyFlags without permission ACCESS_SURFACE_FLINGER
01-29 14:48:23.883 D/ActivityThread(17977): handleBindApplication()++ app=com.alibaba.intl.android.apps.poseidon:normal_render_proc0
01-29 14:48:23.883 D/CompatibilityChangeReporter(17977): Compat change id reported: 171979766; UID 10480; state: ENABLED
01-29 14:48:23.898 E/SurfaceFlinger( 1019): Attempt to update InputPolicyFlags without permission ACCESS_SURFACE_FLINGER
01-29 14:48:23.903 E/nre     (31952): BlockableFutures: Cannot block on non-blocking thread
01-29 14:48:23.903 E/nre     (31952): java.lang.IllegalStateException: Cannot block on non-blocking thread: BG Thread #0
01-29 14:48:23.903 E/nre     (31952): 	at ajan.b(PG:109)
01-29 14:48:23.903 E/nre     (31952): 	at ajan.a(PG:1)
01-29 14:48:23.903 E/nre     (31952): 	at pho.a(PG:173)
01-29 14:48:23.903 E/nre     (31952): 	at vmm.f(PG:228)
01-29 14:48:23.903 E/nre     (31952): 	at vmj.b(PG:911)
01-29 14:48:23.903 E/nre     (31952): 	at cays.w(PG:12)
01-29 14:48:23.903 E/nre     (31952): 	at cbgm.run(PG:107)
01-29 14:48:23.903 E/nre     (31952): 	at bmmd.run(PG:588)
01-29 14:48:23.903 E/nre     (31952): 	at ajad.run(PG:7)
01-29 14:48:23.903 E/nre     (31952): 	at brdg.run(PG:44)
01-29 14:48:23.903 E/nre     (31952): 	at inb.run(PG:469)
01-29 14:48:23.903 E/nre     (31952): 	at java.lang.Thread.run(Thread.java:1563)
01-29 14:48:23.903 E/nre     (31952): 	at ajau.run(PG:61)
01-29 14:48:23.906 D/nativeloader(17977): Configuring clns-4 for other apk /system/framework/org.apache.http.legacy.jar. target_sdk_version=35, uses_libraries=ALL, library_path=/data/app/~~aDSOyfbFL9agtPJBtPF19g==/com.alibaba.intl.android.apps.poseidon-3tfUGPOz9UzoC_rvwmoWiA==/lib/arm64:/data/app/~~aDSOyfbFL9agtPJBtPF19g==/com.alibaba.intl.android.apps.poseidon-3tfUGPOz9UzoC_rvwmoWiA==/base.apk!/lib/arm64-v8a:/data/app/~~aDSOyfbFL9agtPJBtPF19g==/com.alibaba.intl.android.apps.poseidon-3tfUGPOz9UzoC_rvwmoWiA==/split_AiSoModule.apk!/lib/arm64-v8a:/data/app/~~aDSOyfbFL9agtPJBtPF19g==/com.alibaba.intl.android.apps.poseidon-3tfUGPOz9UzoC_rvwmoWiA==/split_AiSoModule.config.arm64_v8a.apk!/lib/arm64-v8a:/data/app/~~aDSOyfbFL9agtPJBtPF19g==/com.alibaba.intl.android.apps.poseidon-3tfUGPOz9UzoC_rvwmoWiA==/split_AiSoModule.config.xxhdpi.apk!/lib/arm64-v8a:/data/app/~~aDSOyfbFL9agtPJBtPF19g==/com.alibaba.intl.android.apps.poseidon-3tfUGPOz9UzoC_rvwmoWiA==/split_AliyunPlayerModule.apk!/lib/arm64-v8a:/data/app/~~aDSOyfbFL9agtPJBtPF19g==/com.alibaba.intl.android.app
01-29 14:48:23.906 D/nativeloader(17977): Extending system_exposed_libraries: libBeauty_v4.camera.samsung.so:libexifa.camera.samsung.so:libjpega.camera.samsung.so:libOpenCv.camera.samsung.so:libImageScreener.camera.samsung.so:libMyFilter.camera.samsung.so:libtensorflowLite.myfilter.camera.samsung.so:libtensorflowlite_inference_api.myfilter.camera.samsung.so:libEventFinder.camera.samsung.so:libSmartScan.camera.samsung.so:libRectify.camera.samsung.so:libDocRectifyWrapper.camera.samsung.so:libUltraWideDistortionCorrection.camera.samsung.so:libFacePreProcessing.camera.samsung.so:libHpr_RecGAE_cvFeature_v1.0.camera.samsung.so:libHprFace_GAE_api.camera.samsung.so:libFace_Landmark_API.camera.samsung.so:libHprFace_GAE_jni.camera.samsung.so:libFacialBasedSelfieCorrection.camera.samsung.so:libcolor_engine.camera.samsung.so:libDLInterface_hidl.camera.samsung.so:libImageTagger.camera.samsung.so:libSceneDetector_v1.camera.samsung.so:libQREngine_common.camera.samsung.so:libEventDetector.camera.samsung.so:libFood.camera.samsung.so:libFoodDetector.camera.samsung.so
01-29 14:48:23.915 E/SurfaceFlinger( 1019): Attempt to update InputPolicyFlags without permission ACCESS_SURFACE_FLINGER
01-29 14:48:23.925 D/nativeloader(17977): Configuring clns-5 for other apk /apex/com.android.extservices/javalib/android.ext.adservices.jar. target_sdk_version=35, uses_libraries=ALL, library_path=/data/app/~~aDSOyfbFL9agtPJBtPF19g==/com.alibaba.intl.android.apps.poseidon-3tfUGPOz9UzoC_rvwmoWiA==/lib/arm64:/data/app/~~aDSOyfbFL9agtPJBtPF19g==/com.alibaba.intl.android.apps.poseidon-3tfUGPOz9UzoC_rvwmoWiA==/base.apk!/lib/arm64-v8a:/data/app/~~aDSOyfbFL9agtPJBtPF19g==/com.alibaba.intl.android.apps.poseidon-3tfUGPOz9UzoC_rvwmoWiA==/split_AiSoModule.apk!/lib/arm64-v8a:/data/app/~~aDSOyfbFL9agtPJBtPF19g==/com.alibaba.intl.android.apps.poseidon-3tfUGPOz9UzoC_rvwmoWiA==/split_AiSoModule.config.arm64_v8a.apk!/lib/arm64-v8a:/data/app/~~aDSOyfbFL9agtPJBtPF19g==/com.alibaba.intl.android.apps.poseidon-3tfUGPOz9UzoC_rvwmoWiA==/split_AiSoModule.config.xxhdpi.apk!/lib/arm64-v8a:/data/app/~~aDSOyfbFL9agtPJBtPF19g==/com.alibaba.intl.android.apps.poseidon-3tfUGPOz9UzoC_rvwmoWiA==/split_AliyunPlayerModule.apk!/lib/arm64-v8a:/data/app/~~aDSOyfbFL9agtPJBtPF19g==/com.alib
01-29 14:48:23.925 D/nativeloader(17977): Extending system_exposed_libraries: libBeauty_v4.camera.samsung.so:libexifa.camera.samsung.so:libjpega.camera.samsung.so:libOpenCv.camera.samsung.so:libImageScreener.camera.samsung.so:libMyFilter.camera.samsung.so:libtensorflowLite.myfilter.camera.samsung.so:libtensorflowlite_inference_api.myfilter.camera.samsung.so:libEventFinder.camera.samsung.so:libSmartScan.camera.samsung.so:libRectify.camera.samsung.so:libDocRectifyWrapper.camera.samsung.so:libUltraWideDistortionCorrection.camera.samsung.so:libFacePreProcessing.camera.samsung.so:libHpr_RecGAE_cvFeature_v1.0.camera.samsung.so:libHprFace_GAE_api.camera.samsung.so:libFace_Landmark_API.camera.samsung.so:libHprFace_GAE_jni.camera.samsung.so:libFacialBasedSelfieCorrection.camera.samsung.so:libcolor_engine.camera.samsung.so:libDLInterface_hidl.camera.samsung.so:libImageTagger.camera.samsung.so:libSceneDetector_v1.camera.samsung.so:libQREngine_common.camera.samsung.so:libEventDetector.camera.samsung.so:libFood.camera.samsung.so:libFoodDetector.camera.samsung.so
01-29 14:48:23.930 D/nativeloader(17977): InitApexLibraries:
01-29 14:48:23.930 D/nativeloader(17977):   com_android_appsearch: libicing.so
01-29 14:48:23.930 D/nativeloader(17977):   com_android_art: libartservice.so
01-29 14:48:23.930 D/nativeloader(17977):   com_android_conscrypt: libjavacrypto.so
01-29 14:48:23.930 D/nativeloader(17977):   com_android_extservices: libtflite_support_classifiers_native.so
01-29 14:48:23.930 D/nativeloader(17977):   com_android_mediaprovider: libpdfclient.so
01-29 14:48:23.930 D/nativeloader(17977):   com_android_os_statsd: libstats_jni.so
01-29 14:48:23.930 D/nativeloader(17977):   com_android_tethering: libandroid_net_connectivity_com_android_net_module_util_jni.so:libandroid_net_connectivity_com_android_net_module_util_jni_CommonConnectivityJni.so:libframework-connectivity-jni.so:libframework-connectivity-tiramisu-jni.so:libmainlinecronet.141.0.7340.3.so:libservice-connectivity.so:libservice-thread-jni.so:stable_cronet_libcrypto.so:stable_cronet_libssl.so
01-29 14:48:23.932 E/SurfaceFlinger( 1019): Attempt to update InputPolicyFlags without permission ACCESS_SURFACE_FLINGER
01-29 14:48:23.946 W/al_render_proc(17977): Failed to find entry 'classes.dex': Entry not found
01-29 14:48:23.948 W/al_render_proc(17977): Failed to find entry 'classes.dex': Entry not found
01-29 14:48:23.948 E/SurfaceFlinger( 1019): Attempt to update InputPolicyFlags without permission ACCESS_SURFACE_FLINGER
01-29 14:48:23.959 E/nre     (31952): BlockableFutures: Cannot block on non-blocking thread
01-29 14:48:23.959 E/nre     (31952): java.lang.IllegalStateException: Cannot block on non-blocking thread: BG Thread #0
01-29 14:48:23.959 E/nre     (31952): 	at ajan.b(PG:109)
01-29 14:48:23.959 E/nre     (31952): 	at ajan.a(PG:1)
01-29 14:48:23.959 E/nre     (31952): 	at pho.a(PG:173)
01-29 14:48:23.959 E/nre     (31952): 	at vmm.f(PG:228)
01-29 14:48:23.959 E/nre     (31952): 	at vmj.b(PG:911)
01-29 14:48:23.959 E/nre     (31952): 	at cays.w(PG:12)
01-29 14:48:23.959 E/nre     (31952): 	at cbgm.run(PG:107)
01-29 14:48:23.959 E/nre     (31952): 	at bmmd.run(PG:588)
01-29 14:48:23.959 E/nre     (31952): 	at ajad.run(PG:7)
01-29 14:48:23.959 E/nre     (31952): 	at brdg.run(PG:44)
01-29 14:48:23.959 E/nre     (31952): 	at inb.run(PG:469)
01-29 14:48:23.959 E/nre     (31952): 	at java.lang.Thread.run(Thread.java:1563)
01-29 14:48:23.959 E/nre     (31952): 	at ajau.run(PG:61)
01-29 14:48:23.965 E/SurfaceFlinger( 1019): Attempt to update InputPolicyFlags without permission ACCESS_SURFACE_FLINGER
01-29 14:48:23.966 W/al_render_proc(17977): Failed to find entry 'classes.dex': Entry not found
01-29 14:48:23.966 I/bauth_FPBAuthService( 1311): pcf : 0x1012, 0 ,2 ,0 ,0 ,0 ,2, 6.0.0.1
01-29 14:48:23.966 I/bauth_FPBAuthService( 1311): thread id : 2, preenroll_flag : 0, nd cnt : 1, cso : 2, et : 0
01-29 14:48:23.966 I/bauth_FPBAuthService( 1311): FPBAuthService, 11756
01-29 14:48:23.967 W/al_render_proc(17977): Failed to find entry 'classes.dex': Entry not found
01-29 14:48:23.968 W/al_render_proc(17977): Failed to find entry 'classes.dex': Entry not found
01-29 14:48:23.973 W/al_render_proc(17977): Failed to find entry 'classes.dex': Entry not found
01-29 14:48:23.978 W/al_render_proc(17977): Failed to find entry 'classes.dex': Entry not found
01-29 14:48:23.979 W/al_render_proc(17977): Failed to find entry 'classes.dex': Entry not found
01-29 14:48:23.981 W/al_render_proc(17977): Failed to find entry 'classes.dex': Entry not found
01-29 14:48:23.982 W/al_render_proc(17977): Failed to find entry 'classes.dex': Entry not found
01-29 14:48:23.982 E/SurfaceFlinger( 1019): Attempt to update InputPolicyFlags without permission ACCESS_SURFACE_FLINGER
01-29 14:48:23.986 W/al_render_proc(17977): Failed to find entry 'classes.dex': Entry not found
01-29 14:48:23.987 W/al_render_proc(17977): Failed to find entry 'classes.dex': Entry not found
01-29 14:48:23.993 E/nre     (31952): BlockableFutures: Cannot block on non-blocking thread
01-29 14:48:23.993 E/nre     (31952): java.lang.IllegalStateException: Cannot block on non-blocking thread: BG Thread #0
01-29 14:48:23.993 E/nre     (31952): 	at ajan.b(PG:109)
01-29 14:48:23.993 E/nre     (31952): 	at ajan.a(PG:1)
01-29 14:48:23.993 E/nre     (31952): 	at pho.a(PG:173)
01-29 14:48:23.993 E/nre     (31952): 	at vmm.f(PG:228)
01-29 14:48:23.993 E/nre     (31952): 	at vmj.b(PG:911)
01-29 14:48:23.993 E/nre     (31952): 	at cays.w(PG:12)
01-29 14:48:23.993 E/nre     (31952): 	at cbgm.run(PG:107)
01-29 14:48:23.993 E/nre     (31952): 	at bmmd.run(PG:588)
01-29 14:48:23.993 E/nre     (31952): 	at ajad.run(PG:7)
01-29 14:48:23.993 E/nre     (31952): 	at brdg.run(PG:44)
01-29 14:48:23.993 E/nre     (31952): 	at inb.run(PG:469)
01-29 14:48:23.993 E/nre     (31952): 	at java.lang.Thread.run(Thread.java:1563)
01-29 14:48:23.993 E/nre     (31952): 	at ajau.run(PG:61)
01-29 14:48:23.998 E/SurfaceFlinger( 1019): Attempt to update InputPolicyFlags without permission ACCESS_SURFACE_FLINGER
