01-29 14:05:24.004 D/WindowManager( 1351): makeSurface duration=1 name=Splash Screen com.asc.markets$_2286
01-29 14:05:24.034 D/WindowManager( 1351): finishDrawingWindow: Window{25584df u0 com.asc.markets/com.asc.markets.MainActivity} mDrawState=DRAW_PENDING
01-29 14:05:24.059 I/WindowManager( 1351): Reparenting to leash, surface=Surface(name=25584df com.asc.markets/com.asc.markets.MainActivity)/@0xc73902b, leashParent=Surface(name=ActivityRecord{de8027d u0 com.asc.markets/.MainActivity t11094})/@0xf63ac88
01-29 14:05:24.061 D/WindowManager( 1351): makeSurface duration=2 leash=Surface(name=Surface(name=25584df com.asc.markets/com.asc.markets.MainActivity)/@0xc73902b - animation-leash of starting_reveal)/@0x5321621
01-29 14:05:24.064 I/GameSDK@LifeCycle( 1351): noteResumeComponent(): package name  : com.asc.markets
01-29 14:05:24.068 D/WindowManager( 1351): finishDrawingWindow: Window{2bd6627 u0 Splash Screen com.asc.markets} mDrawState=DRAW_PENDING
01-29 14:05:24.085 D/SGM:GameManager( 1351): noteResumeComponent(), received pkgName: com.asc.markets, userId: 0
01-29 14:05:24.085 D/SGM:GameManager( 1351): onLooperPrepared(), msg: MSG_APP_RESUME, pkgName: com.asc.markets, userid: 0
01-29 14:05:24.246 V/WindowManager( 1351): Changing focus from Window{3de257e u0 NotificationShade} to Window{25584df u0 com.asc.markets/com.asc.markets.MainActivity} displayId=0 Callers=com.android.server.wm.RootWindowContainer.updateFocusedWindowLocked:583 com.android.server.wm.WindowManagerService.updateFocusedWindowLocked:6480 com.android.server.wm.WindowManagerService.relayoutWindow:2750 com.android.server.wm.Session.relayout:242 
01-29 14:05:24.246 D/MARsPolicyManager( 1351): onPackageResumedFG pkgName = com.asc.markets, userId = 0
01-29 14:05:24.326 D/SGM:GameManager( 1351): identifyGamePackage. com.asc.markets, mCurrentUserId: 0, callerUserId: 0, callingMethodInfo: com.samsung.android.game.IGameManagerService$Stub.onTransact(IGameManagerService.java:242)
01-29 14:05:24.326 D/SGM:PkgDataHelper( 1351): getGamePkgData(). com.asc.markets
01-29 14:05:24.352 D/MdnieScenarioControlService( 1351):  packageName : com.asc.markets    className : com.asc.markets.MainActivity
01-29 14:05:24.352 D/SGM:GameManager( 1351):   handleUserPresent(). resume signal is needed for com.asc.markets
01-29 14:05:24.385 D/MdnieScenarioControlService( 1351):  packageName : com.asc.markets    className : com.asc.markets.MainActivity
01-29 14:05:24.398 D/SGM:GameManager( 1351):   handleUserPresent(). resume signal is needed for com.asc.markets
01-29 14:05:24.415 I/WindowManager( 1351): Reparenting to leash, surface=Surface(name=2bd6627 Splash Screen com.asc.markets)/@0x3566859, leashParent=Surface(name=ActivityRecord{de8027d u0 com.asc.markets/.MainActivity t11094})/@0xf63ac88
01-29 14:05:24.416 D/WindowManager( 1351): makeSurface duration=1 leash=Surface(name=Surface(name=2bd6627 Splash Screen com.asc.markets)/@0x3566859 - animation-leash of window_animation)/@0xb94aa22
01-29 14:05:24.420 I/WindowManager( 1351): Cancelling animation restarting=false, leash=Surface(name=Surface(name=25584df com.asc.markets/com.asc.markets.MainActivity)/@0xc73902b - animation-leash of starting_reveal)/@0x5321621
01-29 14:05:24.420 I/WindowManager( 1351): Reparenting to original parent: Surface(name=ActivityRecord{de8027d u0 com.asc.markets/.MainActivity t11094})/@0xf63ac88, destroy=false, surface=Surface(name=25584df com.asc.markets/com.asc.markets.MainActivity)/@0xc73902b
01-29 14:05:24.476 I/WindowManager( 1351): Reparenting to original parent: Surface(name=ActivityRecord{de8027d u0 com.asc.markets/.MainActivity t11094})/@0xf63ac88, destroy=true, surface=Surface(name=2bd6627 Splash Screen com.asc.markets)/@0x3566859
01-29 14:05:24.477 E/WindowManager( 1351): win=Window{2bd6627 u0 Splash Screen com.asc.markets EXITING} destroySurfaces: appStopped=false win.mWindowRemovalAllowed=true win.mRemoveOnExit=true win.mViewVisibility=8 caller=com.android.server.wm.ActivityRecord.destroySurfaces:5867 com.android.server.wm.ActivityRecord.destroySurfaces:5848 com.android.server.wm.WindowState.onExitAnimationDone:5983 com.android.server.wm.WindowStateAnimator.onAnimationFinished:242 com.android.server.wm.WindowState.onAnimationFinished:6236 com.android.server.wm.WindowContainer$$ExternalSyntheticLambda0.onAnimationFinished:2 com.android.server.wm.SurfaceAnimator.lambda$getFinishedCallback$0$SurfaceAnimator:113 
01-29 14:05:24.477 I/WindowManager( 1351): Destroying surface Surface(name=Splash Screen com.asc.markets$_2286)/@0xd7d815 called by com.android.server.wm.WindowStateAnimator.destroySurface:987 com.android.server.wm.WindowStateAnimator.destroySurfaceLocked:518 com.android.server.wm.WindowState.destroySurfaceUnchecked:4229 com.android.server.wm.WindowState.destroySurface:4203 com.android.server.wm.ActivityRecord.destroySurfaces:5867 com.android.server.wm.ActivityRecord.destroySurfaces:5848 com.android.server.wm.WindowState.onExitAnimationDone:5983 com.android.server.wm.WindowStateAnimator.onAnimationFinished:242 
01-29 14:05:24.881 D/SGM:GameManager( 1351): identifyForegroundApp. com.asc.markets, mCurrentUserId: 0, callerUserId: 0
01-29 14:05:24.881 D/SGM:PkgDataHelper( 1351): getGamePkgData(). com.asc.markets
01-29 14:06:21.539 D/WindowManager( 1351): rotationForOrientation, orientationSource=ActivityRecord{de8027d u0 com.asc.markets/.MainActivity t11094}
01-29 14:06:59.293 D/WindowManager( 1351): Moved rootTask=Task{c9270b6 #1 type=home ?? U=0 visible=false mode=fullscreen translucent=true sz=1} behind rootTask=Task{6395572 #11094 type=standard A=10268:com.asc.markets U=0 visible=true mode=fullscreen translucent=false sz=1}
01-29 14:06:59.298 D/WindowManager( 1351): rotationForOrientation, orientationSource=ActivityRecord{de8027d u0 com.asc.markets/.MainActivity t11094}
01-29 14:06:59.387 V/WindowManager( 1351): Changing focus from Window{25584df u0 com.asc.markets/com.asc.markets.MainActivity} to null displayId=0 Callers=com.android.server.wm.RootWindowContainer.updateFocusedWindowLocked:583 com.android.server.wm.WindowManagerService.updateFocusedWindowLocked:6480 com.android.server.wm.WindowManagerService.relayoutWindow:2750 com.android.server.wm.Session.relayout:242 
01-29 14:06:59.388 D/MARsPolicyManager( 1351): onPackageResumedFG pkgName = com.asc.markets, userId = 0
01-29 14:06:59.479 D/MdnieScenarioControlService( 1351):  packageName : com.asc.markets    className : com.asc.markets.MainActivity
01-29 14:06:59.799 D/WindowManager( 1351): onAnimationFinished(): targetRootTask=Task{c9270b6 #1 type=home ?? U=0 visible=false mode=fullscreen translucent=false sz=1} targetActivity=ActivityRecord{4ea69b4 u0 com.sec.android.app.launcher/.activities.LauncherActivity t10761} mRestoreTargetBehindRootTask=Task{6395572 #11094 type=standard A=10268:com.asc.markets U=0 visible=true mode=fullscreen translucent=false sz=1}
01-29 14:06:59.815 V/WindowManager( 1351): Setting visibility of Window{25584df u0 com.asc.markets/com.asc.markets.MainActivity}: false, caller=com.android.server.wm.WindowContainer.sendAppVisibilityToClients:1110 com.android.server.wm.WindowToken.setClientVisible:448 com.android.server.wm.ActivityRecord.setClientVisible:7010 com.android.server.wm.ActivityRecord.onAnimationFinished:7897 com.android.server.wm.ActivityRecord.postApplyAnimation:5598 
01-29 14:06:59.845 D/SGM:GameManager( 1351): notePauseComponent(), received pkgName: com.asc.markets, userId: 0
01-29 14:06:59.866 E/WindowManager( 1351): win=Window{25584df u0 com.asc.markets/com.asc.markets.MainActivity} destroySurfaces: appStopped=true win.mWindowRemovalAllowed=false win.mRemoveOnExit=false win.mViewVisibility=8 caller=com.android.server.wm.ActivityRecord.destroySurfaces:5867 com.android.server.wm.ActivityRecord.destroySurfaces:5848 com.android.server.wm.ActivityRecord.notifyAppStopped:5912 com.android.server.wm.ActivityRecord.activityStopped:6538 com.android.server.wm.ActivityClientController.activityStopped:254 android.app.IActivityClientController$Stub.onTransact:596 com.android.server.wm.ActivityClientController.onTransact:130 
01-29 14:06:59.866 I/WindowManager( 1351): Destroying surface Surface(name=com.asc.markets/com.asc.markets.MainActivity$_6798)/@0xba6bd08 called by com.android.server.wm.WindowStateAnimator.destroySurface:987 com.android.server.wm.WindowStateAnimator.destroySurfaceLocked:518 com.android.server.wm.WindowState.destroySurfaceUnchecked:4229 com.android.server.wm.WindowState.destroySurface:4203 com.android.server.wm.ActivityRecord.destroySurfaces:5867 com.android.server.wm.ActivityRecord.destroySurfaces:5848 com.android.server.wm.ActivityRecord.notifyAppStopped:5912 com.android.server.wm.ActivityRecord.activityStopped:6538 
01-29 14:07:10.682 D/SGM:GameManager( 1351):   sendRunningComponentFocus(), pkgName: com.asc.markets, userId: 0
01-29 14:07:10.683 D/SGM:GameManager( 1351): onLooperPrepared(), msg: MSG_TASK_FOCUSED, pkgName: com.asc.markets, userId: 0
01-29 14:07:10.683 D/SGM:GameManager( 1351):   handleTaskFocused(), pkgName: com.asc.markets, userID:0 mResumedPkgMap does not containsKey.
01-29 14:07:10.688 V/ActivityManager( 1351): Changed top to ProcessRecord{9610d58 6798:com.asc.markets/u0a268}
01-29 14:07:10.690 D/StartingSurfaceDrawer( 2286): addTaskSnapshotStartingWindow: snapshot=TaskSnapshot{ mId=1769692019724 mTopActivityComponent=com.asc.markets/.MainActivity mSnapshot=android.hardware.HardwareBuffer@e57d809 (1080x2400) mColorSpace=sRGB IEC61966-2.1 (id=0, model=RGB) mOrientation=1 mRotation=0 mTaskSize=Point(1080, 2400) mContentInsets=[0,91][0,126] mIsLowResolution=false mIsRealSnapshot=true mWindowingMode=1 mAppearance=0 mIsTranslucent=false mHasImeSurface=false desc=TaskDescription Label: null Icon: null IconFilename: null colorPrimary: -4487428 colorBackground: -15592942 statusBarColor: -13172557 navigationBarColor: -16711423 (contrast when transparent) resizeMode: RESIZE_MODE_RESIZEABLE_VIA_SDK_VERSION minWidth: -1 minHeight: -1 colorBackgrounFloating: -12434878
01-29 14:07:10.690 D/MARsPolicyManager( 1351): onPackageResumedFG pkgName = com.asc.markets, userId = 0
01-29 14:07:10.690 V/WindowManager( 1351): Setting visibility of Window{25584df u0 com.asc.markets/com.asc.markets.MainActivity}: true, caller=com.android.server.wm.WindowContainer.sendAppVisibilityToClients:1110 com.android.server.wm.WindowToken.setClientVisible:448 com.android.server.wm.ActivityRecord.setClientVisible:7010 com.android.server.wm.ActivityRecord.setVisibility:5449 com.android.server.wm.ActivityRecord.setVisibility:5344 
01-29 14:07:10.694 D/WindowManager( 1351): rotationForOrientation, orientationSource=ActivityRecord{de8027d u0 com.asc.markets/.MainActivity t11094}
01-29 14:07:10.694 D/WindowManager( 1351): rotationForOrientation, orientationSource=ActivityRecord{de8027d u0 com.asc.markets/.MainActivity t11094}
01-29 14:07:10.694 D/WindowManager( 1351): rotationForOrientation, orientationSource=ActivityRecord{de8027d u0 com.asc.markets/.MainActivity t11094}
01-29 14:07:10.713 D/WindowManager( 1351): createAnimationAdapter(): container=Task{6395572 #11094 type=standard A=10268:com.asc.markets U=0 visible=true mode=fullscreen translucent=false sz=1}
01-29 14:07:10.715 D/WindowManager( 1351): 	Add container=Task{6395572 #11094 type=standard A=10268:com.asc.markets U=0 visible=true mode=fullscreen translucent=false sz=1}
01-29 14:07:10.725 I/WindowManager( 1351): container=Task{6395572 #11094 type=standard A=10268:com.asc.markets U=0 visible=true mode=fullscreen translucent=false sz=1}
01-29 14:07:10.725 I/WindowManager( 1351):   taskInfo=TaskInfo{userId=0 taskId=11094 displayId=0 isRunning=true baseIntent=Intent { act=android.intent.action.MAIN cat=[android.intent.category.LAUNCHER] flg=0x10200000 cmp=com.asc.markets/.MainActivity } baseActivity=ComponentInfo{com.asc.markets/com.asc.markets.MainActivity} topActivity=ComponentInfo{com.asc.markets/com.asc.markets.MainActivity} origActivity=null realActivity=ComponentInfo{com.asc.markets/com.asc.markets.MainActivity} numActivities=1 lastActiveTime=198453494 supportsSplitScreenMultiWindow=true supportsMultiWindow=true resizeMode=1 isResizeable=true token=WCT{RemoteToken{95cc41f Task{6395572 #11094 type=standard A=10268:com.asc.markets U=0 visible=true mode=fullscreen translucent=false sz=1}}} topActivityType=1 pictureInPictureParams=PictureInPictureParams( aspectRatio=null sourceRectHint=null hasSetActions=false isAutoPipEnabled=false isSeamlessResizeEnabled=true) displayCutoutSafeInsets=Rect(0, 91 - 0, 0) topActivityInfo=ActivityInfo{f3b236c com.asc.markets.MainActivity} launchCookies=[] positionInParent=Point(0, 0) parentTaskId=-1 isFocused=false isVisible=true topActivityInSizeCompat=false locusId= null topLaunchHome=false launchSplitWindowingMode=0 isPairTask=false pairedTaskIds=[] pairWindowingMode=0 pairDockSide=0 isAnimatingByRecent=false originallySupportedSplitScreen=true isAnimatingFreeformToFullscreen=false topActivityInFixedAspectRatio=false isTopTransparentActivity=true}
01-29 14:07:10.752 I/GameSDK@LifeCycle( 1351): noteResumeComponent(): package name  : com.asc.markets
01-29 14:07:10.756 D/SGM:GameManager( 1351): identifyGamePackage. com.asc.markets, mCurrentUserId: 0, callerUserId: 0, callingMethodInfo: com.android.server.ssrm.fgapps.GameAppUtils.isGame(GameAppUtils.java:84)
01-29 14:07:10.756 D/SGM:PkgDataHelper( 1351): getGamePkgData(). com.asc.markets
01-29 14:07:10.757 D/SGM:GameManager( 1351): identifyGamePackage. com.asc.markets, mCurrentUserId: 0, callerUserId: 0, callingMethodInfo: com.android.server.ssrm.SortingMachine.isGame(SortingMachine.java:162)
01-29 14:07:10.757 D/SGM:PkgDataHelper( 1351): getGamePkgData(). com.asc.markets
01-29 14:07:10.757 D/SGM:GameManager( 1351): noteResumeComponent(), received pkgName: com.asc.markets, userId: 0
01-29 14:07:10.757 D/SGM:GameManager( 1351): onLooperPrepared(), msg: MSG_APP_RESUME, pkgName: com.asc.markets, userid: 0
01-29 14:07:10.757 D/SGM:GameManager( 1351):   handleResume(). pkgName: com.asc.markets, userId: 0, isTunableApp: null
01-29 14:07:10.757 D/SGM:GameManager( 1351): notifyFocusInOut(). of pkg: com.asc.markets, type: 4, isMinimized: false, isTunableApp: false, userId: 0
01-29 14:07:10.768 D/WindowManager( 1351): makeSurface duration=2 name=com.asc.markets/com.asc.markets.MainActivity$_6798
01-29 14:07:10.771 V/WindowManager( 1351): Changing focus from null to Window{25584df u0 com.asc.markets/com.asc.markets.MainActivity} displayId=0 Callers=com.android.server.wm.RootWindowContainer.updateFocusedWindowLocked:583 com.android.server.wm.WindowManagerService.updateFocusedWindowLocked:6480 com.android.server.wm.WindowManagerService.relayoutWindow:2750 com.android.server.wm.Session.relayout:242 
01-29 14:07:10.811 D/SGM:GameManager( 1351): identifyForegroundApp. com.asc.markets, mCurrentUserId: 0, callerUserId: 0
01-29 14:07:10.811 D/SGM:PkgDataHelper( 1351): getGamePkgData(). com.asc.markets
01-29 14:07:10.815 D/SGM:GameManager( 1351): identifyGamePackage. com.asc.markets, mCurrentUserId: 0, callerUserId: 0, callingMethodInfo: com.samsung.android.game.IGameManagerService$Stub.onTransact(IGameManagerService.java:242)
01-29 14:07:10.815 D/SGM:PkgDataHelper( 1351): getGamePkgData(). com.asc.markets
01-29 14:07:10.835 D/WindowManager( 1351): finishDrawingWindow: Window{25584df u0 com.asc.markets/com.asc.markets.MainActivity} mDrawState=DRAW_PENDING
01-29 14:07:10.840 I/WindowManager( 1351): Reparenting to leash, surface=Surface(name=8d388c5 SnapshotStartingWindow for taskId=11094)/@0xb9924ef, leashParent=Surface(name=ActivityRecord{de8027d u0 com.asc.markets/.MainActivity t11094})/@0xf63ac88
01-29 14:07:10.908 I/WindowManager( 1351): Reparenting to original parent: Surface(name=ActivityRecord{de8027d u0 com.asc.markets/.MainActivity t11094})/@0xf63ac88, destroy=true, surface=Surface(name=8d388c5 SnapshotStartingWindow for taskId=11094)/@0xb9924ef
01-29 14:07:10.982 D/MdnieScenarioControlService( 1351):  packageName : com.asc.markets    className : com.asc.markets.MainActivity
01-29 14:07:11.146 D/WindowManager( 1351): 	container=Task{6395572 #11094 type=standard A=10268:com.asc.markets U=0 visible=true mode=fullscreen translucent=false sz=1}
01-29 14:07:11.354 D/MdnieScenarioControlService( 1351):  packageName : com.asc.markets    className : com.asc.markets.MainActivity
01-29 14:07:11.364 D/SGM:GameManager( 1351): identifyForegroundApp. com.asc.markets, mCurrentUserId: 0, callerUserId: 0
01-29 14:07:11.364 D/SGM:PkgDataHelper( 1351): getGamePkgData(). com.asc.markets
01-29 14:07:11.440 D/SGM:GameManager( 1351): identifyGamePackage. com.asc.markets, mCurrentUserId: 0, callerUserId: 0, callingMethodInfo: com.android.server.ssrm.SortingMachine.isGame(SortingMachine.java:162)
01-29 14:07:11.440 D/SGM:PkgDataHelper( 1351): getGamePkgData(). com.asc.markets
01-29 14:07:16.775 D/SGM:GameManager( 1351): identifyGamePackage. com.asc.markets, mCurrentUserId: 0, callerUserId: 0, callingMethodInfo: com.android.server.ssrm.SortingMachine.isGame(SortingMachine.java:162)
01-29 14:07:16.776 D/SGM:PkgDataHelper( 1351): getGamePkgData(). com.asc.markets
01-29 14:07:17.441 D/SGM:GameManager( 1351): identifyGamePackage. com.asc.markets, mCurrentUserId: 0, callerUserId: 0, callingMethodInfo: com.android.server.ssrm.SortingMachine.isGame(SortingMachine.java:162)
01-29 14:07:17.441 D/SGM:PkgDataHelper( 1351): getGamePkgData(). com.asc.markets
01-29 14:07:22.732 D/WindowManager( 1351): Moved rootTask=Task{c9270b6 #1 type=home ?? U=0 visible=false mode=fullscreen translucent=true sz=1} behind rootTask=Task{6395572 #11094 type=standard A=10268:com.asc.markets U=0 visible=true mode=fullscreen translucent=false sz=1}
01-29 14:07:22.735 D/WindowManager( 1351): rotationForOrientation, orientationSource=ActivityRecord{de8027d u0 com.asc.markets/.MainActivity t11094}
01-29 14:07:22.907 D/MdnieScenarioControlService( 1351):  packageName : com.asc.markets    className : com.asc.markets.MainActivity
01-29 14:07:23.204 D/WindowManager( 1351): onAnimationFinished(): targetRootTask=Task{c9270b6 #1 type=home ?? U=0 visible=false mode=fullscreen translucent=false sz=1} targetActivity=ActivityRecord{4ea69b4 u0 com.sec.android.app.launcher/.activities.LauncherActivity t10761} mRestoreTargetBehindRootTask=Task{6395572 #11094 type=standard A=10268:com.asc.markets U=0 visible=true mode=fullscreen translucent=false sz=1}
01-29 14:07:23.206 V/WindowManager( 1351): Changing focus from Window{25584df u0 com.asc.markets/com.asc.markets.MainActivity} to Window{9e6185b u0 com.sec.android.app.launcher/com.sec.android.app.launcher.activities.LauncherActivity} displayId=0 Callers=com.android.server.wm.RootWindowContainer.updateFocusedWindowLocked:583 com.android.server.wm.WindowManagerService.updateFocusedWindowLocked:6480 com.android.server.wm.DisplayContent.layoutAndAssignWindowLayersIfNeeded:4693 com.android.server.wm.TaskDisplayArea.positionChildTaskAt:560 
01-29 14:07:23.225 V/WindowManager( 1351): Setting visibility of Window{25584df u0 com.asc.markets/com.asc.markets.MainActivity}: false, caller=com.android.server.wm.WindowContainer.sendAppVisibilityToClients:1110 com.android.server.wm.WindowToken.setClientVisible:448 com.android.server.wm.ActivityRecord.setClientVisible:7010 com.android.server.wm.ActivityRecord.onAnimationFinished:7897 com.android.server.wm.ActivityRecord.postApplyAnimation:5598 
01-29 14:07:23.241 D/SGM:GameManager( 1351): notePauseComponent(), received pkgName: com.asc.markets, userId: 0
01-29 14:07:23.265 E/WindowManager( 1351): win=Window{25584df u0 com.asc.markets/com.asc.markets.MainActivity} destroySurfaces: appStopped=true win.mWindowRemovalAllowed=false win.mRemoveOnExit=false win.mViewVisibility=8 caller=com.android.server.wm.ActivityRecord.destroySurfaces:5867 com.android.server.wm.ActivityRecord.destroySurfaces:5848 com.android.server.wm.ActivityRecord.notifyAppStopped:5912 com.android.server.wm.ActivityRecord.activityStopped:6538 com.android.server.wm.ActivityClientController.activityStopped:254 android.app.IActivityClientController$Stub.onTransact:596 com.android.server.wm.ActivityClientController.onTransact:130 
01-29 14:07:23.265 I/WindowManager( 1351): Destroying surface Surface(name=com.asc.markets/com.asc.markets.MainActivity$_6798)/@0x111314 called by com.android.server.wm.WindowStateAnimator.destroySurface:987 com.android.server.wm.WindowStateAnimator.destroySurfaceLocked:518 com.android.server.wm.WindowState.destroySurfaceUnchecked:4229 com.android.server.wm.WindowState.destroySurface:4203 com.android.server.wm.ActivityRecord.destroySurfaces:5867 com.android.server.wm.ActivityRecord.destroySurfaces:5848 com.android.server.wm.ActivityRecord.notifyAppStopped:5912 com.android.server.wm.ActivityRecord.activityStopped:6538 
01-29 14:07:29.864 D/SGM:GameManager( 1351):   sendRunningComponentFocus(), pkgName: com.asc.markets, userId: 0
01-29 14:07:29.864 D/SGM:GameManager( 1351): onLooperPrepared(), msg: MSG_TASK_FOCUSED, pkgName: com.asc.markets, userId: 0
01-29 14:07:29.864 D/SGM:GameManager( 1351):   handleTaskFocused(), pkgName: com.asc.markets, userID:0 mResumedPkgMap does not containsKey.
01-29 14:07:29.870 D/StartingSurfaceDrawer( 2286): addTaskSnapshotStartingWindow: snapshot=TaskSnapshot{ mId=1769692043149 mTopActivityComponent=com.asc.markets/.MainActivity mSnapshot=android.hardware.HardwareBuffer@ef16cc (1080x2400) mColorSpace=sRGB IEC61966-2.1 (id=0, model=RGB) mOrientation=1 mRotation=0 mTaskSize=Point(1080, 2400) mContentInsets=[0,91][0,126] mIsLowResolution=false mIsRealSnapshot=true mWindowingMode=1 mAppearance=0 mIsTranslucent=false mHasImeSurface=false desc=TaskDescription Label: null Icon: null IconFilename: null colorPrimary: -4487428 colorBackground: -15592942 statusBarColor: -13172557 navigationBarColor: -16711423 (contrast when transparent) resizeMode: RESIZE_MODE_RESIZEABLE_VIA_SDK_VERSION minWidth: -1 minHeight: -1 colorBackgrounFloating: -12434878
01-29 14:07:29.872 V/ActivityManager( 1351): Changed top to ProcessRecord{9610d58 6798:com.asc.markets/u0a268}
01-29 14:07:29.878 D/MARsPolicyManager( 1351): onPackageResumedFG pkgName = com.asc.markets, userId = 0
01-29 14:07:29.879 V/WindowManager( 1351): Setting visibility of Window{25584df u0 com.asc.markets/com.asc.markets.MainActivity}: true, caller=com.android.server.wm.WindowContainer.sendAppVisibilityToClients:1110 com.android.server.wm.WindowToken.setClientVisible:448 com.android.server.wm.ActivityRecord.setClientVisible:7010 com.android.server.wm.ActivityRecord.setVisibility:5449 com.android.server.wm.ActivityRecord.setVisibility:5344 
01-29 14:07:29.882 D/WindowManager( 1351): rotationForOrientation, orientationSource=ActivityRecord{de8027d u0 com.asc.markets/.MainActivity t11094}
01-29 14:07:29.882 D/WindowManager( 1351): rotationForOrientation, orientationSource=ActivityRecord{de8027d u0 com.asc.markets/.MainActivity t11094}
01-29 14:07:29.882 D/WindowManager( 1351): rotationForOrientation, orientationSource=ActivityRecord{de8027d u0 com.asc.markets/.MainActivity t11094}
01-29 14:07:29.892 D/WindowManager( 1351): createAnimationAdapter(): container=Task{6395572 #11094 type=standard A=10268:com.asc.markets U=0 visible=true mode=fullscreen translucent=false sz=1}
01-29 14:07:29.894 D/WindowManager( 1351): 	Add container=Task{6395572 #11094 type=standard A=10268:com.asc.markets U=0 visible=true mode=fullscreen translucent=false sz=1}
01-29 14:07:29.900 I/WindowManager( 1351): container=Task{6395572 #11094 type=standard A=10268:com.asc.markets U=0 visible=true mode=fullscreen translucent=false sz=1}
01-29 14:07:29.900 I/WindowManager( 1351):   taskInfo=TaskInfo{userId=0 taskId=11094 displayId=0 isRunning=true baseIntent=Intent { act=android.intent.action.MAIN cat=[android.intent.category.LAUNCHER] flg=0x10200000 cmp=com.asc.markets/.MainActivity } baseActivity=ComponentInfo{com.asc.markets/com.asc.markets.MainActivity} topActivity=ComponentInfo{com.asc.markets/com.asc.markets.MainActivity} origActivity=null realActivity=ComponentInfo{com.asc.markets/com.asc.markets.MainActivity} numActivities=1 lastActiveTime=198472676 supportsSplitScreenMultiWindow=true supportsMultiWindow=true resizeMode=1 isResizeable=true token=WCT{RemoteToken{95cc41f Task{6395572 #11094 type=standard A=10268:com.asc.markets U=0 visible=true mode=fullscreen translucent=false sz=1}}} topActivityType=1 pictureInPictureParams=PictureInPictureParams( aspectRatio=null sourceRectHint=null hasSetActions=false isAutoPipEnabled=false isSeamlessResizeEnabled=true) displayCutoutSafeInsets=Rect(0, 91 - 0, 0) topActivityInfo=ActivityInfo{f3b236c com.asc.markets.MainActivity} launchCookies=[] positionInParent=Point(0, 0) parentTaskId=-1 isFocused=false isVisible=true topActivityInSizeCompat=false locusId= null topLaunchHome=false launchSplitWindowingMode=0 isPairTask=false pairedTaskIds=[] pairWindowingMode=0 pairDockSide=0 isAnimatingByRecent=false originallySupportedSplitScreen=true isAnimatingFreeformToFullscreen=false topActivityInFixedAspectRatio=false isTopTransparentActivity=true}
01-29 14:07:29.933 I/GameSDK@LifeCycle( 1351): noteResumeComponent(): package name  : com.asc.markets
01-29 14:07:29.937 D/SGM:GameManager( 1351): identifyGamePackage. com.asc.markets, mCurrentUserId: 0, callerUserId: 0, callingMethodInfo: com.android.server.ssrm.fgapps.GameAppUtils.isGame(GameAppUtils.java:84)
01-29 14:07:29.937 D/SGM:PkgDataHelper( 1351): getGamePkgData(). com.asc.markets
01-29 14:07:29.937 D/SGM:GameManager( 1351): identifyGamePackage. com.asc.markets, mCurrentUserId: 0, callerUserId: 0, callingMethodInfo: com.android.server.ssrm.SortingMachine.isGame(SortingMachine.java:162)
01-29 14:07:29.938 D/SGM:PkgDataHelper( 1351): getGamePkgData(). com.asc.markets
01-29 14:07:29.938 D/SGM:GameManager( 1351): noteResumeComponent(), received pkgName: com.asc.markets, userId: 0
01-29 14:07:29.938 D/SGM:GameManager( 1351): onLooperPrepared(), msg: MSG_APP_RESUME, pkgName: com.asc.markets, userid: 0
01-29 14:07:29.938 D/SGM:GameManager( 1351):   handleResume(). pkgName: com.asc.markets, userId: 0, isTunableApp: null
01-29 14:07:29.938 D/SGM:GameManager( 1351): notifyFocusInOut(). of pkg: com.asc.markets, type: 4, isMinimized: false, isTunableApp: false, userId: 0
01-29 14:07:29.945 D/WindowManager( 1351): makeSurface duration=1 name=com.asc.markets/com.asc.markets.MainActivity$_6798
01-29 14:07:29.947 V/WindowManager( 1351): Changing focus from null to Window{25584df u0 com.asc.markets/com.asc.markets.MainActivity} displayId=0 Callers=com.android.server.wm.RootWindowContainer.updateFocusedWindowLocked:583 com.android.server.wm.WindowManagerService.updateFocusedWindowLocked:6480 com.android.server.wm.WindowManagerService.relayoutWindow:2750 com.android.server.wm.Session.relayout:242 
01-29 14:07:29.966 D/SGM:GameManager( 1351): identifyForegroundApp. com.asc.markets, mCurrentUserId: 0, callerUserId: 0
01-29 14:07:29.966 D/SGM:PkgDataHelper( 1351): getGamePkgData(). com.asc.markets
01-29 14:07:29.974 D/SGM:GameManager( 1351): identifyGamePackage. com.asc.markets, mCurrentUserId: 0, callerUserId: 0, callingMethodInfo: com.samsung.android.game.IGameManagerService$Stub.onTransact(IGameManagerService.java:242)
01-29 14:07:29.974 D/SGM:PkgDataHelper( 1351): getGamePkgData(). com.asc.markets
01-29 14:07:29.992 D/WindowManager( 1351): finishDrawingWindow: Window{25584df u0 com.asc.markets/com.asc.markets.MainActivity} mDrawState=DRAW_PENDING
01-29 14:07:29.997 I/WindowManager( 1351): Reparenting to leash, surface=Surface(name=446db81 SnapshotStartingWindow for taskId=11094)/@0x30bd7d3, leashParent=Surface(name=ActivityRecord{de8027d u0 com.asc.markets/.MainActivity t11094})/@0xf63ac88
01-29 14:07:30.056 I/WindowManager( 1351): Reparenting to original parent: Surface(name=ActivityRecord{de8027d u0 com.asc.markets/.MainActivity t11094})/@0xf63ac88, destroy=true, surface=Surface(name=446db81 SnapshotStartingWindow for taskId=11094)/@0x30bd7d3
01-29 14:07:30.165 D/MdnieScenarioControlService( 1351):  packageName : com.asc.markets    className : com.asc.markets.MainActivity
01-29 14:07:30.310 D/WindowManager( 1351): 	container=Task{6395572 #11094 type=standard A=10268:com.asc.markets U=0 visible=true mode=fullscreen translucent=false sz=1}
01-29 14:07:30.494 D/MdnieScenarioControlService( 1351):  packageName : com.asc.markets    className : com.asc.markets.MainActivity
01-29 14:07:30.537 D/SGM:GameManager( 1351): identifyForegroundApp. com.asc.markets, mCurrentUserId: 0, callerUserId: 0
01-29 14:07:30.537 D/SGM:PkgDataHelper( 1351): getGamePkgData(). com.asc.markets
01-29 14:07:30.730 D/SGM:GameManager( 1351): identifyGamePackage. com.asc.markets, mCurrentUserId: 0, callerUserId: 0, callingMethodInfo: com.android.server.ssrm.SortingMachine.isGame(SortingMachine.java:162)
01-29 14:07:30.730 D/SGM:PkgDataHelper( 1351): getGamePkgData(). com.asc.markets
01-29 14:07:35.957 D/SGM:GameManager( 1351): identifyGamePackage. com.asc.markets, mCurrentUserId: 0, callerUserId: 0, callingMethodInfo: com.android.server.ssrm.SortingMachine.isGame(SortingMachine.java:162)
01-29 14:07:35.957 D/SGM:PkgDataHelper( 1351): getGamePkgData(). com.asc.markets
01-29 14:07:36.732 D/SGM:GameManager( 1351): identifyGamePackage. com.asc.markets, mCurrentUserId: 0, callerUserId: 0, callingMethodInfo: com.android.server.ssrm.SortingMachine.isGame(SortingMachine.java:162)
01-29 14:07:36.733 D/SGM:PkgDataHelper( 1351): getGamePkgData(). com.asc.markets
01-29 14:08:04.225 D/WindowManager( 1351): rotationForOrientation, orientationSource=ActivityRecord{de8027d u0 com.asc.markets/.MainActivity t11094}
01-29 14:08:04.384 D/WindowManager( 1351): rotationForOrientation, orientationSource=ActivityRecord{de8027d u0 com.asc.markets/.MainActivity t11094}
01-29 14:08:04.740 D/WindowManager( 1351): rotationForOrientation, orientationSource=ActivityRecord{de8027d u0 com.asc.markets/.MainActivity t11094}
01-29 14:08:07.514 D/WindowManager( 1351): rotationForOrientation, orientationSource=ActivityRecord{de8027d u0 com.asc.markets/.MainActivity t11094}
01-29 14:08:08.623 D/WindowManager( 1351): rotationForOrientation, orientationSource=ActivityRecord{de8027d u0 com.asc.markets/.MainActivity t11094}
01-29 14:08:10.702 D/WindowManager( 1351): rotationForOrientation, orientationSource=ActivityRecord{de8027d u0 com.asc.markets/.MainActivity t11094}
01-29 14:08:42.049 D/WindowManager( 1351): Moved rootTask=Task{c9270b6 #1 type=home ?? U=0 visible=false mode=fullscreen translucent=true sz=1} behind rootTask=Task{6395572 #11094 type=standard A=10268:com.asc.markets U=0 visible=true mode=fullscreen translucent=false sz=1}
01-29 14:08:42.053 D/WindowManager( 1351): rotationForOrientation, orientationSource=ActivityRecord{de8027d u0 com.asc.markets/.MainActivity t11094}
01-29 14:08:42.077 V/WindowManager( 1351): Changing focus from Window{25584df u0 com.asc.markets/com.asc.markets.MainActivity} to null displayId=0 Callers=com.android.server.wm.RootWindowContainer.updateFocusedWindowLocked:583 com.android.server.wm.WindowManagerService.updateFocusedWindowLocked:6480 com.android.server.wm.WindowManagerService.relayoutWindow:2750 com.android.server.wm.Session.relayout:242 
01-29 14:08:42.077 D/MARsPolicyManager( 1351): onPackageResumedFG pkgName = com.asc.markets, userId = 0
01-29 14:08:42.213 D/MdnieScenarioControlService( 1351):  packageName : com.asc.markets    className : com.asc.markets.MainActivity
01-29 14:08:42.581 D/WindowManager( 1351): onAnimationFinished(): targetRootTask=Task{c9270b6 #1 type=home ?? U=0 visible=false mode=fullscreen translucent=false sz=1} targetActivity=ActivityRecord{4ea69b4 u0 com.sec.android.app.launcher/.activities.LauncherActivity t10761} mRestoreTargetBehindRootTask=Task{6395572 #11094 type=standard A=10268:com.asc.markets U=0 visible=true mode=fullscreen translucent=false sz=1}
01-29 14:08:42.594 V/WindowManager( 1351): Setting visibility of Window{25584df u0 com.asc.markets/com.asc.markets.MainActivity}: false, caller=com.android.server.wm.WindowContainer.sendAppVisibilityToClients:1110 com.android.server.wm.WindowToken.setClientVisible:448 com.android.server.wm.ActivityRecord.setClientVisible:7010 com.android.server.wm.ActivityRecord.onAnimationFinished:7897 com.android.server.wm.ActivityRecord.postApplyAnimation:5598 
01-29 14:08:42.631 D/SGM:GameManager( 1351): notePauseComponent(), received pkgName: com.asc.markets, userId: 0
01-29 14:08:42.631 E/WindowManager( 1351): win=Window{25584df u0 com.asc.markets/com.asc.markets.MainActivity} destroySurfaces: appStopped=true win.mWindowRemovalAllowed=false win.mRemoveOnExit=false win.mViewVisibility=8 caller=com.android.server.wm.ActivityRecord.destroySurfaces:5867 com.android.server.wm.ActivityRecord.destroySurfaces:5848 com.android.server.wm.ActivityRecord.notifyAppStopped:5912 com.android.server.wm.ActivityRecord.activityStopped:6538 com.android.server.wm.ActivityClientController.activityStopped:254 android.app.IActivityClientController$Stub.onTransact:596 com.android.server.wm.ActivityClientController.onTransact:130 
01-29 14:08:42.631 I/WindowManager( 1351): Destroying surface Surface(name=com.asc.markets/com.asc.markets.MainActivity$_6798)/@0x5423557 called by com.android.server.wm.WindowStateAnimator.destroySurface:987 com.android.server.wm.WindowStateAnimator.destroySurfaceLocked:518 com.android.server.wm.WindowState.destroySurfaceUnchecked:4229 com.android.server.wm.WindowState.destroySurface:4203 com.android.server.wm.ActivityRecord.destroySurfaces:5867 com.android.server.wm.ActivityRecord.destroySurfaces:5848 com.android.server.wm.ActivityRecord.notifyAppStopped:5912 com.android.server.wm.ActivityRecord.activityStopped:6538 
01-29 14:09:52.457 D/MARs:ActiveTrafficFilter( 1351): filter : com.asc.markets(0)
01-29 14:09:52.457 D/FreecessController( 1351): com.asc.markets(10268) is important[8]
01-29 14:10:02.468 D/MARs:ActiveTrafficFilter( 1351): filter : com.asc.markets(0)
01-29 14:10:02.469 D/FreecessController( 1351): com.asc.markets(10268) is important[8]
01-29 14:10:12.482 D/MARs:ActiveTrafficFilter( 1351): filter : com.asc.markets(0)
01-29 14:10:12.483 D/FreecessController( 1351): com.asc.markets(10268) is important[8]
01-29 14:10:22.488 D/MARs:ActiveTrafficFilter( 1351): filter : com.asc.markets(0)
01-29 14:10:22.488 D/FreecessController( 1351): com.asc.markets(10268) is important[8]
01-29 14:10:32.494 D/MARs:ActiveTrafficFilter( 1351): filter : com.asc.markets(0)
01-29 14:10:32.494 D/FreecessController( 1351): com.asc.markets(10268) is important[8]
01-29 14:10:42.514 D/FreecessController( 1351): com.asc.markets(state: Initial -> Freezeable, Reason: uidIdle)
01-29 14:10:52.514 D/FreecessController( 1351): com.asc.markets(state: Freezeable -> Frozen, Reason: uidIdle)
01-29 14:10:52.518 D/FreecessController( 1351): FZ : com.asc.markets(6798)
01-29 14:10:52.520 D/FreecessController( 1351): FZ : com.asc.markets(0), reason: Bg
01-29 14:29:01.593 I/ItemInfoUtils( 2785): createItemInfoFromLauncherApps: com.asc.markets/null, UserHandle{0}
01-29 14:30:30.020 I/Finsky  (16686): [2] VerifyApps: Install-time verification requested for package com.asc.markets, PackageManager id = 22, Verifier id = 2e8e28a8-cbba-494d-951c-3977c22f1ef0
01-29 14:30:30.120 I/Finsky  (16686): [13255] VerifyApps: Anti-malware verification task started for package=com.asc.markets
01-29 14:30:30.323 I/GOS:GameServiceReceiver(27496):  PkgInstallStarted for com.asc.markets UserID : 0
01-29 14:30:30.408 I/GOS:GameIntentService(27496): onPackageChanged(). extras: Bundle[{changeType=2, userId=0, type=15, packageName=com.asc.markets}]
01-29 14:30:30.408 I/GOS:GameIntentService(27496): onPackageChanged(). changeType(INSTALL_STARTED), pkgName(com.asc.markets), UserHandle(0), userId(0), Installed(true)
01-29 14:30:30.635 I/Finsky  (16686): [13255] VerifyApps: chooseScanResult for package=com.asc.markets with timeout=15000ms
01-29 14:30:30.638 I/Finsky  (16686): [12623] VerifyApps: Starting APK Analysis scan for com.asc.markets.
01-29 14:30:30.640 I/Finsky  (16686): [12623] Scanning package com.asc.markets contents with client side protections. File: [kydqCXp5f9Fag3Xej_7tCjVWAwLNBN--dGifTcVcU48]
01-29 14:30:31.593 I/Finsky  (16686): [13260] VerifyApps: Verification package=com.asc.markets, id=22, response=0, upload_requested=false, enable_ecm=false
01-29 14:30:31.597 I/Finsky  (16686): [13260] VerifyApps: PAM result saving to datastore delayed for package: com.asc.markets
01-29 14:30:43.407 I/TaskView( 2785): Click task : com.asc.markets
01-29 14:30:43.415 D/SGM:GameManager( 1351):   sendRunningComponentFocus(), pkgName: com.asc.markets, userId: 0
01-29 14:30:43.415 D/SGM:GameManager( 1351): onLooperPrepared(), msg: MSG_TASK_FOCUSED, pkgName: com.asc.markets, userId: 0
01-29 14:30:43.415 D/SGM:GameManager( 1351):   handleTaskFocused(), pkgName: com.asc.markets, userID:0 mResumedPkgMap does not containsKey.
01-29 14:30:43.434 D/StartingSurfaceDrawer( 2286): addTaskSnapshotStartingWindow: snapshot=TaskSnapshot{ mId=1769692122522 mTopActivityComponent=com.asc.markets/.MainActivity mSnapshot=android.hardware.HardwareBuffer@69c9d7b (1080x2400) mColorSpace=sRGB IEC61966-2.1 (id=0, model=RGB) mOrientation=1 mRotation=0 mTaskSize=Point(1080, 2400) mContentInsets=[0,91][0,126] mIsLowResolution=false mIsRealSnapshot=true mWindowingMode=1 mAppearance=0 mIsTranslucent=false mHasImeSurface=false desc=TaskDescription Label: null Icon: null IconFilename: null colorPrimary: -4487428 colorBackground: -15592942 statusBarColor: -13172557 navigationBarColor: -16711423 (contrast when transparent) resizeMode: RESIZE_MODE_RESIZEABLE_VIA_SDK_VERSION minWidth: -1 minHeight: -1 colorBackgrounFloating: -12434878
01-29 14:30:43.441 V/ActivityManager( 1351): Changed top to ProcessRecord{9610d58 6798:com.asc.markets/u0a268}
01-29 14:30:43.448 D/MARsPolicyManager( 1351): onPackageResumedFG pkgName = com.asc.markets, userId = 0
01-29 14:30:43.448 D/FreecessController( 1351): UFZ : com.asc.markets(6798)
01-29 14:30:43.449 D/FreecessController( 1351): UFZ : com.asc.markets(0), reason: CancelPolicy
01-29 14:30:43.451 V/WindowManager( 1351): Setting visibility of Window{25584df u0 com.asc.markets/com.asc.markets.MainActivity}: true, caller=com.android.server.wm.WindowContainer.sendAppVisibilityToClients:1110 com.android.server.wm.WindowToken.setClientVisible:448 com.android.server.wm.ActivityRecord.setClientVisible:7010 com.android.server.wm.ActivityRecord.setVisibility:5449 com.android.server.wm.ActivityRecord.setVisibility:5344 
01-29 14:30:43.453 D/WindowManager( 1351): rotationForOrientation, orientationSource=ActivityRecord{de8027d u0 com.asc.markets/.MainActivity t11094}
01-29 14:30:43.454 D/WindowManager( 1351): rotationForOrientation, orientationSource=ActivityRecord{de8027d u0 com.asc.markets/.MainActivity t11094}
01-29 14:30:43.454 D/WindowManager( 1351): rotationForOrientation, orientationSource=ActivityRecord{de8027d u0 com.asc.markets/.MainActivity t11094}
01-29 14:30:43.465 D/WindowManager( 1351): createAnimationAdapter(): container=Task{6395572 #11094 type=standard A=10268:com.asc.markets U=0 visible=true mode=fullscreen translucent=false sz=1}
01-29 14:30:43.467 D/WindowManager( 1351): 	Add container=Task{6395572 #11094 type=standard A=10268:com.asc.markets U=0 visible=true mode=fullscreen translucent=false sz=1}
01-29 14:30:43.474 I/WindowManager( 1351): container=Task{6395572 #11094 type=standard A=10268:com.asc.markets U=0 visible=true mode=fullscreen translucent=false sz=1}
01-29 14:30:43.474 I/WindowManager( 1351):   taskInfo=TaskInfo{userId=0 taskId=11094 displayId=0 isRunning=true baseIntent=Intent { act=android.intent.action.MAIN cat=[android.intent.category.LAUNCHER] flg=0x10200000 cmp=com.asc.markets/.MainActivity } baseActivity=ComponentInfo{com.asc.markets/com.asc.markets.MainActivity} topActivity=ComponentInfo{com.asc.markets/com.asc.markets.MainActivity} origActivity=null realActivity=ComponentInfo{com.asc.markets/com.asc.markets.MainActivity} numActivities=1 lastActiveTime=199866227 supportsSplitScreenMultiWindow=true supportsMultiWindow=true resizeMode=1 isResizeable=true token=WCT{RemoteToken{95cc41f Task{6395572 #11094 type=standard A=10268:com.asc.markets U=0 visible=true mode=fullscreen translucent=false sz=1}}} topActivityType=1 pictureInPictureParams=PictureInPictureParams( aspectRatio=null sourceRectHint=null hasSetActions=false isAutoPipEnabled=false isSeamlessResizeEnabled=true) displayCutoutSafeInsets=Rect(0, 91 - 0, 0) topActivityInfo=ActivityInfo{f3b236c com.asc.markets.MainActivity} launchCookies=[] positionInParent=Point(0, 0) parentTaskId=-1 isFocused=false isVisible=true topActivityInSizeCompat=false locusId= null topLaunchHome=false launchSplitWindowingMode=0 isPairTask=false pairedTaskIds=[] pairWindowingMode=0 pairDockSide=0 isAnimatingByRecent=false originallySupportedSplitScreen=true isAnimatingFreeformToFullscreen=false topActivityInFixedAspectRatio=false isTopTransparentActivity=true}
01-29 14:30:43.514 I/GameSDK@LifeCycle( 1351): noteResumeComponent(): package name  : com.asc.markets
01-29 14:30:43.516 D/SGM:GameManager( 1351): identifyGamePackage. com.asc.markets, mCurrentUserId: 0, callerUserId: 0, callingMethodInfo: com.android.server.ssrm.fgapps.GameAppUtils.isGame(GameAppUtils.java:84)
01-29 14:30:43.516 D/SGM:PkgDataHelper( 1351): getGamePkgData(). com.asc.markets
01-29 14:30:43.518 D/SGM:GameManager( 1351): identifyGamePackage. com.asc.markets, mCurrentUserId: 0, callerUserId: 0, callingMethodInfo: com.android.server.ssrm.SortingMachine.isGame(SortingMachine.java:162)
01-29 14:30:43.518 D/SGM:PkgDataHelper( 1351): getGamePkgData(). com.asc.markets
01-29 14:30:43.518 D/SGM:GameManager( 1351): noteResumeComponent(), received pkgName: com.asc.markets, userId: 0
01-29 14:30:43.518 D/SGM:GameManager( 1351): onLooperPrepared(), msg: MSG_APP_RESUME, pkgName: com.asc.markets, userid: 0
01-29 14:30:43.518 D/SGM:GameManager( 1351):   handleResume(). pkgName: com.asc.markets, userId: 0, isTunableApp: null
01-29 14:30:43.518 D/SGM:GameManager( 1351): notifyFocusInOut(). of pkg: com.asc.markets, type: 4, isMinimized: false, isTunableApp: false, userId: 0
01-29 14:30:43.536 V/WindowManager( 1351): Relayout Window{25584df u0 com.asc.markets/com.asc.markets.MainActivity}: viewVisibility=4 req=1080x2400 d0
01-29 14:30:43.536 D/SGM:GameManager( 1351): identifyForegroundApp. com.asc.markets, mCurrentUserId: 0, callerUserId: 0
01-29 14:30:43.536 D/SGM:PkgDataHelper( 1351): getGamePkgData(). com.asc.markets
01-29 14:30:43.538 D/SGM:GameManager( 1351): identifyGamePackage. com.asc.markets, mCurrentUserId: 0, callerUserId: 0, callingMethodInfo: com.samsung.android.game.IGameManagerService$Stub.onTransact(IGameManagerService.java:242)
01-29 14:30:43.538 D/SGM:PkgDataHelper( 1351): getGamePkgData(). com.asc.markets
01-29 14:30:43.611 V/WindowManager( 1351): Relayout Window{25584df u0 com.asc.markets/com.asc.markets.MainActivity}: viewVisibility=0 req=1080x2400 d0
01-29 14:30:43.612 I/SurfaceFlinger( 1019): id=39332 createSurf (1080x2400),-3 flag=40004, com.asc.markets/com.asc.markets.MainActivity$_6798#0
01-29 14:30:43.613 D/WindowManager( 1351): makeSurface duration=1 name=com.asc.markets/com.asc.markets.MainActivity$_6798
01-29 14:30:43.615 V/WindowManager( 1351): Changing focus from null to Window{25584df u0 com.asc.markets/com.asc.markets.MainActivity} displayId=0 Callers=com.android.server.wm.RootWindowContainer.updateFocusedWindowLocked:583 com.android.server.wm.WindowManagerService.updateFocusedWindowLocked:6480 com.android.server.wm.WindowManagerService.relayoutWindow:2750 com.android.server.wm.Session.relayout:242 
01-29 14:30:43.615 D/MARsPolicyManager( 1351): onPackageResumedFG pkgName = com.asc.markets, userId = 0
01-29 14:30:43.655 D/InputDispatcher( 1351): Focus request (0): 25584df com.asc.markets/com.asc.markets.MainActivity but waiting because NOT_VISIBLE
01-29 14:30:43.660 D/MdnieScenarioControlService( 1351):  packageName : com.asc.markets    className : com.asc.markets.MainActivity
01-29 14:30:43.759 D/WindowManager( 1351): finishDrawingWindow: Window{25584df u0 com.asc.markets/com.asc.markets.MainActivity} mDrawState=DRAW_PENDING
01-29 14:30:43.765 I/WindowManager( 1351): Reparenting to leash, surface=Surface(name=bda91c2 SnapshotStartingWindow for taskId=11094)/@0x649393, leashParent=Surface(name=ActivityRecord{de8027d u0 com.asc.markets/.MainActivity t11094})/@0xf63ac88
01-29 14:30:43.773 D/InputDispatcher( 1351): Focus entered window (0): 25584df com.asc.markets/com.asc.markets.MainActivity
01-29 14:30:43.780 D/SurfaceFlinger( 1019):      CLIENT | 0xb400007a5a915820 | 0100 | RGBA_8888    |    0.0    2.0 1080.0 2397.0 |    5   11 1072 2378 | com.asc.markets/com.asc.markets.MainActivity$_6798#0
01-29 14:30:43.781 I/PkgPredictorService-SecIpmManagerServiceImpl( 1351): reportToNAP uid:10268 com.asc.markets/com.asc.markets.MainActivity thisTime:350
01-29 14:30:43.823 I/WindowManager( 1351): Reparenting to original parent: Surface(name=ActivityRecord{de8027d u0 com.asc.markets/.MainActivity t11094})/@0xf63ac88, destroy=true, surface=Surface(name=bda91c2 SnapshotStartingWindow for taskId=11094)/@0x649393
01-29 14:30:43.853 D/SurfaceFlinger( 1019):      CLIENT | 0xb400007a5a918eb0 | 0100 | RGBA_8888    |    2.0    0.0 1080.0 2400.0 |    0    0 1078 2400 | com.asc.markets/com.asc.markets.MainActivity$_6798#0
01-29 14:30:43.896 D/WindowManager( 1351): 	container=Task{6395572 #11094 type=standard A=10268:com.asc.markets U=0 visible=true mode=fullscreen translucent=false sz=1}
01-29 14:30:43.936 D/SurfaceFlinger( 1019):      DEVICE | 0xb400007a5a904000 | 0100 | RGBA_8888    |    0.0    0.0 1080.0 2400.0 |    0    0 1080 2400 | com.asc.markets/com.asc.markets.MainActivity$_6798#0
01-29 14:30:44.093 D/MdnieScenarioControlService( 1351):  packageName : com.asc.markets    className : com.asc.markets.MainActivity
01-29 14:30:44.308 D/SGM:GameManager( 1351): identifyForegroundApp. com.asc.markets, mCurrentUserId: 0, callerUserId: 0
01-29 14:30:44.308 D/SGM:PkgDataHelper( 1351): getGamePkgData(). com.asc.markets
01-29 14:30:45.596 W/Finsky  (16686): [12623] VerifyApps: APK Analysis scan timed out for com.asc.markets.
01-29 14:30:45.596 I/Finsky  (16686): [12623] VerifyApps: APK Analysis scan finished for com.asc.markets. Verdict: SAFE
01-29 14:30:45.598 I/Finsky  (16686): [13255] VerifyApps: ScanResultPicker returned for package=com.asc.markets: SAFE
01-29 14:30:45.598 I/Finsky  (16686): [13255] VerifyApps: chooseScanResult returning verdict SAFE for package=com.asc.markets
01-29 14:30:45.599 I/Finsky  (16686): [13255] VerifyApps: Starting required split types check for com.asc.markets.
01-29 14:30:45.606 I/Finsky  (16686): [13255] VerifyApps: Required split types check successful for com.asc.markets.
01-29 14:30:45.614 I/Finsky  (16686): [13255] VerifyApps V31SignatureVerification: Successful verification for the package: com.asc.markets using APK Signature Scheme v3
01-29 14:30:45.623 I/Finsky  (16686): [2] VerifyApps: Install-time verification complete: id=22, package_name=com.asc.markets
01-29 14:30:45.622 I/PackageManager( 1351):           pkg{com.asc.markets}
01-29 14:30:45.681 I/ActivityManager( 1351): Force stopping com.asc.markets appid=10268 user=-1: installPackageLI
01-29 14:30:45.683 I/ActivityManager( 1351): Killing 6798:com.asc.markets/u0a268 (adj 0): stop com.asc.markets due to installPackageLI
01-29 14:30:45.686 D/ActivityManager( 1351): proc ProcessRecord{9610d58 6798:com.asc.markets/u0a268} already removed. so we skip next process.
01-29 14:30:45.686 W/ActivityTaskManager( 1351): Force removing ActivityRecord{de8027d u0 com.asc.markets/.MainActivity t11094 f}}: app died, no saved state
01-29 14:30:45.687 I/PackageManager( 1351): Update package com.asc.markets code path from /data/app/~~DJPcpWfdzORs8Lg9wK8v-Q==/com.asc.markets-ASy_nQC6pscz9NH6XbYb4A== to /data/app/~~-G7GgZvhENoMhEVyTIeA9A==/com.asc.markets-q4BQ8wfk-I3MgmV2rhDYAQ==; Retain data and using new
01-29 14:30:45.689 D/PersonaServiceHelper( 1351): in trim for persona 150 setting false PackageSetting{e7a915a com.asc.markets/10268} com.asc.markets
01-29 14:30:45.692 I/ActivityTaskManager( 1351): Removing activity ActivityRecord{de8027d u0 com.asc.markets/.MainActivity t11094 f}}(appDied)  from stack callers=com.android.server.wm.ActivityRecord.handleAppDied:4286 com.android.server.wm.WindowProcessController.handleAppDied:1297 com.android.server.wm.ActivityTaskManagerService$LocalService.handleAppDied:7072 com.android.server.am.ActivityManagerService.handleAppDiedLocked:3663 com.android.server.am.ProcessList.removeProcessLocked:3709 
01-29 14:30:45.694 V/WindowManager( 1351): Changing focus from Window{25584df u0 com.asc.markets/com.asc.markets.MainActivity} to null displayId=0 Callers=com.android.server.wm.RootWindowContainer.updateFocusedWindowLocked:583 com.android.server.wm.WindowManagerService.updateFocusedWindowLocked:6480 com.android.server.wm.ActivityRecord.commitVisibility:5571 com.android.server.wm.ActivityRecord.onRemovedFromDisplay:4324 
01-29 14:30:45.694 D/MARsPolicyManager( 1351): onPackageResumedFG pkgName = com.asc.markets, userId = 0
01-29 14:30:45.698 V/WindowManager( 1351): Setting visibility of Window{25584df u0 com.asc.markets/com.asc.markets.MainActivity}: false, caller=com.android.server.wm.WindowContainer.sendAppVisibilityToClients:1110 com.android.server.wm.WindowToken.setClientVisible:448 com.android.server.wm.ActivityRecord.setClientVisible:7010 com.android.server.wm.ActivityRecord.onAnimationFinished:7897 com.android.server.wm.ActivityRecord.postApplyAnimation:5598 
01-29 14:30:45.700 W/InputManager-JNI( 1351): Input channel object '25584df com.asc.markets/com.asc.markets.MainActivity (client)' was disposed without first being removed with the input manager!
01-29 14:30:45.704 D/InputDispatcher( 1351): Focus left window (0): 25584df com.asc.markets/com.asc.markets.MainActivity
