01-29 14:48:20.276 D/ImsResolver( 2268): maybeAddedImsService, packageName: com.asc.markets
01-29 14:48:20.277 I/Finsky:background(17349): [14831] SCH: Scheduling 1 system job(s)
01-29 14:48:20.277 I/Finsky:background(17349): [14831] SCH: Scheduling system job Id: 10974, L: 0, D: 86384346, C: true, I: false, N: 2
01-29 14:48:20.278 D/AF::TrackHandle(  983): OpPlayAudio: track:122 usage:2 not muted
01-29 14:48:20.279 D/AF::TrackHandle(  983): OpPlayAudio: track:122 usage:2 not muted
01-29 14:48:20.279 D/nativeloader(15085): Configuring clns-8 for other apk /data/app/~~f47v9tbwdPwInqSutyVZxQ==/com.google.android.webview-z3Yt1N-Ybd_aZmui6pR9rw==/base.apk. target_sdk_version=36, uses_libraries=, library_path=/data/app/~~f47v9tbwdPwInqSutyVZxQ==/com.google.android.webview-z3Yt1N-Ybd_aZmui6pR9rw==/lib/arm64:/data/app/~~f47v9tbwdPwInqSutyVZxQ==/com.google.android.webview-z3Yt1N-Ybd_aZmui6pR9rw==/base.apk!/lib/arm64-v8a:/data/app/~~2p-8pK-6KGnja-0mFt5PKA==/com.google.android.trichromelibrary_749919333-UQ6O3A1SmoT7csPmGxwkLA==/base.apk!/lib/arm64-v8a, permitted_path=/data:/mnt/expand
01-29 14:48:20.281 D/AF::TrackHandle(  983): OpPlayAudio: track:122 usage:2 not muted
01-29 14:48:20.281 I/ContainerConfigurationPolicy( 2624): Bluetooth And NFC caller permission check
01-29 14:48:20.281 D/ContainerConfigurationPolicy( 2624): current version : KNOX_ENTERPRISE_SDK_VERSION_3_8, Required version : KNOX_ENTERPRISE_SDK_VERSION_2_4
01-29 14:48:20.288 D/NfcKnoxUtil( 2624): NFC enabled ? true
01-29 14:48:20.289 I/NfcKnoxUtil( 2624): allow NFC for 150
01-29 14:48:20.297 D/CompatibilityChangeReporter( 1351): Compat change id reported: 168419799; UID 1000; state: DISABLED
01-29 14:48:20.299 I/ActivityManager( 1351): DSS OFF for com.android.settings
01-29 14:48:20.303 D/ActivityManager( 1351): attachApplicationLocked() app=ProcessRecord{93b46a5 17648:com.android.settings:remote/1000} app.isolatedEntryPoint=null instr2=null
01-29 14:48:20.304 I/SEP_UNION_SemUnionManager(17608): getUnionService() : semeventdelegator 
01-29 14:48:20.305 I/SEP_UNION_SemUnionManager(17608): getSemSystemService : semeventdelegator 
01-29 14:48:20.313 D/SEP_UNION_SemUnionMainServiceImpl( 1351): getSemSystemService - semeventdelegator 
01-29 14:48:20.314 I/ResourceOverlayService_0(17608): initManager thread creation
01-29 14:48:20.314 D/ActivityThread(17648): handleBindApplication()++ app=com.android.settings:remote
01-29 14:48:20.314 D/CompatibilityChangeReporter(17648): Compat change id reported: 171979766; UID 1000; state: ENABLED
01-29 14:48:20.316 D/SEP_UNION_SemDeviceInfoManagerService( 1351): registerPendingIntentForUriAsUser() uri = content://settings/global/device_provisioned, callingPackage = com.samsung.android.localeoverlaymanager, tag = , userId = 0 
01-29 14:48:20.316 D/SEP_UNION_SemDeviceInfoManagerService( 1351): PendingIntentWithConditions added f=0 
01-29 14:48:20.320 I/.microsoft.bin(15085): Waiting for a blocking GC ClassLinker
01-29 14:48:20.321 I/ResourceOverlayService_0(17608): requestPendingActions() called - No pending actions!
01-29 14:48:20.321 I/ResourceOverlayService_0(17608): setProcessForeground: true
01-29 14:48:20.323 I/LocaleOverlayManager_0(17608): Handler ready Handler (com.samsung.android.localeoverlaymanager.LocaleOverlayManager$OverlayHandler) {4e2c2aa}
01-29 14:48:20.325 I/Finsky:background(17349): [14849] SCH: Canceling job 3-70694
01-29 14:48:20.326 I/Finsky:background(17349): [14849] WM::SCH: Logging work end for 3-70694
01-29 14:48:20.328 E/ResourceOverlayService_0(17608): onStartCommand com.samsung.android.localeoverlaymanager.action.PACKAGE_ADDED manager -Thread[ResourceOverlayService,5,main]
01-29 14:48:20.328 I/PreferenceUtils(17608): getPreferences() called with: userId = [0], context: com.samsung.android.localeoverlaymanager.ResourceOverlayService@18c3238
01-29 14:48:20.328 W/fb4a.InitStatus(17378): Not blocking Provider (183384548)
01-29 14:48:20.329 E/DatabaseUtils(17378): Writing exception to parcel
01-29 14:48:20.329 E/DatabaseUtils(17378): java.lang.IllegalArgumentException: java.lang.NoSuchMethodException: com.facebook.katana.liteprovider.usdid.UsdidValuesProvider$Impl.<init> [class X.0ci]
01-29 14:48:20.329 E/DatabaseUtils(17378): 	at X.0ci.A02(:93)
01-29 14:48:20.329 E/DatabaseUtils(17378): 	at X.0ci.call(:22)
01-29 14:48:20.329 E/DatabaseUtils(17378): 	at android.content.ContentProvider.call(ContentProvider.java:2576)
01-29 14:48:20.329 E/DatabaseUtils(17378): 	at android.content.ContentProvider$Transport.call(ContentProvider.java:526)
01-29 14:48:20.329 E/DatabaseUtils(17378): 	at android.content.ContentProviderNative.onTransact(ContentProviderNative.java:295)
01-29 14:48:20.329 E/DatabaseUtils(17378): 	at android.os.Binder.execTransactInternal(Binder.java:1215)
01-29 14:48:20.329 E/DatabaseUtils(17378): 	at android.os.Binder.execTransact(Binder.java:1179)
01-29 14:48:20.329 E/DatabaseUtils(17378): Caused by: java.lang.NoSuchMethodException: com.facebook.katana.liteprovider.usdid.UsdidValuesProvider$Impl.<init> [class X.0ci]
01-29 14:48:20.329 E/DatabaseUtils(17378): 	at java.lang.Class.getConstructor0(Class.java:3379)
01-29 14:48:20.329 E/DatabaseUtils(17378): 	at java.lang.Class.getDeclaredConstructor(Class.java:3061)
01-29 14:48:20.329 E/DatabaseUtils(17378): 	at X.0ci.A02(:55)
01-29 14:48:20.329 E/DatabaseUtils(17378): 	... 6 more
01-29 14:48:20.332 I/ResourceOverlayService_0(17608): handlePendingTask- packageName: None
01-29 14:48:20.332 I/ResourceOverlayService_0(17608): onStartCommand: Package changed intent. Data = package:com.asc.markets
01-29 14:48:20.332 E/ResourceOverlayService_0(17608): requestPendingAction sending bundle Bundle[{changed_package=com.asc.markets, pending_action=com.samsung.android.localeoverlaymanager.action.PACKAGE_ADDED}]
01-29 14:48:20.337 I/LocaleOverlayManager_0(17608): handleMessage false msg { when=-6ms what=1 obj=Bundle[{changed_package=com.asc.markets, pending_action=com.samsung.android.localeoverlaymanager.action.PACKAGE_ADDED}] target=com.samsung.android.localeoverlaymanager.LocaleOverlayManager$OverlayHandler }
01-29 14:48:20.339 D/CompatibilityChangeReporter( 1351): Compat change id reported: 168419799; UID 10614; state: DISABLED
01-29 14:48:20.344 I/LocaleOverlayManager_0(17608): MESSAGE_PENDING_ACTION --com.samsung.android.localeoverlaymanager.action.PACKAGE_ADDED
01-29 14:48:20.344 I/LocaleOverlayManager_0(17608): handleMessage false msg { when=0 what=3 obj=Bundle[{changed_package=com.asc.markets, is_package_added=true, pending_action=com.samsung.android.localeoverlaymanager.action.PACKAGE_ADDED}] target=com.samsung.android.localeoverlaymanager.LocaleOverlayManager$OverlayHandler }
01-29 14:48:20.344 I/LocaleOverlayManager_0(17608): handleMessage: MESSAGE_PARSE_SINGLE_PACKAGE. PackageName = [com.asc.markets], Added = [true]
01-29 14:48:20.344 I/PreferenceUtils(17608): getPreferences() called with: userId = [0], context: android.app.Application@4025f76
01-29 14:48:20.346 I/LocaleOverlayManager_0(17608): hasZippedOverlaysPackage: com.asc.markets -- false
01-29 14:48:20.346 I/LocaleOverlayManager_0(17608): Package is not supported for Locale Overlays: com.asc.markets
01-29 14:48:20.346 I/LocaleOverlayManager_0(17608): cleanLocaleOverlayForDisable: com.samsung.android.localeoverlaymanager.OverlayManager@aee39e4, packageName : com.asc.markets
01-29 14:48:20.347 I/OverlayManager(17608): getLocaleOverlayInfosForTarget []
01-29 14:48:20.347 I/LocaleOverlayManager_0(17608): cleanLocaleOverlayForDisable() overlayPackages:[]
01-29 14:48:20.347 I/LocaleOverlayManager_0(17608): handleTaskComplete -- callers: com.samsung.android.localeoverlaymanager.LocaleOverlayManager.cleanLocaleOverlayForDisable:515 com.samsung.android.localeoverlaymanager.LocaleOverlayManager.access$700:36 
01-29 14:48:20.347 I/PreferenceUtils(17608): getPreferences() called with: userId = [0], context: android.app.Application@4025f76
01-29 14:48:20.349 I/LocaleOverlayManager_0(17608): callbackObserver. mCurrentObserver: null
01-29 14:48:20.353 I/Finsky:background(17349): [14828] SCH: Scheduling phonesky job Id: 3-70696, CT: 1769694484617, Constraints: [{ L: 0, D: 86400000, C: CHARGING_REQUIRED, I: IDLE_REQUIRED, N: NET_UNMETERED, B: BATTERY_ANY }]
01-29 14:48:20.357 I/Fitness ( 7646): (REDACTED) OnPackageChangedOperation got intent: %s
01-29 14:48:20.365 D/ConnectivityService( 1351): releasing NetworkRequest [ REQUEST id=31205, [ Capabilities: INTERNET&NOT_RESTRICTED&TRUSTED&NOT_VCN_MANAGED Uid: 10276 RequestorUid: 10276 RequestorPkg: com.microsoft.office.outlook UnderlyingNetworks: Null] ] (release request)
01-29 14:48:20.365 D/ConnectivityService( 1351):  Removing from current network [135 CELLULAR], leaving 222 requests.
01-29 14:48:20.367 I/Zygote  (  842): Process 15092 exited due to signal 9 (Killed)
01-29 14:48:20.372 I/Finsky:background(17349): [14831] SCH: Scheduling 1 system job(s)
01-29 14:48:20.373 I/Finsky:background(17349): [14831] SCH: Scheduling system job Id: 10975, L: 0, D: 86384245, C: true, I: true, N: 2
01-29 14:48:20.385 D/nativeloader(17648): Configuring clns-shared-4 for other apk /system/priv-app/SecSettings/SecSettings.apk. target_sdk_version=31, uses_libraries=, library_path=/system/priv-app/SecSettings/lib/arm64:/system/priv-app/SecSettings/SecSettings.apk!/lib/arm64-v8a:/system/lib64:/system/system_ext/lib64, permitted_path=/data:/mnt/expand:/data/user_de/0/com.android.settings:/system/priv-app/SecSettings:/system/lib64:/system/system_ext/lib64
01-29 14:48:20.392 I/GenerationRegistry( 1351): mBackingStore.isClosed() : false
01-29 14:48:20.393 I/ResourceOverlayService_0(17608): waitAndQuit called
01-29 14:48:20.394 I/ActivityManager( 1351): Process com.microsoft.office.outlook (pid 15092) has died: cch+35 CEM (199,2516)
01-29 14:48:20.402 I/libprocessgroup( 1351): Successfully killed process cgroup uid 10276 pid 15092 in 7ms
01-29 14:48:20.403 D/CompatibilityChangeReporter( 1351): Compat change id reported: 171306433; UID 10276; state: ENABLED
01-29 14:48:20.410 I/ResourceOverlayService_0(17608): onDestroy 
01-29 14:48:20.410 I/ResourceOverlayService_0(17608): setProcessForeground: false
01-29 14:48:20.415 I/ResourceOverlayService_0(17608): Stopself..
01-29 14:48:20.418 D/SyncManager( 1351): userId - 0 auto - true
01-29 14:48:20.419 I/LocaleOverlayManager_0(17608): quit() called
01-29 14:48:20.419 D/SEP_UNION_SemDeviceInfoManagerService( 1351): unregisterPendingIntentForUriAsUser() uri = content://settings/global/device_provisioned, userId = 0 
01-29 14:48:20.420 I/LocaleOverlayManager_0(17608): quit() called no pending messages to remove 
01-29 14:48:20.420 I/Gallery (18121): [ 578:  GalleryApplication] onTrimMemory(60) 147MB +0
01-29 14:48:20.424 W/Looper  ( 1351): Slow dispatch took 168ms android.perm h=android.os.Handler c=<recycled PooledLambda@6c2b448> m=0
01-29 14:48:20.425 D/AccessibilityManagerService( 1351): currentTargets : [] targetsFromSetting : []
01-29 14:48:20.425 D/AccessibilityManagerService( 1351): componentId : com.safesurfer/com.safesurfer.services.PreventUninstallService userState.getTargetAssignedToAccessibilityButton() : com.safesurfer/com.safesurfer.services.PreventUninstallService
01-29 14:48:20.425 V/GraphicsEnvironment(17648): ANGLE Developer option for 'com.android.settings' set to: 'default'
01-29 14:48:20.425 D/AccessibilityManagerService( 1351): readAccessibilityDirectAccessSettingLocked currentTargets : [com.samsung.accessibility/com.samsung.accessibility.shortcut.MuteAllShortcut, com.samsung.accessibility/com.samsung.accessibility.shortcut.ReduceBrightnessShortcut, com.samsung.accessibility/com.samsung.accessibility.shortcut.AccessibilityHomepageActivityShortcut] targetsFromSetting : [com.samsung.accessibility/com.samsung.accessibility.shortcut.MuteAllShortcut, com.samsung.accessibility/com.samsung.accessibility.shortcut.ReduceBrightnessShortcut, com.samsung.accessibility/com.samsung.accessibility.shortcut.AccessibilityHomepageActivityShortcut]
01-29 14:48:20.426 D/LoadedApk(17648): LoadedApk::makeApplication() appContext.mOpPackageName=com.android.settings appContext.mBasePackageName=com.android.settings
01-29 14:48:20.426 D/NetworkSecurityConfig(17648): No Network Security Config specified, using platform default
01-29 14:48:20.428 D/NetworkSecurityConfig(17648): No Network Security Config specified, using platform default
01-29 14:48:20.428 D/ActivityThread(17648): handleBindApplication() --
01-29 14:48:20.430 D/SettingsProvider( 1351): isChangeAllowed() : name = accessibility_enabled
01-29 14:48:20.431 I/SGM:GameManager( 1351): PkgUpdateReceiver, onReceive action =android.intent.action.PACKAGE_ADDED changingUserId =0
01-29 14:48:20.431 I/SGM:GameManager( 1351): PkgUpdateReceiver, onPackageAdded : com.asc.markets userHandle : UserHandle{0} userId : 0
01-29 14:48:20.431 I/SGM:GameManager( 1351): PkgUpdateReceiver, com.samsung.android.game.gos is enabled : true
01-29 14:48:20.431 D/SGM:GosNotifyThread( 1351): notifyPackageChangedToGos(), before send intent to GOS. type:15, changeType: 0, pkgName:com.asc.markets, userHandleId:0
01-29 14:48:20.446 I/AppListCacheReceiver(17648): onReceive START action : com.samsung.android.settings.intent.action.PACKAGE_ADDED
01-29 14:48:20.446 I/AppListCacheReceiver(17648): onReceive END
01-29 14:48:20.446 D/CompatibilityChangeReporter( 1351): Compat change id reported: 168419799; UID 10059; state: DISABLED
01-29 14:48:20.451 I/Fitness ( 7646): (REDACTED) FitCleanupIntentOperation received Intent %s
01-29 14:48:20.452 D/SGM:GosNotifyThread( 1351): notifyPackageChangedToGos(), after send intent to GOS. ComponentInfo{com.samsung.android.game.gos/com.samsung.android.game.gos.service.GameIntentService}
01-29 14:48:20.452 I/Gallery (18121): [ 579:  GalleryApplication] onTrimMemory(60) 147MB +0
01-29 14:48:20.464 I/GOS:GameIntentService(17168): onHandleIntent. GameIntentService. type: 15, pkgName: com.asc.markets
01-29 14:48:20.469 I/ExternalMethodFactory( 2785): get_home_mode
01-29 14:48:20.481 I/Finsky:background(17349): [14849] SCH: Canceling job 3-70695
01-29 14:48:20.481 I/Finsky:background(17349): [14849] WM::SCH: Logging work end for 3-70695
01-29 14:48:20.487 I/Finsky:background(17349): [14827] SCH: no pending jobs to schedule.
01-29 14:48:20.487 E/nre     (31952): BlockableFutures: Cannot block on non-blocking thread
01-29 14:48:20.487 E/nre     (31952): java.lang.IllegalStateException: Cannot block on non-blocking thread: BG Thread #1
01-29 14:48:20.487 E/nre     (31952): 	at ajan.b(PG:109)
01-29 14:48:20.487 E/nre     (31952): 	at ajan.a(PG:1)
01-29 14:48:20.487 E/nre     (31952): 	at pho.a(PG:173)
01-29 14:48:20.487 E/nre     (31952): 	at vmm.f(PG:228)
01-29 14:48:20.487 E/nre     (31952): 	at vmj.b(PG:911)
01-29 14:48:20.487 E/nre     (31952): 	at cays.w(PG:12)
01-29 14:48:20.487 E/nre     (31952): 	at cbgm.run(PG:107)
01-29 14:48:20.487 E/nre     (31952): 	at bmmd.run(PG:588)
01-29 14:48:20.487 E/nre     (31952): 	at ajad.run(PG:7)
01-29 14:48:20.487 E/nre     (31952): 	at brdg.run(PG:44)
01-29 14:48:20.487 E/nre     (31952): 	at inb.run(PG:469)
01-29 14:48:20.487 E/nre     (31952): 	at java.lang.Thread.run(Thread.java:1563)
01-29 14:48:20.487 E/nre     (31952): 	at ajau.run(PG:61)
01-29 14:48:20.490 I/GenerationRegistry( 1351): mBackingStore.isClosed() : false
01-29 14:48:20.495 I/Finsky:background(17349): [14849] SCH: Canceling job 3-70696
01-29 14:48:20.496 I/RunestoneUtils(17611): currentRubinState : OK, isEnabledInSupportedApps : true
01-29 14:48:20.496 I/Finsky:background(17349): [14849] WM::SCH: Logging work end for 3-70696
01-29 14:48:20.497 I/Finsky:background(17349): [14828] SCH: no pending jobs to schedule.
01-29 14:48:20.499 D/AppListCacheIndexingManager(17648): insertPackage() success
01-29 14:48:20.520 I/Finsky:background(17349): [14849] SCH: Canceling job 3-70697
01-29 14:48:20.521 I/Finsky:background(17349): [14849] WM::SCH: Logging work end for 3-70697
01-29 14:48:20.522 I/Finsky:background(17349): [14825] SCH: no pending jobs to schedule.
01-29 14:48:20.523 I/ExternalMethodFactory( 2785): get_home_mode
01-29 14:48:20.526 I/GOS:GameIntentService(17168): onPackageChanged(). extras: Bundle[{changeType=0, userId=0, pkgName=com.asc.markets, type=15, packageName=com.asc.markets}]
01-29 14:48:20.526 I/GOS:GameIntentService(17168): onPackageChanged(). changeType(INSTALLED), pkgName(com.asc.markets), UserHandle(0), userId(0), Installed(true)
01-29 14:48:20.536 D/EnterpriseDeviceManagerService( 1351): Package has changed for user 0
01-29 14:48:20.536 D/EnterpriseDeviceManagerService( 1351): Admin package name: com.google.android.gms
01-29 14:48:20.536 D/EnterpriseDeviceManagerService( 1351): Admin package name: com.samsung.android.kgclient
01-29 14:48:20.536 D/LauncherAppsService( 1351): Callback onPackageAdded: com.asc.markets, userId: 0, listener: com.android.systemui
01-29 14:48:20.536 D/LauncherAppsService( 1351): Callback onPackageAdded: com.asc.markets, userId: 0, listener: android
01-29 14:48:20.536 D/LauncherAppsService( 1351): Callback onPackageAdded: com.asc.markets, userId: 0, listener: com.sec.android.app.launcher
01-29 14:48:20.537 D/LauncherAppsService( 1351): Callback onPackageAdded: com.asc.markets, userId: 0, listener: com.google.android.as
01-29 14:48:20.537 W/PackageManager( 1351): Failed registering loading progress callback. Package is fully loaded.
01-29 14:48:20.537 D/MetaDataCollector( 1351): onReceive: begin action=android.intent.action.PACKAGE_ADDED
01-29 14:48:20.537 D/MetaDataCollector( 1351): onReceive: done pkgName=com.asc.markets
01-29 14:48:20.537 D/KnoxHelper( 4607): getActivityList callingUserId: 0, target user: 0
01-29 14:48:20.539 I/PackageUpdatedTask( 2785): mAllAppsList.addPackage com.asc.markets
01-29 14:48:20.556 I/Icing   (  561): Indexing com.google.android.gms-apps from com.google.android.gms
01-29 14:48:20.563 I/GOS:SystemEventReactor(17168): checkReservedCategory() - reservedList is null or empty!
01-29 14:48:20.566 I/AppIconSolution( 2785): getThemeIconWithBG called with public API, pkg = com.asc.markets
01-29 14:48:20.566 I/AppIconSolution( 2785): return adaptive icon for com.asc.markets, isNight = true
01-29 14:48:20.571 I/GOS:App (17168): onTrimMemory 40
01-29 14:48:20.588 W/facebook.katan(17378): JNI RegisterNativeMethods: attempt to register 0 native methods for com.facebook.traffic.nts.providers.reachability.ReachabilityV2ProviderAppLayerUpcallsImpl
01-29 14:48:20.589 D/ConnectivityManager(17378): StackLog: [android.net.ConnectivityManager.sendRequestForNetwork(ConnectivityManager.java:4738)] [android.net.ConnectivityManager.registerDefaultNetworkCallbackForUid(ConnectivityManager.java:5463)] [android.net.ConnectivityManager.registerDefaultNetworkCallback(ConnectivityManager.java:5430)] [android.net.ConnectivityManager.registerDefaultNetworkCallback(ConnectivityManager.java:5404)] [com.facebook.traffic.nts.providers.reachability.TrafficNTSReachabilityListener.registerNetworkCallback(Unknown Source:9)] [com.facebook.traffic.nts.providers.reachability.TrafficNTSReachabilityListener.<init>(Unknown Source:34)] [com.facebook.traffic.nts.fblib.FBReachabilityV2ProviderAppLayerUpcallsImpl.<init>(Unknown Source:17)] [com.facebook.traffic.nts.fblib.FBTrafficNTSProvidersAppLayerImpl.initReachabilityV2Provider(Unknown Source:5)] [com.facebook.traffic.nts.fblib.FBTrafficNTSProvidersAppLayerImpl$scheduleReachabilityV2ProviderInit$4.run(Unknown Source:2)] [java.util.concurrent.Executors$RunnableAdapter.call(Executors.java:520)] [java.util.concurrent.FutureTask.run(FutureTask.java:317)] [X.1CC.run(Unknown Source:54)] [java.util.concurrent.ThreadPoolExecutor.runWorker(ThreadPoolExecutor.java:1154)] [java.util.concurrent.ThreadPoolExecutor$Worker.run(ThreadPoolExecutor.java:652)] [X.1CR.run(Unknown Source:3)] [X.1CU.run(Unknown Source:17)] [java.lang.Thread.run(Thread.java:1563)]
01-29 14:48:20.591 D/ConnectivityService( 1351): requestNetwork for uid/pid:10244/17378 activeRequest: null callbackRequest: 31230 [NetworkRequest [ REQUEST id=31231, [ Capabilities: INTERNET&NOT_RESTRICTED&TRUSTED&NOT_VCN_MANAGED Uid: 10244 RequestorUid: 10244 RequestorPkg: com.facebook.katana UnderlyingNetworks: Null] ]] callback flags: 0 order: 2147483647 isUidTracked: false declaredMethods: AVAIL|LOST|NC|LP
01-29 14:48:20.592 D/ConnectivityService( 1351):    accepting network in place of null for NetworkRequest [ REQUEST id=31231, [ Capabilities: INTERNET&NOT_RESTRICTED&TRUSTED&NOT_VCN_MANAGED Uid: 10244 RequestorUid: 10244 RequestorPkg: com.facebook.katana UnderlyingNetworks: Null] ]
01-29 14:48:20.593 D/WifiNetworkFactory( 1351): got request NetworkRequest [ REQUEST id=31231, [ Capabilities: INTERNET&NOT_RESTRICTED&TRUSTED&NOT_VCN_MANAGED Uid: 10244 RequestorUid: 10244 RequestorPkg: com.facebook.katana UnderlyingNetworks: Null] ]
01-29 14:48:20.593 D/UntrustedWifiNetworkFactory( 1351): got request NetworkRequest [ REQUEST id=31231, [ Capabilities: INTERNET&NOT_RESTRICTED&TRUSTED&NOT_VCN_MANAGED Uid: 10244 RequestorUid: 10244 RequestorPkg: com.facebook.katana UnderlyingNetworks: Null] ]
01-29 14:48:20.593 D/OemPaidWifiNetworkFactory( 1351): got request NetworkRequest [ REQUEST id=31231, [ Capabilities: INTERNET&NOT_RESTRICTED&TRUSTED&NOT_VCN_MANAGED Uid: 10244 RequestorUid: 10244 RequestorPkg: com.facebook.katana UnderlyingNetworks: Null] ]
01-29 14:48:20.594 D/ConnectivityService( 1351): Rematched networks [computed 0ms] [applied 0ms] [issued 2]
01-29 14:48:20.594 D/ConnectivityService( 1351): NetworkReassignment :
01-29 14:48:20.594 D/ConnectivityService( 1351):   31231 : null â†’ 135
01-29 14:48:20.595 W/SemWifiTransportLayerUtils( 1351): getApplicationCategory - IOException com.asc.markets
01-29 14:48:20.595 W/System.err( 1351): java.io.FileNotFoundException: https://play.google.com/store/apps/details?id=com.asc.markets&hl=en
01-29 14:48:20.595 W/System.err( 1351): 	at com.android.okhttp.internal.huc.HttpURLConnectionImpl.getInputStream(HttpURLConnectionImpl.java:255)
01-29 14:48:20.595 W/System.err( 1351): 	at com.android.okhttp.internal.huc.DelegatingHttpsURLConnection.getInputStream(DelegatingHttpsURLConnection.java:211)
01-29 14:48:20.595 W/System.err( 1351): 	at com.android.okhttp.internal.huc.HttpsURLConnectionImpl.getInputStream(HttpsURLConnectionImpl.java:30)
01-29 14:48:20.595 W/System.err( 1351): 	at com.samsung.android.server.wifi.tcp.SemWifiTransportLayerUtils.getApplicationCategory(SemWifiTransportLayerUtils.java:104)
01-29 14:48:20.595 W/System.err( 1351): 	at com.samsung.android.server.wifi.tcp.SemWifiTransportLayerMonitor$TcpMonitorHandler.handleMessage(SemWifiTransportLayerMonitor.java:244)
01-29 14:48:20.595 W/System.err( 1351): 	at android.os.Handler.dispatchMessage(Handler.java:106)
01-29 14:48:20.595 W/System.err( 1351): 	at android.os.Looper.loopOnce(Looper.java:226)
01-29 14:48:20.595 W/System.err( 1351): 	at android.os.Looper.loop(Looper.java:313)
01-29 14:48:20.595 W/System.err( 1351): 	at android.os.HandlerThread.run(HandlerThread.java:67)
01-29 14:48:20.595 I/LauncherActivityInfo( 2785): packageName: com.asc.markets, useThemeIcon: false, height: 189, width: 189, density: 640
01-29 14:48:20.596 D/SemWifiTransportLayerMonitor.TcpMonitorHandler( 1351): MSG_SAVE_PACKAGE_INFO
01-29 14:48:20.596 D/SemWifiTransportLayerFileManager( 1351): saveWifiPackageInfoToFile
01-29 14:48:20.596 D/SemWifiTransportLayerFileManager( 1351): writeWifiPackageInfoList
01-29 14:48:20.602 D/AccessibilityManagerService( 1351): currentTargets : [] targetsFromSetting : []
01-29 14:48:20.602 D/AccessibilityManagerService( 1351): componentId : com.safesurfer/com.safesurfer.services.PreventUninstallService userState.getTargetAssignedToAccessibilityButton() : com.safesurfer/com.safesurfer.services.PreventUninstallService
01-29 14:48:20.603 D/AccessibilityManagerService( 1351): readAccessibilityDirectAccessSettingLocked currentTargets : [com.samsung.accessibility/com.samsung.accessibility.shortcut.MuteAllShortcut, com.samsung.accessibility/com.samsung.accessibility.shortcut.ReduceBrightnessShortcut, com.samsung.accessibility/com.samsung.accessibility.shortcut.AccessibilityHomepageActivityShortcut] targetsFromSetting : [com.samsung.accessibility/com.samsung.accessibility.shortcut.MuteAllShortcut, com.samsung.accessibility/com.samsung.accessibility.shortcut.ReduceBrightnessShortcut, com.samsung.accessibility/com.samsung.accessibility.shortcut.AccessibilityHomepageActivityShortcut]
01-29 14:48:20.603 D/SettingsProvider( 1351): isChangeAllowed() : name = accessibility_enabled
01-29 14:48:20.620 D/SemWifiTransportLayerMonitor.TcpMonitorHandler( 1351): MSG_SAVE_PACKAGE_INFO
01-29 14:48:20.620 D/SemWifiTransportLayerFileManager( 1351): saveWifiPackageInfoToFile
01-29 14:48:20.620 D/SemWifiTransportLayerFileManager( 1351): writeWifiPackageInfoList
01-29 14:48:20.627 D/KnoxHelper( 4607): getActivityList callingUserId: 0, target user: 0
01-29 14:48:20.629 V/SamsungAlarmManager( 1351): setLocked to kernel - W:200944558 / NW:200931613, now=200923441
01-29 14:48:20.629 D/SamsungAlarmManager( 1351): setInexact (T:3/F:0/AC:false) 20260129T144830 now=200923441 - CU:10205/CP:7646/OP:PendingIntent{b3d5c71: PendingIntentRecord{a4d1b69 com.google.android.gms/com.google.android.gms.scheduler broadcastIntent}}
01-29 14:48:20.629 V/SamsungAlarmManager( 1351): setLocked to kernel - W:200944558 / NW:200931613, now=200923441
01-29 14:48:20.630 D/KnoxHelper( 4607): getActivityList callingUserId: 0, target user: 0
01-29 14:48:20.633 D/KnoxHelper( 4607): getActivityList callingUserId: 0, target user: 0
01-29 14:48:20.637 D/KnoxHelper( 4607): getActivityList callingUserId: 0, target user: 0
01-29 14:48:20.637 I/.microsoft.bin(15085): WaitForGcToComplete blocked ClassLinker on Background for 317.045ms
01-29 14:48:20.650 D/KnoxHelper( 4607): getActivityList callingUserId: 0, target user: 0
01-29 14:48:20.650 E/FbnsAIDLClientManager(16457): Max Try reached for binding to FbnsAIDLService, threadId 15015
01-29 14:48:20.651 E/FbnsAIDLClientManager(16457): Fbns AIDL request got RemoteException
01-29 14:48:20.651 E/FbnsAIDLClientManager(16457): android.os.RemoteException: AIDLService is not bound
01-29 14:48:20.651 E/FbnsAIDLClientManager(16457): 	at X.9mi.call(Unknown Source:393)
01-29 14:48:20.651 E/FbnsAIDLClientManager(16457): 	at java.util.concurrent.FutureTask.run(FutureTask.java:317)
01-29 14:48:20.651 E/FbnsAIDLClientManager(16457): 	at java.util.concurrent.ThreadPoolExecutor.runWorker(ThreadPoolExecutor.java:1154)
01-29 14:48:20.651 E/FbnsAIDLClientManager(16457): 	at java.util.concurrent.ThreadPoolExecutor$Worker.run(ThreadPoolExecutor.java:652)
01-29 14:48:20.651 E/FbnsAIDLClientManager(16457): 	at java.lang.Thread.run(Thread.java:1563)
01-29 14:48:20.651 D/KnoxHelper( 4607): getActivityList callingUserId: 0, target user: 0
01-29 14:48:20.653 E/nre     (31952): BlockableFutures: Cannot block on non-blocking thread
01-29 14:48:20.653 E/nre     (31952): java.lang.IllegalStateException: Cannot block on non-blocking thread: BG Thread #1
01-29 14:48:20.653 E/nre     (31952): 	at ajan.b(PG:109)
01-29 14:48:20.653 E/nre     (31952): 	at ajan.a(PG:1)
01-29 14:48:20.653 E/nre     (31952): 	at pho.a(PG:173)
01-29 14:48:20.653 E/nre     (31952): 	at vmm.f(PG:228)
01-29 14:48:20.653 E/nre     (31952): 	at vmj.b(PG:911)
01-29 14:48:20.653 E/nre     (31952): 	at cays.w(PG:12)
01-29 14:48:20.653 E/nre     (31952): 	at cbgm.run(PG:107)
01-29 14:48:20.653 E/nre     (31952): 	at bmmd.run(PG:588)
01-29 14:48:20.653 E/nre     (31952): 	at ajad.run(PG:7)
01-29 14:48:20.653 E/nre     (31952): 	at brdg.run(PG:44)
01-29 14:48:20.653 E/nre     (31952): 	at inb.run(PG:469)
01-29 14:48:20.653 E/nre     (31952): 	at java.lang.Thread.run(Thread.java:1563)
01-29 14:48:20.653 E/nre     (31952): 	at ajau.run(PG:61)
01-29 14:48:20.654 D/KnoxHelper( 4607): getActivityList callingUserId: 0, target user: 150
01-29 14:48:20.654 V/KnoxHelper( 4607): source and target users are different, and caller is knox container or target user is for secure folder, so request cannot be granted!
01-29 14:48:20.654 D/KnoxHelper( 4607): getActivityList callingUserId: 0, target user: 0
01-29 14:48:20.663 D/KnoxHelper( 4607): getActivityList callingUserId: 0, target user: 0
01-29 14:48:20.665 D/KnoxHelper( 4607): getActivityList callingUserId: 0, target user: 0
01-29 14:48:20.669 D/KnoxHelper( 4607): getActivityList callingUserId: 0, target user: 0
01-29 14:48:20.672 D/KnoxHelper( 4607): getActivityList callingUserId: 0, target user: 0
01-29 14:48:20.675 D/KnoxHelper( 4607): getActivityList callingUserId: 0, target user: 0
01-29 14:48:20.678 D/KnoxHelper( 4607): getActivityList callingUserId: 0, target user: 0
01-29 14:48:20.683 D/KnoxHelper( 4607): getActivityList callingUserId: 0, target user: 0
01-29 14:48:20.684 I/cr_WVCFactoryProvider(15085): version=143.0.7499.193 (749919333) minSdkVersion=29 multiprocess=true packageId=127 splits=config.arm64_v8a,config.xxhdpi
01-29 14:48:20.685 D/KnoxHelper( 4607): getActivityList callingUserId: 0, target user: 150
01-29 14:48:20.685 V/KnoxHelper( 4607): source and target users are different, and caller is knox container or target user is for secure folder, so request cannot be granted!
01-29 14:48:20.685 D/KnoxHelper( 4607): getActivityList callingUserId: 0, target user: 0
01-29 14:48:20.687 E/FbnsAIDLClientManager(16457): Max Try reached for binding to FbnsAIDLService, threadId 15016
01-29 14:48:20.688 E/FbnsAIDLClientManager(16457): Fbns AIDL request got RemoteException
01-29 14:48:20.688 E/FbnsAIDLClientManager(16457): android.os.RemoteException: AIDLService is not bound
01-29 14:48:20.688 E/FbnsAIDLClientManager(16457): 	at X.9mi.call(Unknown Source:393)
01-29 14:48:20.688 E/FbnsAIDLClientManager(16457): 	at java.util.concurrent.FutureTask.run(FutureTask.java:317)
01-29 14:48:20.688 E/FbnsAIDLClientManager(16457): 	at java.util.concurrent.ThreadPoolExecutor.runWorker(ThreadPoolExecutor.java:1154)
01-29 14:48:20.688 E/FbnsAIDLClientManager(16457): 	at java.util.concurrent.ThreadPoolExecutor$Worker.run(ThreadPoolExecutor.java:652)
01-29 14:48:20.688 E/FbnsAIDLClientManager(16457): 	at java.lang.Thread.run(Thread.java:1563)
01-29 14:48:20.688 D/KnoxHelper( 4607): getActivityList callingUserId: 0, target user: 0
01-29 14:48:20.690 D/EnterpriseDeviceManagerService( 1351): Package has changed for user 0
01-29 14:48:20.690 D/EnterpriseDeviceManagerService( 1351): Admin package name: com.google.android.gms
01-29 14:48:20.690 D/EnterpriseDeviceManagerService( 1351): Admin package name: com.samsung.android.kgclient
01-29 14:48:20.691 I/Launcher.Model( 2785): isValidStateInKnoxMode:false user:UserHandle{0}
01-29 14:48:20.691 D/KnoxHelper( 4607): getActivityList callingUserId: 0, target user: 150
01-29 14:48:20.691 V/KnoxHelper( 4607): source and target users are different, and caller is knox container or target user is for secure folder, so request cannot be granted!
01-29 14:48:20.692 D/KnoxHelper( 4607): getActivityList callingUserId: 0, target user: 0
01-29 14:48:20.695 D/nativeloader(15085): Load /data/app/~~2p-8pK-6KGnja-0mFt5PKA==/com.google.android.trichromelibrary_749919333-UQ6O3A1SmoT7csPmGxwkLA==/base.apk!/lib/arm64-v8a/libmonochrome_64.so using class loader ns clns-8 (caller=/data/app/~~f47v9tbwdPwInqSutyVZxQ==/com.google.android.webview-z3Yt1N-Ybd_aZmui6pR9rw==/base.apk): ok
01-29 14:48:20.695 D/KnoxHelper( 4607): getActivityList callingUserId: 0, target user: 150
01-29 14:48:20.695 V/KnoxHelper( 4607): source and target users are different, and caller is knox container or target user is for secure folder, so request cannot be granted!
01-29 14:48:20.696 D/KnoxHelper( 4607): getActivityList callingUserId: 0, target user: 0
01-29 14:48:20.698 D/KnoxHelper( 4607): getActivityList callingUserId: 0, target user: 0
01-29 14:48:20.700 D/nativeloader(15085): Load /system/lib64/libwebviewchromium_plat_support.so using class loader ns clns-8 (caller=/data/app/~~f47v9tbwdPwInqSutyVZxQ==/com.google.android.webview-z3Yt1N-Ybd_aZmui6pR9rw==/base.apk): ok
01-29 14:48:20.701 D/KnoxHelper( 4607): getActivityList callingUserId: 0, target user: 0
01-29 14:48:20.704 I/LauncherProvider( 2785): [CALL] : generate_new_apps_item_id
01-29 14:48:20.704 I/SubUserItemPositionerImpl( 2785): check blockCreateShortcutKey : block_create_shortcut_0, blockCreate : false
01-29 14:48:20.704 D/KnoxHelper( 4607): getActivityList callingUserId: 0, target user: 0
01-29 14:48:20.704 I/SubUserItemPositionerImpl( 2785): isAvailableCreateSubUserItemPositioner() is false, !myUserHandle().equals(user) : false, !(DualAppUtils.supportDualApp(context) && DualAppUtils.isDualAppId(user)true
01-29 14:48:20.704 I/PackageUpdatedTask( 2785): added, appInfo : AppInfo(id=566 type=APP hidden=0 container=all_apps screen=-1 rank=0 rankOfList=-1 user=UserHandle{0} title=ASC componentName=ComponentInfo{com.asc.markets/com.asc.markets.MainActivity} screenType=0)
01-29 14:48:20.705 I/AppsModelWriter( 2785): addItems(start) > needToBind = true
01-29 14:48:20.705 I/AppsModelWriter( 2785): addItems(start)> 0, 566, 0, -102, -1, 0, UserHandle{0}, 0, ASC, -1, -1
01-29 14:48:20.705 I/AppsModelWriter( 2785): normalizeVisibleItems : [matched = true] col = 5, raw : 5
01-29 14:48:20.706 I/AppsModelWriter( 2785): normalizeVisibleItems(visibleItems)> 0, 135, 2, -102, 0, 0, UserHandle{0}, 0, , -1, -1
01-29 14:48:20.706 I/AppsModelWriter( 2785): normalizeVisibleItems(visibleItems)> 0, 45, 2, -102, 0, 1, UserHandle{0}, 0, Google, -1, -1
01-29 14:48:20.706 I/AppsModelWriter( 2785): normalizeVisibleItems(visibleItems)> 0, 54, 2, -102, 0, 2, UserHandle{0}, 0, Microsoft Apps, -1, -1
01-29 14:48:20.706 I/AppsModelWriter( 2785): normalizeVisibleItems(visibleItems)> 0, 38, 2, -102, 0, 3, UserHandle{0}, 0, Samsung, -1, -1
01-29 14:48:20.706 I/AppsModelWriter( 2785): normalizeVisibleItems(visibleItems)> 0, 241, 0, -102, 0, 4, UserHandle{0}, 0, @OktaDev, -1, -1
01-29 14:48:20.706 I/AppsModelWriter( 2785): normalizeVisibleItems(visibleItems)> 0, 388, 0, -102, 0, 5, UserHandle{0}, 0, 1xBet-ng, -1, -1
01-29 14:48:20.706 I/AppsModelWriter( 2785): normalizeVisibleItems(visibleItems)> 0, 283, 0, -102, 0, 6, UserHandle{0}, 0, AI Studio, -1, -1
01-29 14:48:20.706 I/AppsModelWriter( 2785): normalizeVisibleItems(visibleItems)> 0, 541, 0, -102, 0, 7, UserHandle{0}, 0, AI Studio, -1, -1
01-29 14:48:20.706 I/AppsModelWriter( 2785): normalizeVisibleItems(visibleItems)> 0, 543, 0, -102, 0, 8, UserHandle{0}, 0, AI Studio, -1, -1
01-29 14:48:20.706 I/AppsModelWriter( 2785): normalizeVisibleItems(visibleItems)> 0, 128, 0, -102, 0, 9, UserHandle{0}, 0, Al Jazeera, -1, -1
01-29 14:48:20.706 I/AppsModelWriter( 2785): normalizeVisibleItems(visibleItems)> 0, 345, 0, -102, 0, 10, UserHandle{0}, 0, Alibaba.com, -1, -1
01-29 14:48:20.706 I/AppsModelWriter( 2785): normalizeVisibleItems(visibleItems)> 0, 129, 0, -102, 0, 11, UserHandle{0}, 0, AliExpress, -1, -1
01-29 14:48:20.706 I/AppsModelWriter( 2785): normalizeVisibleItems(visibleItems)> 0, 502, 0, -102, 0, 12, UserHandle{0}, 0, APhone, -1, -1
01-29 14:48:20.706 I/AppsModelWriter( 2785): normalizeVisibleItems(visibleItems)> 0, 461, 0, -102, 0, 13, UserHandle{0}, 0, Aptoide, -1, -1
01-29 14:48:20.706 I/AppsModelWriter( 2785): normalizeVisibleItems(visibleItems)> 0, 566, 0, -102, 0, 14, UserHandle{0}, 0, ASC, -1, -1
01-29 14:48:20.706 I/AppsModelWriter( 2785): normalizeVisibleItems(visibleItems)> 0, 291, 0, -102, 0, 15, UserHandle{0}, 0, Authenticator, -1, -1
01-29 14:48:20.706 I/AppsModelWriter( 2785): normalizeVisibleItems(visibleItems)> 0, 547, 0, -102, 0, 16, UserHandle{0}, 0, AWS Console, -1, -1
01-29 14:48:20.706 I/AppsModelWriter( 2785): normalizeVisibleItems(visibleItems)> 0, 365, 0, -102, 0, 17, UserHandle{0}, 0, Background Video Recorder, -1, -1
01-29 14:48:20.706 I/AppsModelWriter( 2785): normalizeVisibleItems(visibleItems)> 0, 546, 0, -102, 0, 18, UserHandle{0}, 0, Bankera, -1, -1
01-29 14:48:20.706 I/AppsModelWriter( 2785): normalizeVisibleItems(visibleItems)> 0, 511, 0, -102, 0, 19, UserHandle{0}, 0, Bear Player, -1, -1
01-29 14:48:20.706 I/AppsModelWriter( 2785): normalizeVisibleItems(visibleItems)> 0, 510, 0, -102, 0, 20, UserHandle{0}, 0, BeeTV, -1, -1
01-29 14:48:20.706 I/AppsModelWriter( 2785): normalizeVisibleItems(visibleItems)> 0, 409, 0, -102, 0, 21, UserHandle{0}, 0, Bet9ja, -1, -1
01-29 14:48:20.706 I/AppsModelWriter( 2785): normalizeVisibleItems(visibleItems)> 0, 165, 0, -102, 0, 22, UserHandle{0}, 0, Bible, -1, -1
01-29 14:48:20.706 I/AppsModelWriter( 2785): normalizeVisibleItems(visibleItems)> 0, 295, 0, -102, 0, 23, UserHandle{0}, 0, Binance, -1, -1
01-29 14:48:20.706 I/AppsModelWriter( 2785): normalizeVisibleItems(visibleItems)> 0, 118, 0, -102, 0, 24, UserHandle{0}, 0, Bing, -1, -1
01-29 14:48:20.706 I/AppsModelWriter( 2785): normalizeVisibleItems(visibleItems)> 0, 294, 0, -102, 1, 0, UserHandle{0}, 0, Bloomberg, -1, -1
01-29 14:48:20.707 D/KnoxHelper( 4607): getActivityList callingUserId: 0, target user: 0
01-29 14:48:20.711 D/KnoxHelper( 4607): getActivityList callingUserId: 0, target user: 0
01-29 14:48:20.715 D/KnoxHelper( 4607): getActivityList callingUserId: 0, target user: 0
01-29 14:48:20.715 I/chromium(15085): [INFO:android_webview/browser/variations/variations_seed_loader.cc:67] Failed to open file for reading.: No such file or directory (2)
01-29 14:48:20.720 I/cr_LibraryLoader(15085): Successfully loaded native library
01-29 14:48:20.721 I/cr_CachingUmaRecorder(15085): Flushed 16 samples from 16 histograms, 0 samples were dropped.
01-29 14:48:20.723 D/KnoxHelper( 4607): getActivityList callingUserId: 0, target user: 0
01-29 14:48:20.729 D/CompatibilityChangeReporter( 1351): Compat change id reported: 135634846; UID 10221; state: DISABLED
01-29 14:48:20.729 D/CompatibilityChangeReporter( 1351): Compat change id reported: 177438394; UID 10221; state: DISABLED
01-29 14:48:20.729 D/CompatibilityChangeReporter( 1351): Compat change id reported: 135772972; UID 10221; state: DISABLED
01-29 14:48:20.729 D/CompatibilityChangeReporter( 1351): Compat change id reported: 135754954; UID 10221; state: ENABLED
01-29 14:48:20.730 D/CompatibilityChangeReporter( 1351): Compat change id reported: 143937733; UID 10221; state: ENABLED
01-29 14:48:20.733 I/AppsModelWriter( 2785): normalizeVisibleItems(visibleItems)> 0, 548, 0, -102, 1, 1, UserHandle{0}, 0, Bybit, -1, -1
01-29 14:48:20.733 I/AppsModelWriter( 2785): normalizeVisibleItems(visibleItems)> 0, 505, 0, -102, 1, 2, UserHandle{0}, 0, CadRemit, -1, -1
01-29 14:48:20.733 I/AppsModelWriter( 2785): normalizeVisibleItems(visibleItems)> 0, 191, 0, -102, 1, 3, UserHandle{0}, 0, Calculator, -1, -1
01-29 14:48:20.733 I/AppsModelWriter( 2785): normalizeVisibleItems(visibleItems)> 0, 71, 0, -102, 1, 4, UserHandle{0}, 0, Calendar, -1, -1
01-29 14:48:20.733 I/AppsModelWriter( 2785): normalizeVisibleItems(visibleItems)> 0, 92, 0, -102, 1, 5, UserHandle{0}, 0, Calls Blacklist, -1, -1
01-29 14:48:20.733 I/AppsModelWriter( 2785): normalizeVisibleItems(visibleItems)> 0, 66, 0, -102, 1, 6, UserHandle{0}, 0, Camera, -1, -1
01-29 14:48:20.733 I/AppsModelWriter( 2785): normalizeVisibleItems(visibleItems)> 0, 535, 0, -102, 1, 7, UserHandle{0}, 0, CapCut, -1, -1
01-29 14:48:20.733 I/AppsModelWriter( 2785): normalizeVisibleItems(visibleItems)> 0, 146, 0, -102, 1, 8, UserHandle{0}, 0, ChatGPT, -1, -1
01-29 14:48:20.733 I/AppsModelWriter( 2785): normalizeVisibleItems(visibleItems)> 0, 512, 0, -102, 1, 9, UserHandle{0}, 0, CinemaHD - Stable, -1, -1
01-29 14:48:20.733 I/AppsModelWriter( 2785): normalizeVisibleItems(visibleItems)> 0, 497, 0, -102, 1, 10, UserHandle{0}, 0, CinemaHD- Beta, -1, -1
01-29 14:48:20.733 I/AppsModelWriter( 2785): normalizeVisibleItems(visibleItems)> 0, 479, 0, -102, 1, 11, UserHandle{0}, 0, Cisana TV+ UK, -1, -1
01-29 14:48:20.733 I/AppsModelWriter( 2785): normalizeVisibleItems(visibleItems)> 0, 109, 0, -102, 1, 12, UserHandle{0}, 0, Cleva, -1, -1
01-29 14:48:20.733 I/AppsModelWriter( 2785): normalizeVisibleItems(visibleItems)> 0, 68, 0, -102, 1, 13, UserHandle{0}, 0, Clock, -1, -1
01-29 14:48:20.733 I/AppsModelWriter( 2785): normalizeVisibleItems(visibleItems)> 0, 525, 0, -102, 1, 14, UserHandle{0}, 0, CloudStream, -1, -1
01-29 14:48:20.733 I/AppsModelWriter( 2785): normalizeVisibleItems(visibleItems)> 0, 361, 0, -102, 1, 15, UserHandle{0}, 0, cmp-web-app, -1, -1
01-29 14:48:20.733 I/AppsModelWriter( 2785): normalizeVisibleItems(visibleItems)> 0, 69, 0, -102, 1, 16, UserHandle{0}, 0, Contacts, -1, -1
01-29 14:48:20.733 I/AppsModelWriter( 2785): normalizeVisibleItems(visibleItems)> 0, 532, 0, -102, 1, 17, UserHandle{0}, 0, Contacts, -1, -1
01-29 14:48:20.733 I/AppsModelWriter( 2785): normalizeVisibleItems(visibleItems)> 0, 166, 0, -102, 1, 18, UserHandle{0}, 0, Copilot, -1, -1
01-29 14:48:20.733 I/AppsModelWriter( 2785): normalizeVisibleItems(visibleItems)> 0, 557, 0, -102, 1, 19, UserHandle{0}, 0, Dashboard - Exchange Rates API, -1, -1
01-29 14:48:20.733 I/AppsModelWriter( 2785): normalizeVisibleItems(visibleItems)> 0, 296, 0, -102, 1, 20, UserHandle{0}, 0, Dingtone, -1, -1
01-29 14:48:20.733 I/AppsModelWriter( 2785): normalizeVisibleItems(visibleItems)> 0, 544, 0, -102, 1, 21, UserHandle{0}, 0, Docs, -1, -1
01-29 14:48:20.733 I/AppsModelWriter( 2785): normalizeVisibleItems(visibleItems)> 0, 133, 0, -102, 1, 22, UserHandle{0}, 0, domiRadio, -1, -1
01-29 14:48:20.733 I/AppsModelWriter( 2785): normalizeVisibleItems(visibleItems)> 0, 490, 0, -102, 1, 23, UserHandle{0}, 0, DStv Stream, -1, -1
01-29 14:48:20.733 I/AppsModelWriter( 2785): normalizeVisibleItems(visibleItems)> 0, 553, 0, -102, 1, 24, UserHandle{0}, 0, eBay, -1, -1
01-29 14:48:20.733 I/AppsModelWriter( 2785): normalizeVisibleItems(visibleItems)> 0, 287, 0, -102, 2, 0, UserHandle{0}, 0, Eversend, -1, -1
01-29 14:48:20.733 I/AppsModelWriter( 2785): normalizeVisibleItems(visibleItems)> 0, 103, 0, -102, 2, 1, UserHandle{0}, 0, Exness, -1, -1
01-29 14:48:20.733 I/AppsModelWriter( 2785): normalizeVisibleItems(visibleItems)> 0, 564, 0, -102, 2, 2, UserHandle{0}, 0, Expo Go, -1, -1
01-29 14:48:20.733 I/AppsModelWriter( 2785): normalizeVisibleItems(visibleItems)> 0, 62, 0, -102, 2, 3, UserHandle{0}, 0, Facebook, -1, -1
01-29 14:48:20.733 I/AppsModelWriter( 2785): normalizeVisibleItems(visibleItems)> 0, 427, 0, -102, 2, 4, UserHandle{0}, 0, Fake GPS, -1, -1
01-29 14:48:20.733 I/AppsModelWriter( 2785): normalizeVisibleItems(visibleItems)> 0, 180, 0, -102, 2, 5, UserHandle{0}, 0, Finance, -1, -1
01-29 14:48:20.733 I/AppsModelWriter( 2785): normalizeVisibleItems(visibleItems)> 0, 464, 0, -102, 2, 6, UserHandle{0}, 0, Fire TV, -1, -1
01-29 14:48:20.733 I/AppsModelWriter( 2785): normalizeVisibleItems(visibleItems)> 0, 327, 0, -102, 2, 7, UserHandle{0}, 0, Firefox, -1, -1
01-29 14:48:20.733 I/AppsModelWriter( 2785): normalizeVisibleItems(visibleItems)> 0, 385, 0, -102, 2, 8, UserHandle{0}, 0, Firstmonie Wallet, -1, -1
01-29 14:48:20.733 I/AppsModelWriter( 2785): normalizeVisibleItems(visibleItems)> 0, 334, 0, -102, 2, 9, UserHandle{0}, 0, Football live stream, -1, -1
01-29 14:48:20.733 I/AppsModelWriter( 2785): normalizeVisibleItems(visibleItems)> 0, 377, 0, -102, 2, 10, UserHandle{0}, 0, Football.com, -1, -1
01-29 14:48:20.733 I/AppsModelWriter( 2785): normalizeVisibleItems(visibleItems)> 0, 147, 0, -102, 2, 11, UserHandle{0}, 0, Forex Calendar, -1, -1
01-29 14:48:20.733 I/AppsModelWriter( 2785): normalizeVisibleItems(visibleItems)> 0, 503, 0, -102, 2, 12, UserHandle{0}, 0, Freetone, -1, -1
01-29 14:48:20.733 I/AppsModelWriter( 2785): normalizeVisibleItems(visibleItems)> 0, 61, 0, -102, 2, 13, UserHandle{0}, 0, Galaxy Store, -1, -1
01-29 14:48:20.733 I/AppsModelWriter( 2785): normalizeVisibleItems(visibleItems)> 0, 67, 0, -102, 2, 14, UserHandle{0}, 0, Gallery, -1, -1
01-29 14:48:20.733 I/AppsModelWriter( 2785): normalizeVisibleItems(visibleItems)> 0, 142, 0, -102, 2, 15, UserHandle{0}, 0, Gemini, -1, -1
01-29 14:48:20.733 I/AppsModelWriter( 2785): normalizeVisibleItems(visibleItems)> 0, 542, 0, -102, 2, 16, UserHandle{0}, 0, Genspark, -1, -1
01-29 14:48:20.733 I/AppsModelWriter( 2785): normalizeVisibleItems(visibleItems)> 0, 124, 0, -102, 2, 17, UserHandle{0}, 0, Glo Cafe, -1, -1
01-29 14:48:20.733 I/AppsModelWriter( 2785): normalizeVisibleItems(visibleItems)> 0, 562, 0, -102, 2, 18, UserHandle{0}, 0, Glo Services, -1, -1
01-29 14:48:20.733 I/AppsModelWriter( 2785): normalizeVisibleItems(visibleItems)> 0, 506, 0, -102, 2, 19, UserHandle{0}, 0, Grey, -1, -1
01-29 14:48:20.733 I/AppsModelWriter( 2785): normalizeVisibleItems(visibleItems)> 0, 522, 0, -102, 2, 20, UserHandle{0}, 0, HDO Box, -1, -1
01-29 14:48:20.733 I/AppsModelWriter( 2785): normalizeVisibleItems(visibleItems)> 0, 119, 0, -102, 2, 21, UserHandle{0}, 0, Holy Bible (KJV), -1, -1
01-29 14:48:20.733 I/AppsModelWriter( 2785): normalizeVisibleItems(visibleItems)> 0, 472, 0, -102, 2, 22, UserHandle{0}, 0, IMDb, -1, -1
01-29 14:48:20.733 I/AppsModelWriter( 2785): normalizeVisibleItems(visibleItems)> 0, 533, 0, -102, 2, 23, UserHandle{0}, 0, Instagram, -1, -1
01-29 14:48:20.733 I/AppsModelWriter( 2785): normalizeVisibleItems(visibleItems)> 0, 134, 0, -102, 2, 24, UserHandle{0}, 0, Investing, -1, -1
01-29 14:48:20.733 I/AppsModelWriter( 2785): normalizeVisibleItems(visibleItems)> 0, 552, 0, -102, 3, 0, UserHandle{0}, 0, Joplin, -1, -1
01-29 14:48:20.733 I/AppsModelWriter( 2785): normalizeVisibleItems(visibleItems)> 0, 125, 0, -102, 3, 1, UserHandle{0}, 0, Jumia, -1, -1
01-29 14:48:20.733 I/AppsModelWriter( 2785): normalizeVisibleItems(visibleItems)> 0, 498, 0, -102, 3, 2, UserHandle{0}, 0, JusCall, -1, -1
01-29 14:48:20.733 I/AppsModelWriter( 2785): normalizeVisibleItems(visibleItems)> 0, 484, 0, -102, 3, 3, UserHandle{0}, 0, JustWatch, -1, -1
01-29 14:48:20.733 I/AppsModelWriter( 2785): normalizeVisibleItems(visibleItems)> 0, 554, 0, -102, 3, 4, UserHandle{0}, 0, Kids learn abc, -1, -1
01-29 14:48:20.733 I/AppsModelWriter( 2785): normalizeVisibleItems(visibleItems)> 0, 489, 0, -102, 3, 5, UserHandle{0}, 0, Kodi, -1, -1
01-29 14:48:20.733 I/AppsModelWriter( 2785): normalizeVisibleItems(visibleItems)> 0, 441, 0, -102, 3, 6, UserHandle{0}, 0, Konga, -1, -1
01-29 14:48:20.733 I/AppsModelWriter( 2785): normalizeVisibleItems(visibleItems)> 0, 531, 0, -102, 3, 7, UserHandle{0}, 0, Kore, -1, -1
01-29 14:48:20.734 I/AppsModelWriter( 2785): normalizeVisibleItems(visibleItems)> 0, 536, 0, -102, 3, 8, UserHandle{0}, 0, Leatherback, -1, -1
01-29 14:48:20.734 I/AppsModelWriter( 2785): normalizeVisibleItems(visibleItems)> 0, 395, 0, -102, 3, 9, UserHandle{0}, 0, Link to Windows, -1, -1
01-29 14:48:20.734 I/AppsModelWriter( 2785): normalizeVisibleItems(visibleItems)> 0, 57, 0, -102, 3, 10, UserHandle{0}, 0, LinkedIn, -1, -1
01-29 14:48:20.734 I/AppsModelWriter( 2785): normalizeVisibleItems(visibleItems)> 0, 477, 0, -102, 3, 11, UserHandle{0}, 0, Live Guide, -1, -1
01-29 14:48:20.734 I/AppsModelWriter( 2785): normalizeVisibleItems(visibleItems)> 0, 280, 0, -102, 3, 12, UserHandle{0}, 0, Live NetTV, -1, -1
01-29 14:48:20.734 I/AppsModelWriter( 2785): normalizeVisibleItems(visibleItems)> 0, 373, 0, -102, 3, 13, UserHandle{0}, 0, LiveScore, -1, -1
01-29 14:48:20.734 I/AppsModelWriter( 2785): normalizeVisibleItems(visibleItems)> 0, 523, 0, -102, 3, 14, UserHandle{0}, 0, MediaOn, -1, -1
01-29 14:48:20.734 I/AppsModelWriter( 2785): normalizeVisibleItems(visibleItems)> 0, 131, 0, -102, 3, 15, UserHandle{0}, 0, Meet, -1, -1
01-29 14:48:20.734 I/AppsModelWriter( 2785): normalizeVisibleItems(visibleItems)> 0, 65, 0, -102, 3, 16, UserHandle{0}, 0, Messages, -1, -1
01-29 14:48:20.734 I/AppsModelWriter( 2785): normalizeVisibleItems(visibleItems)> 0, 98, 0, -102, 3, 17, UserHandle{0}, 0, MetaTrader 5, -1, -1
01-29 14:48:20.734 I/AppsModelWriter( 2785): normalizeVisibleItems(visibleItems)> 0, 537, 0, -102, 3, 18, UserHandle{0}, 0, MiniPay, -1, -1
01-29 14:48:20.734 I/AppsModelWriter( 2785): normalizeVisibleItems(visibleItems)> 0, 473, 0, -102, 3, 19, UserHandle{0}, 0, Moviebase, -1, -1
01-29 14:48:20.734 I/AppsModelWriter( 2785): normalizeVisibleItems(visibleItems)> 0, 561, 0, -102, 3, 20, UserHandle{0}, 0, MTN Menu, -1, -1
01-29 14:48:20.734 I/AppsModelWriter( 2785): normalizeVisibleItems(visibleItems)> 0, 121, 0, -102, 3, 21, UserHandle{0}, 0, MX Player, -1, -1
01-29 14:48:20.734 I/AppsModelWriter( 2785): normalizeVisibleItems(visibleItems)> 0, 303, 0, -102, 3, 22, UserHandle{0}, 0, My Airtel, -1, -1
01-29 14:48:20.734 I/AppsModelWriter( 2785): normalizeVisibleItems(visibleItems)> 0, 491, 0, -102, 3, 23, UserHandle{0}, 0, MyDStv, -1, -1
01-29 14:48:20.734 I/AppsModelWriter( 2785): normalizeVisibleItems(visibleItems)> 0, 298, 0, -102, 3, 24, UserHandle{0}, 0, Myfxbook, -1, -1
01-29 14:48:20.734 I/AppsModelWriter( 2785): normalizeVisibleItems(visibleItems)> 0, 90, 0, -102, 4, 0, UserHandle{0}, 0, myMTN NG, -1, -1
01-29 14:48:20.734 I/AppsModelWriter( 2785): normalizeVisibleItems(visibleItems)> 0, 63, 0, -102, 4, 1, UserHandle{0}, 0, Netflix, -1, -1
01-29 14:48:21.371 I/CameraService( 1161): onUidStateChanged: uid=10648, procState is changed. (10 -> 6)
01-29 14:48:21.374 E/nre     (31952): BlockableFutures: Cannot block on non-blocking thread
01-29 14:48:21.374 E/nre     (31952): java.lang.IllegalStateException: Cannot block on non-blocking thread: BG Thread #1
01-29 14:48:21.374 E/nre     (31952): 	at ajan.b(PG:109)
01-29 14:48:21.374 E/nre     (31952): 	at ajan.a(PG:1)
01-29 14:48:21.374 E/nre     (31952): 	at pho.a(PG:173)
01-29 14:48:21.374 E/nre     (31952): 	at vmm.f(PG:228)
01-29 14:48:21.374 E/nre     (31952): 	at vmj.b(PG:911)
01-29 14:48:21.374 E/nre     (31952): 	at cays.w(PG:12)
01-29 14:48:21.374 E/nre     (31952): 	at cbgm.run(PG:107)
01-29 14:48:21.374 E/nre     (31952): 	at bmmd.run(PG:588)
01-29 14:48:21.374 E/nre     (31952): 	at ajad.run(PG:7)
01-29 14:48:21.374 E/nre     (31952): 	at brdg.run(PG:44)
01-29 14:48:21.374 E/nre     (31952): 	at inb.run(PG:469)
01-29 14:48:21.374 E/nre     (31952): 	at java.lang.Thread.run(Thread.java:1563)
01-29 14:48:21.374 E/nre     (31952): 	at ajau.run(PG:61)
