01-29 14:48:24.003 W/al_render_proc(17977): Failed to find entry 'classes.dex': Entry not found
01-29 14:48:24.004 W/al_render_proc(17977): Failed to find entry 'classes.dex': Entry not found
01-29 14:48:24.024 E/nre     (31952): BlockableFutures: Cannot block on non-blocking thread
01-29 14:48:24.024 E/nre     (31952): java.lang.IllegalStateException: Cannot block on non-blocking thread: BG Thread #0
01-29 14:48:24.024 E/nre     (31952): 	at ajan.b(PG:109)
01-29 14:48:24.024 E/nre     (31952): 	at ajan.a(PG:1)
01-29 14:48:24.024 E/nre     (31952): 	at pho.a(PG:173)
01-29 14:48:24.024 E/nre     (31952): 	at vmm.f(PG:228)
01-29 14:48:24.024 E/nre     (31952): 	at vmj.b(PG:911)
01-29 14:48:24.024 E/nre     (31952): 	at cays.w(PG:12)
01-29 14:48:24.024 E/nre     (31952): 	at cbgm.run(PG:107)
01-29 14:48:24.024 E/nre     (31952): 	at bmmd.run(PG:588)
01-29 14:48:24.024 E/nre     (31952): 	at ajad.run(PG:7)
01-29 14:48:24.024 E/nre     (31952): 	at brdg.run(PG:44)
01-29 14:48:24.024 E/nre     (31952): 	at inb.run(PG:469)
01-29 14:48:24.024 E/nre     (31952): 	at java.lang.Thread.run(Thread.java:1563)
01-29 14:48:24.024 E/nre     (31952): 	at ajau.run(PG:61)
01-29 14:48:24.026 D/PowerManagerService( 1351): displayReady: false groupId=0
01-29 14:48:24.026 D/DisplayPowerController[0]( 1351): animateScreenStateChange: target=2, mLogicalDisplay.isEnabled()=true
01-29 14:48:24.026 D/DisplayPowerController[0]( 1351): getFinalBrightness : [maxBrightness = 201 (0.79) -> 193 (0.76)] 
01-29 14:48:24.026 D/DisplayPowerController[0]( 1351): getFinalBrightness : Summary is 201 (0.79) -> 193 (0.76)
01-29 14:48:24.026 D/DisplayPowerController[0]( 1351): Animating brightness: target=193 (0.76), sdrTarget=0.75686276, rate=0.0(hbm:0.0) mDisplayId=0, (PSM:, AB limit:(  0 (-1.00) ~   0 (-1.00)) MB Limit:( -1 (NaN) ~ 193 (0.76)), sf=1.0
01-29 14:48:24.028 W/al_render_proc(17977): Failed to find entry 'classes.dex': Entry not found
01-29 14:48:24.028 D/BrightnessHandler( 1351): inject brightness = 193.0, Brightness: 0.75686276
01-29 14:48:24.028 D/DisplayPowerController[0]( 1351): animateScreenStateChange: target=2, mLogicalDisplay.isEnabled()=true
01-29 14:48:24.029 D/DisplayPowerController[0]( 1351): getFinalBrightness : [maxBrightness = 201 (0.79) -> 193 (0.76)] 
01-29 14:48:24.029 D/DisplayPowerController[0]( 1351): getFinalBrightness : Summary is 201 (0.79) -> 193 (0.76)
01-29 14:48:24.029 W/al_render_proc(17977): Failed to find entry 'classes.dex': Entry not found
01-29 14:48:24.029 I/sensors-hal(  925): inject_sensor_data:64, brightness:193.000000
01-29 14:48:24.029 I/SSC_DAEMON(  967): physical_sensor_test_req_msg Sensor type :4, Msg type:11
01-29 14:48:24.030 D/BrightnessHandler( 1351): inject brightness = 193.0, Brightness: 0.75686276
01-29 14:48:24.031 D/BrightnessHandler( 1351): inject brightness = 193.0, Brightness: 0.75686276
01-29 14:48:24.032 D/BrightnessHandler( 1351): inject brightness = 193.0, Brightness: 0.75686276
01-29 14:48:24.032 E/SurfaceFlinger( 1019): Attempt to update InputPolicyFlags without permission ACCESS_SURFACE_FLINGER
01-29 14:48:24.034 W/al_render_proc(17977): Failed to find entry 'classes.dex': Entry not found
01-29 14:48:24.034 I/SehLight(  930): lcd : 193+
01-29 14:48:24.035 D/PowerManagerService( 1351): displayReady: true groupId=0
01-29 14:48:24.035 W/al_render_proc(17977): Failed to find entry 'classes.dex': Entry not found
01-29 14:48:24.035 I/SehLight(  930): lcd : 193-
01-29 14:48:24.036 W/al_render_proc(17977): Failed to find entry 'classes.dex': Entry not found
01-29 14:48:24.037 W/al_render_proc(17977): Failed to find entry 'classes.dex': Entry not found
01-29 14:48:24.039 W/al_render_proc(17977): Failed to find entry 'classes.dex': Entry not found
01-29 14:48:24.040 W/al_render_proc(17977): Failed to find entry 'classes.dex': Entry not found
01-29 14:48:24.040 I/SSC_DAEMON(  967): aor_event done
01-29 14:48:24.041 W/al_render_proc(17977): Failed to find entry 'classes.dex': Entry not found
01-29 14:48:24.044 W/al_render_proc(17977): Failed to find entry 'classes.dex': Entry not found
01-29 14:48:24.047 W/al_render_proc(17977): Failed to find entry 'classes.dex': Entry not found
01-29 14:48:24.048 W/al_render_proc(17977): Failed to find entry 'classes.dex': Entry not found
01-29 14:48:24.049 W/al_render_proc(17977): Failed to find entry 'classes.dex': Entry not found
01-29 14:48:24.051 W/al_render_proc(17977): Failed to find entry 'classes.dex': Entry not found
01-29 14:48:24.054 W/al_render_proc(17977): Failed to find entry 'classes.dex': Entry not found
01-29 14:48:24.055 W/al_render_proc(17977): Failed to find entry 'classes.dex': Entry not found
01-29 14:48:24.057 W/al_render_proc(17977): Failed to find entry 'classes.dex': Entry not found
01-29 14:48:24.059 W/al_render_proc(17977): Failed to find entry 'classes.dex': Entry not found
01-29 14:48:24.060 W/al_render_proc(17977): Failed to find entry 'classes.dex': Entry not found
01-29 14:48:24.062 W/al_render_proc(17977): Failed to find entry 'classes.dex': Entry not found
01-29 14:48:24.063 W/al_render_proc(17977): Failed to find entry 'classes.dex': Entry not found
01-29 14:48:24.065 W/al_render_proc(17977): Failed to find entry 'classes.dex': Entry not found
01-29 14:48:24.067 W/al_render_proc(17977): Failed to find entry 'classes.dex': Entry not found
01-29 14:48:24.068 W/al_render_proc(17977): Failed to find entry 'classes.dex': Entry not found
01-29 14:48:24.069 I/com.asc.market(17870): Compiler allocated 4364KB to compile void android.view.ViewRootImpl.performTraversals()
01-29 14:48:24.072 D/nativeloader(17977): Configuring clns-6 for other apk /data/app/~~aDSOyfbFL9agtPJBtPF19g==/com.alibaba.intl.android.apps.poseidon-3tfUGPOz9UzoC_rvwmoWiA==/base.apk:/data/app/~~aDSOyfbFL9agtPJBtPF19g==/com.alibaba.intl.android.apps.poseidon-3tfUGPOz9UzoC_rvwmoWiA==/split_AiSoModule.apk:/data/app/~~aDSOyfbFL9agtPJBtPF19g==/com.alibaba.intl.android.apps.poseidon-3tfUGPOz9UzoC_rvwmoWiA==/split_AiSoModule.config.arm64_v8a.apk:/data/app/~~aDSOyfbFL9agtPJBtPF19g==/com.alibaba.intl.android.apps.poseidon-3tfUGPOz9UzoC_rvwmoWiA==/split_AiSoModule.config.xxhdpi.apk:/data/app/~~aDSOyfbFL9agtPJBtPF19g==/com.alibaba.intl.android.apps.poseidon-3tfUGPOz9UzoC_rvwmoWiA==/split_AliyunPlayerModule.apk:/data/app/~~aDSOyfbFL9agtPJBtPF19g==/com.alibaba.intl.android.apps.poseidon-3tfUGPOz9UzoC_rvwmoWiA==/split_AliyunPlayerModule.config.arm64_v8a.apk:/data/app/~~aDSOyfbFL9agtPJBtPF19g==/com.alibaba.intl.android.apps.poseidon-3tfUGPOz9UzoC_rvwmoWiA==/split_AliyunPlayerModule.config.xxhdpi.apk:/data/app/~~aDSOyfbFL9agtPJBtPF19g==/com.alibaba.intl.android.
01-29 14:48:24.082 E/SurfaceFlinger( 1019): Attempt to update InputPolicyFlags without permission ACCESS_SURFACE_FLINGER
01-29 14:48:24.090 E/nre     (31952): BlockableFutures: Cannot block on non-blocking thread
01-29 14:48:24.090 E/nre     (31952): java.lang.IllegalStateException: Cannot block on non-blocking thread: BG Thread #0
01-29 14:48:24.090 E/nre     (31952): 	at ajan.b(PG:109)
01-29 14:48:24.090 E/nre     (31952): 	at ajan.a(PG:1)
01-29 14:48:24.090 E/nre     (31952): 	at pho.a(PG:173)
01-29 14:48:24.090 E/nre     (31952): 	at vmm.f(PG:228)
01-29 14:48:24.090 E/nre     (31952): 	at vmj.b(PG:911)
01-29 14:48:24.090 E/nre     (31952): 	at cays.w(PG:12)
01-29 14:48:24.090 E/nre     (31952): 	at cbgm.run(PG:107)
01-29 14:48:24.090 E/nre     (31952): 	at bmmd.run(PG:588)
01-29 14:48:24.090 E/nre     (31952): 	at ajad.run(PG:7)
01-29 14:48:24.090 E/nre     (31952): 	at brdg.run(PG:44)
01-29 14:48:24.090 E/nre     (31952): 	at inb.run(PG:469)
01-29 14:48:24.090 E/nre     (31952): 	at java.lang.Thread.run(Thread.java:1563)
01-29 14:48:24.090 E/nre     (31952): 	at ajau.run(PG:61)
01-29 14:48:24.113 V/GraphicsEnvironment(17977): ANGLE Developer option for 'com.alibaba.intl.android.apps.poseidon' set to: 'default'
01-29 14:48:24.113 V/GraphicsEnvironment(17977): Updatable production driver is not supported on the device.
01-29 14:48:24.118 I/LoadedApk(17977): No resource references to update in package com.alibaba.intl.android.apps.poseidon.QrScanModule
01-29 14:48:24.119 I/LoadedApk(17977): No resource references to update in package com.alibaba.intl.android.apps.poseidon.AliyunPlayerModule
01-29 14:48:24.121 I/LoadedApk(17977): No resource references to update in package com.alibaba.intl.android.apps.poseidon.OCRModule
01-29 14:48:24.133 I/LoadedApk(17977): No resource references to update in package com.alibaba.intl.android.apps.poseidon.AiSoModule
01-29 14:48:24.134 I/LoadedApk(17977): No resource references to update in package com.alibaba.intl.android.apps.poseidon.RtcSoModule
01-29 14:48:24.135 D/LoadedApk(17977): LoadedApk::makeApplication() appContext.mOpPackageName=com.alibaba.intl.android.apps.poseidon appContext.mBasePackageName=com.alibaba.intl.android.apps.poseidon
01-29 14:48:24.135 D/NetworkSecurityConfig(17977): Using Network Security Config from resource network_security_config debugBuild: false
01-29 14:48:24.141 D/NetworkSecurityConfig(17977): Using Network Security Config from resource network_security_config debugBuild: false
01-29 14:48:24.142 D/ActivityThread(17977): handleBindApplication() --
01-29 14:48:24.146 E/I u4proc(17977): Service onCreate
01-29 14:48:24.147 E/I u4proc(17977): Service onBind - intent: Intent { cmp=com.alibaba.intl.android.apps.poseidon/com.taobao.uc.service.SandboxedProcessService0 (has extras) }, extras: [odex.path=/data/user/0/com.alibaba.intl.android.apps.poseidon/app_u4sdk/dlibs/_410981343, source.dir=/data/app/~~aDSOyfbFL9agtPJBtPF19g==/com.alibaba.intl.android.apps.poseidon-3tfUGPOz9UzoC_rvwmoWiA==/base.apk, source.dir.prior=/data/app/~~aDSOyfbFL9agtPJBtPF19g==/com.alibaba.intl.android.apps.poseidon-3tfUGPOz9UzoC_rvwmoWiA==/lib/arm64/libfakedexuc.so, org.chromium.base.process_launcher.extra.bind_to_caller=false, org.chromium.base.process_launcher.browser_proc_pid=14212, proc.id=0, global_settings.startup={36=true}, org.chromium.base.process_launcher.proc_type=Render, info.core.version=4e35732bf93539983b5e45dc5289fc2e8a483efa, lib.path=/data/user/0/com.alibaba.intl.android.apps.poseidon/app_u4sdk/dlibs/_410981343/lib/arm64-v8a, dex.path=/data/user/0/com.alibaba.intl.android.apps.poseidon/app_u4sdk/dlibs/_410981343/corejar, org.chromium.base.process_launcher.use.exported_service=true, info.core.libs=[Ljava.lang.String;@a4d706f, org.chromium.base.process_launcher.enable.seccomp=false, log.enable=false, org.chromium.content.common.child_service_params.library_process_type=4, dex.dlloader.enable=false, org.chromium.base.process_launcher.browser_proc_name=com.alibaba.intl.android.apps.poseidon]
01-29 14:48:24.148 E/I [Render0]u4proc(17977): [14212] Service tryToHandleIntent - com.alibaba.intl.android.apps.poseidon, call count 1, Intent { cmp=com.alibaba.intl.android.apps.poseidon/com.taobao.uc.service.SandboxedProcessService0 (has extras) }
01-29 14:48:24.149 E/nre     (31952): BlockableFutures: Cannot block on non-blocking thread
01-29 14:48:24.149 E/nre     (31952): java.lang.IllegalStateException: Cannot block on non-blocking thread: BG Thread #0
01-29 14:48:24.149 E/nre     (31952): 	at ajan.b(PG:109)
01-29 14:48:24.149 E/nre     (31952): 	at ajan.a(PG:1)
01-29 14:48:24.149 E/nre     (31952): 	at pho.a(PG:173)
01-29 14:48:24.149 E/nre     (31952): 	at vmm.f(PG:228)
01-29 14:48:24.149 E/nre     (31952): 	at vmj.b(PG:911)
01-29 14:48:24.149 E/nre     (31952): 	at cays.w(PG:12)
01-29 14:48:24.149 E/nre     (31952): 	at cbgm.run(PG:107)
01-29 14:48:24.149 E/nre     (31952): 	at bmmd.run(PG:588)
01-29 14:48:24.149 E/nre     (31952): 	at ajad.run(PG:7)
01-29 14:48:24.149 E/nre     (31952): 	at brdg.run(PG:44)
01-29 14:48:24.149 E/nre     (31952): 	at inb.run(PG:469)
01-29 14:48:24.149 E/nre     (31952): 	at java.lang.Thread.run(Thread.java:1563)
01-29 14:48:24.149 E/nre     (31952): 	at ajau.run(PG:61)
01-29 14:48:24.150 E/I u4proc(14212): Render.CPC1.event CONNECTED_A <- DIS_CONNECTED_A
01-29 14:48:24.150 E/I u4proc(14212):   onServiceConnected
01-29 14:48:24.215 E/SurfaceFlinger( 1019): Attempt to update InputPolicyFlags without permission ACCESS_SURFACE_FLINGER
01-29 14:48:24.226 D/PowerManagerService( 1351): displayReady: false groupId=0
01-29 14:48:24.226 D/DisplayPowerController[0]( 1351): animateScreenStateChange: target=2, mLogicalDisplay.isEnabled()=true
01-29 14:48:24.227 D/DisplayPowerController[0]( 1351): getFinalBrightness : [maxBrightness = 201 (0.79) -> 192 (0.75)] 
01-29 14:48:24.227 D/DisplayPowerController[0]( 1351): getFinalBrightness : Summary is 201 (0.79) -> 192 (0.75)
01-29 14:48:24.227 D/DisplayPowerController[0]( 1351): Animating brightness: target=192 (0.75), sdrTarget=0.75294113, rate=0.0(hbm:0.0) mDisplayId=0, (PSM:, AB limit:(  0 (-1.00) ~   0 (-1.00)) MB Limit:( -1 (NaN) ~ 192 (0.75)), sf=1.0
01-29 14:48:24.229 D/DisplayPowerController[0]( 1351): animateScreenStateChange: target=2, mLogicalDisplay.isEnabled()=true
01-29 14:48:24.229 D/BrightnessHandler( 1351): inject brightness = 192.0, Brightness: 0.75294113
01-29 14:48:24.229 D/DisplayPowerController[0]( 1351): getFinalBrightness : [maxBrightness = 201 (0.79) -> 192 (0.75)] 
01-29 14:48:24.229 D/DisplayPowerController[0]( 1351): getFinalBrightness : Summary is 201 (0.79) -> 192 (0.75)
01-29 14:48:24.231 E/nre     (31952): BlockableFutures: Cannot block on non-blocking thread
01-29 14:48:24.231 E/nre     (31952): java.lang.IllegalStateException: Cannot block on non-blocking thread: BG Thread #0
01-29 14:48:24.231 E/nre     (31952): 	at ajan.b(PG:109)
01-29 14:48:24.231 E/nre     (31952): 	at ajan.a(PG:1)
01-29 14:48:24.231 E/nre     (31952): 	at pho.a(PG:173)
01-29 14:48:24.231 E/nre     (31952): 	at vmm.f(PG:228)
01-29 14:48:24.231 E/nre     (31952): 	at vmj.b(PG:911)
01-29 14:48:24.231 E/nre     (31952): 	at cays.w(PG:12)
01-29 14:48:24.231 E/nre     (31952): 	at cbgm.run(PG:107)
01-29 14:48:24.231 E/nre     (31952): 	at bmmd.run(PG:588)
01-29 14:48:24.231 E/nre     (31952): 	at ajad.run(PG:7)
01-29 14:48:24.231 E/nre     (31952): 	at brdg.run(PG:44)
01-29 14:48:24.231 E/nre     (31952): 	at inb.run(PG:469)
01-29 14:48:24.231 E/nre     (31952): 	at java.lang.Thread.run(Thread.java:1563)
01-29 14:48:24.231 E/nre     (31952): 	at ajau.run(PG:61)
01-29 14:48:24.232 I/sensors-hal(  925): inject_sensor_data:64, brightness:192.000000
01-29 14:48:24.233 I/SSC_DAEMON(  967): physical_sensor_test_req_msg Sensor type :4, Msg type:11
01-29 14:48:24.235 D/BrightnessHandler( 1351): inject brightness = 192.0, Brightness: 0.75294113
01-29 14:48:24.236 D/BrightnessHandler( 1351): inject brightness = 192.0, Brightness: 0.75294113
01-29 14:48:24.239 D/BrightnessHandler( 1351): inject brightness = 192.0, Brightness: 0.75294113
01-29 14:48:24.240 D/PowerManagerService( 1351): displayReady: true groupId=0
01-29 14:48:24.241 I/SehLight(  930): lcd : 192+
01-29 14:48:24.244 I/SehLight(  930): lcd : 192-
01-29 14:48:24.244 I/SSC_DAEMON(  967): aor_event done
01-29 14:48:24.245 I/android.vendin(16686): Waiting for a blocking GC Alloc
01-29 14:48:24.286 E/nre     (31952): BlockableFutures: Cannot block on non-blocking thread
01-29 14:48:24.286 E/nre     (31952): java.lang.IllegalStateException: Cannot block on non-blocking thread: BG Thread #0
01-29 14:48:24.286 E/nre     (31952): 	at ajan.b(PG:109)
01-29 14:48:24.286 E/nre     (31952): 	at ajan.a(PG:1)
01-29 14:48:24.286 E/nre     (31952): 	at pho.a(PG:173)
01-29 14:48:24.286 E/nre     (31952): 	at vmm.f(PG:228)
01-29 14:48:24.286 E/nre     (31952): 	at vmj.b(PG:911)
01-29 14:48:24.286 E/nre     (31952): 	at cays.w(PG:12)
01-29 14:48:24.286 E/nre     (31952): 	at cbgm.run(PG:107)
01-29 14:48:24.286 E/nre     (31952): 	at bmmd.run(PG:588)
01-29 14:48:24.286 E/nre     (31952): 	at ajad.run(PG:7)
01-29 14:48:24.286 E/nre     (31952): 	at brdg.run(PG:44)
01-29 14:48:24.286 E/nre     (31952): 	at inb.run(PG:469)
01-29 14:48:24.286 E/nre     (31952): 	at java.lang.Thread.run(Thread.java:1563)
01-29 14:48:24.286 E/nre     (31952): 	at ajau.run(PG:61)
01-29 14:48:24.321 I/lmkd    (  567): 0(delay),0(swap), 50(freelimit) memory pressure events were skipped after a kill!
01-29 14:48:24.324 I/android.vendin(16686): WaitForGcToComplete blocked Alloc on Background for 79.542ms
01-29 14:48:24.324 I/android.vendin(16686): Forcing collection of SoftReferences for 170MB allocation
01-29 14:48:24.329 E/nre     (31952): BlockableFutures: Cannot block on non-blocking thread
01-29 14:48:24.329 E/nre     (31952): java.lang.IllegalStateException: Cannot block on non-blocking thread: BG Thread #0
01-29 14:48:24.329 E/nre     (31952): 	at ajan.b(PG:109)
01-29 14:48:24.329 E/nre     (31952): 	at ajan.a(PG:1)
01-29 14:48:24.329 E/nre     (31952): 	at pho.a(PG:173)
01-29 14:48:24.329 E/nre     (31952): 	at vmm.f(PG:228)
01-29 14:48:24.329 E/nre     (31952): 	at vmj.b(PG:911)
01-29 14:48:24.329 E/nre     (31952): 	at cays.w(PG:12)
01-29 14:48:24.329 E/nre     (31952): 	at cbgm.run(PG:107)
01-29 14:48:24.329 E/nre     (31952): 	at bmmd.run(PG:588)
01-29 14:48:24.329 E/nre     (31952): 	at ajad.run(PG:7)
01-29 14:48:24.329 E/nre     (31952): 	at brdg.run(PG:44)
01-29 14:48:24.329 E/nre     (31952): 	at inb.run(PG:469)
01-29 14:48:24.329 E/nre     (31952): 	at java.lang.Thread.run(Thread.java:1563)
01-29 14:48:24.329 E/nre     (31952): 	at ajau.run(PG:61)
01-29 14:48:24.356 W/stagram.androi(16457): JNI RegisterNativeMethods: attempt to register 0 native methods for com.facebook.traffic.nts.providers.background.BackgroundV2TaskSchedulerCommonImpl
01-29 14:48:24.398 E/SurfaceFlinger( 1019): Attempt to update InputPolicyFlags without permission ACCESS_SURFACE_FLINGER
01-29 14:48:24.399 E/nre     (31952): BlockableFutures: Cannot block on non-blocking thread
01-29 14:48:24.399 E/nre     (31952): java.lang.IllegalStateException: Cannot block on non-blocking thread: BG Thread #0
01-29 14:48:24.399 E/nre     (31952): 	at ajan.b(PG:109)
01-29 14:48:24.399 E/nre     (31952): 	at ajan.a(PG:1)
01-29 14:48:24.399 E/nre     (31952): 	at pho.a(PG:173)
01-29 14:48:24.399 E/nre     (31952): 	at vmm.f(PG:228)
01-29 14:48:24.399 E/nre     (31952): 	at vmj.b(PG:911)
01-29 14:48:24.399 E/nre     (31952): 	at cays.w(PG:12)
01-29 14:48:24.399 E/nre     (31952): 	at cbgm.run(PG:107)
01-29 14:48:24.399 E/nre     (31952): 	at bmmd.run(PG:588)
01-29 14:48:24.399 E/nre     (31952): 	at ajad.run(PG:7)
01-29 14:48:24.399 E/nre     (31952): 	at brdg.run(PG:44)
01-29 14:48:24.399 E/nre     (31952): 	at inb.run(PG:469)
01-29 14:48:24.399 E/nre     (31952): 	at java.lang.Thread.run(Thread.java:1563)
01-29 14:48:24.399 E/nre     (31952): 	at ajau.run(PG:61)
01-29 14:48:24.428 D/PowerManagerService( 1351): displayReady: false groupId=0
01-29 14:48:24.428 D/DisplayPowerController[0]( 1351): animateScreenStateChange: target=2, mLogicalDisplay.isEnabled()=true
01-29 14:48:24.428 D/DisplayPowerController[0]( 1351): getFinalBrightness : [maxBrightness = 201 (0.79) -> 191 (0.75)] 
01-29 14:48:24.429 D/DisplayPowerController[0]( 1351): getFinalBrightness : Summary is 201 (0.79) -> 191 (0.75)
01-29 14:48:24.429 D/DisplayPowerController[0]( 1351): Animating brightness: target=191 (0.75), sdrTarget=0.74901956, rate=0.0(hbm:0.0) mDisplayId=0, (PSM:, AB limit:(  0 (-1.00) ~   0 (-1.00)) MB Limit:( -1 (NaN) ~ 191 (0.75)), sf=1.0
01-29 14:48:24.430 D/DisplayPowerController[0]( 1351): animateScreenStateChange: target=2, mLogicalDisplay.isEnabled()=true
01-29 14:48:24.430 D/BrightnessHandler( 1351): inject brightness = 191.0, Brightness: 0.74901956
01-29 14:48:24.430 D/DisplayPowerController[0]( 1351): getFinalBrightness : [maxBrightness = 201 (0.79) -> 191 (0.75)] 
01-29 14:48:24.430 D/DisplayPowerController[0]( 1351): getFinalBrightness : Summary is 201 (0.79) -> 191 (0.75)
01-29 14:48:24.431 I/sensors-hal(  925): inject_sensor_data:64, brightness:191.000000
01-29 14:48:24.431 I/SSC_DAEMON(  967): physical_sensor_test_req_msg Sensor type :4, Msg type:11
01-29 14:48:24.432 D/BrightnessHandler( 1351): inject brightness = 191.0, Brightness: 0.74901956
01-29 14:48:24.433 D/BrightnessHandler( 1351): inject brightness = 191.0, Brightness: 0.74901956
01-29 14:48:24.433 D/BrightnessHandler( 1351): inject brightness = 191.0, Brightness: 0.74901956
01-29 14:48:24.434 D/PowerManagerService( 1351): displayReady: true groupId=0
01-29 14:48:24.434 I/SehLight(  930): lcd : 191+
01-29 14:48:24.435 I/SehLight(  930): lcd : 191-
01-29 14:48:24.442 I/SSC_DAEMON(  967): aor_event done
01-29 14:48:24.448 D/SemWifiApTrafficPoller( 1351): received START_TRAFFIC_CHECK
01-29 14:48:24.449 E/nre     (31952): BlockableFutures: Cannot block on non-blocking thread
01-29 14:48:24.449 E/nre     (31952): java.lang.IllegalStateException: Cannot block on non-blocking thread: BG Thread #0
01-29 14:48:24.449 E/nre     (31952): 	at ajan.b(PG:109)
01-29 14:48:24.449 E/nre     (31952): 	at ajan.a(PG:1)
01-29 14:48:24.449 E/nre     (31952): 	at pho.a(PG:173)
01-29 14:48:24.449 E/nre     (31952): 	at vmm.f(PG:228)
01-29 14:48:24.449 E/nre     (31952): 	at vmj.b(PG:911)
01-29 14:48:24.449 E/nre     (31952): 	at cays.w(PG:12)
01-29 14:48:24.449 E/nre     (31952): 	at cbgm.run(PG:107)
01-29 14:48:24.449 E/nre     (31952): 	at bmmd.run(PG:588)
01-29 14:48:24.449 E/nre     (31952): 	at ajad.run(PG:7)
01-29 14:48:24.449 E/nre     (31952): 	at brdg.run(PG:44)
01-29 14:48:24.449 E/nre     (31952): 	at inb.run(PG:469)
01-29 14:48:24.449 E/nre     (31952): 	at java.lang.Thread.run(Thread.java:1563)
01-29 14:48:24.449 E/nre     (31952): 	at ajau.run(PG:61)
01-29 14:48:24.453 W/facebook.katan(17378): Long monitor contention with owner Analytics2-EventProcessorProxy (17510) at void X.1PQ.A00(X.1VI, int)(:-1) waiters=0 in void X.1PQ.A00(X.1VI, int) for 4.546s
01-29 14:48:24.514 E/nre     (31952): BlockableFutures: Cannot block on non-blocking thread
01-29 14:48:24.514 E/nre     (31952): java.lang.IllegalStateException: Cannot block on non-blocking thread: BG Thread #0
01-29 14:48:24.514 E/nre     (31952): 	at ajan.b(PG:109)
01-29 14:48:24.514 E/nre     (31952): 	at ajan.a(PG:1)
01-29 14:48:24.514 E/nre     (31952): 	at pho.a(PG:173)
01-29 14:48:24.514 E/nre     (31952): 	at vmm.f(PG:228)
01-29 14:48:24.514 E/nre     (31952): 	at vmj.b(PG:911)
01-29 14:48:24.514 E/nre     (31952): 	at cays.w(PG:12)
01-29 14:48:24.514 E/nre     (31952): 	at cbgm.run(PG:107)
01-29 14:48:24.514 E/nre     (31952): 	at bmmd.run(PG:588)
01-29 14:48:24.514 E/nre     (31952): 	at ajad.run(PG:7)
01-29 14:48:24.514 E/nre     (31952): 	at brdg.run(PG:44)
01-29 14:48:24.514 E/nre     (31952): 	at inb.run(PG:469)
01-29 14:48:24.514 E/nre     (31952): 	at java.lang.Thread.run(Thread.java:1563)
01-29 14:48:24.514 E/nre     (31952): 	at ajau.run(PG:61)
01-29 14:48:24.566 E/nre     (31952): BlockableFutures: Cannot block on non-blocking thread
01-29 14:48:24.566 E/nre     (31952): java.lang.IllegalStateException: Cannot block on non-blocking thread: BG Thread #0
01-29 14:48:24.566 E/nre     (31952): 	at ajan.b(PG:109)
01-29 14:48:24.566 E/nre     (31952): 	at ajan.a(PG:1)
01-29 14:48:24.566 E/nre     (31952): 	at pho.a(PG:173)
01-29 14:48:24.566 E/nre     (31952): 	at vmm.f(PG:228)
01-29 14:48:24.566 E/nre     (31952): 	at vmj.b(PG:911)
01-29 14:48:24.566 E/nre     (31952): 	at cays.w(PG:12)
01-29 14:48:24.566 E/nre     (31952): 	at cbgm.run(PG:107)
01-29 14:48:24.566 E/nre     (31952): 	at bmmd.run(PG:588)
01-29 14:48:24.566 E/nre     (31952): 	at ajad.run(PG:7)
01-29 14:48:24.566 E/nre     (31952): 	at brdg.run(PG:44)
01-29 14:48:24.566 E/nre     (31952): 	at inb.run(PG:469)
01-29 14:48:24.566 E/nre     (31952): 	at java.lang.Thread.run(Thread.java:1563)
01-29 14:48:24.566 E/nre     (31952): 	at ajau.run(PG:61)
01-29 14:48:24.595 I/lmkd    (  567): cached 1, sandbox(not0) 3
01-29 14:48:24.599 I/lmkd    (  567): Reclaim 'com.samsung.android.game.gos' (17168), uid 10059, oom_score_adj 935, state 19 to free 89956kB rss, 33984kb swap
01-29 14:48:24.599 I/lmkd    (  567): Reclaimed 123940kB at oom_score_adj 850
01-29 14:48:24.613 I/Zygote  (  842): Process 17168 exited due to signal 9 (Killed)
01-29 14:48:24.623 I/ActivityManager( 1351): Process com.samsung.android.game.gos (pid 17168) has died: cch+35 CEM (131,2506)
01-29 14:48:24.628 I/libprocessgroup( 1351): Successfully killed process cgroup uid 10059 pid 17168 in 0ms
01-29 14:48:24.629 D/PowerManagerService( 1351): displayReady: false groupId=0
01-29 14:48:24.629 D/DisplayPowerController[0]( 1351): animateScreenStateChange: target=2, mLogicalDisplay.isEnabled()=true
01-29 14:48:24.629 D/DisplayPowerController[0]( 1351): getFinalBrightness : [maxBrightness = 201 (0.79) -> 190 (0.75)] 
01-29 14:48:24.629 D/DisplayPowerController[0]( 1351): getFinalBrightness : Summary is 201 (0.79) -> 190 (0.75)
01-29 14:48:24.629 D/DisplayPowerController[0]( 1351): Animating brightness: target=190 (0.75), sdrTarget=0.74509805, rate=0.0(hbm:0.0) mDisplayId=0, (PSM:, AB limit:(  0 (-1.00) ~   0 (-1.00)) MB Limit:( -1 (NaN) ~ 190 (0.75)), sf=1.0
01-29 14:48:24.630 D/DisplayPowerController[0]( 1351): animateScreenStateChange: target=2, mLogicalDisplay.isEnabled()=true
01-29 14:48:24.630 D/BrightnessHandler( 1351): inject brightness = 190.0, Brightness: 0.74509805
01-29 14:48:24.630 D/DisplayPowerController[0]( 1351): getFinalBrightness : [maxBrightness = 201 (0.79) -> 190 (0.75)] 
01-29 14:48:24.631 D/DisplayPowerController[0]( 1351): getFinalBrightness : Summary is 201 (0.79) -> 190 (0.75)
01-29 14:48:24.632 I/sensors-hal(  925): inject_sensor_data:64, brightness:190.000000
01-29 14:48:24.632 I/SSC_DAEMON(  967): physical_sensor_test_req_msg Sensor type :4, Msg type:11
01-29 14:48:24.634 D/BrightnessHandler( 1351): inject brightness = 190.0, Brightness: 0.74509805
01-29 14:48:24.634 D/BrightnessHandler( 1351): inject brightness = 190.0, Brightness: 0.74509805
01-29 14:48:24.636 D/BrightnessHandler( 1351): inject brightness = 190.0, Brightness: 0.74509805
01-29 14:48:24.637 D/PowerManagerService( 1351): displayReady: true groupId=0
01-29 14:48:24.637 I/SehLight(  930): lcd : 190+
01-29 14:48:24.644 I/SSC_DAEMON(  967): aor_event done
01-29 14:48:24.653 I/SehLight(  930): lcd : 190-
01-29 14:48:24.663 I/lmkd    (  567): cached 1, sandbox(not0) 3
01-29 14:48:24.666 I/lmkd    (  567): Reclaim 'com.google.android.apps.carrier.carrierwifi' (14533), uid 10204, oom_score_adj 955, state 19 to free 89696kB rss, 33908kb swap
01-29 14:48:24.666 I/ActivityManager( 1351): Changes in 10080 15 to 5, 0 to 8
01-29 14:48:24.666 I/lmkd    (  567): Reclaimed 123604kB at oom_score_adj 850
01-29 14:48:24.667 D/NetworkPolicy( 1351): onUidStateChanged() uid: 10080, isForeground(true, 5)
01-29 14:48:24.677 I/PrivacyDashboard(15479): PermissionAccessInformationContentProvider  insert : 0
01-29 14:48:24.693 D/ConnectivityService( 1351): releasing NetworkRequest [ REQUEST id=31186, [ Capabilities: INTERNET&NOT_RESTRICTED&TRUSTED&NOT_VCN_MANAGED Uid: 10204 RequestorUid: 10204 RequestorPkg: com.google.android.apps.carrier.carrierwifi UnderlyingNetworks: Null] ] (release request)
01-29 14:48:24.693 I/Zygote  (  842): Process 14533 exited due to signal 9 (Killed)
01-29 14:48:24.693 D/ConnectivityService( 1351):  Removing from current network [135 CELLULAR], leaving 221 requests.
01-29 14:48:24.694 I/ActivityManager( 1351): Process com.google.android.apps.carrier.carrierwifi (pid 14533) has died: cch+25 CEM (133,2501)
01-29 14:48:24.694 I/libprocessgroup( 1351): Successfully killed process cgroup uid 10204 pid 14533 in 0ms
01-29 14:48:24.708 E/nre     (31952): BlockableFutures: Cannot block on non-blocking thread
01-29 14:48:24.708 E/nre     (31952): java.lang.IllegalStateException: Cannot block on non-blocking thread: BG Thread #0
01-29 14:48:24.708 E/nre     (31952): 	at ajan.b(PG:109)
01-29 14:48:24.708 E/nre     (31952): 	at ajan.a(PG:1)
01-29 14:48:24.708 E/nre     (31952): 	at pho.a(PG:173)
01-29 14:48:24.708 E/nre     (31952): 	at vmm.f(PG:228)
01-29 14:48:24.708 E/nre     (31952): 	at vmj.b(PG:911)
01-29 14:48:24.708 E/nre     (31952): 	at cays.w(PG:12)
01-29 14:48:24.708 E/nre     (31952): 	at cbgm.run(PG:107)
01-29 14:48:24.708 E/nre     (31952): 	at bmmd.run(PG:588)
01-29 14:48:24.708 E/nre     (31952): 	at ajad.run(PG:7)
01-29 14:48:24.708 E/nre     (31952): 	at brdg.run(PG:44)
01-29 14:48:24.708 E/nre     (31952): 	at inb.run(PG:469)
01-29 14:48:24.708 E/nre     (31952): 	at java.lang.Thread.run(Thread.java:1563)
01-29 14:48:24.708 E/nre     (31952): 	at ajau.run(PG:61)
01-29 14:48:24.749 E/nre     (31952): BlockableFutures: Cannot block on non-blocking thread
01-29 14:48:24.749 E/nre     (31952): java.lang.IllegalStateException: Cannot block on non-blocking thread: BG Thread #0
01-29 14:48:24.749 E/nre     (31952): 	at ajan.b(PG:109)
01-29 14:48:24.749 E/nre     (31952): 	at ajan.a(PG:1)
01-29 14:48:24.749 E/nre     (31952): 	at pho.a(PG:173)
01-29 14:48:24.749 E/nre     (31952): 	at vmm.f(PG:228)
01-29 14:48:24.749 E/nre     (31952): 	at vmj.b(PG:911)
01-29 14:48:24.749 E/nre     (31952): 	at cays.w(PG:12)
01-29 14:48:24.749 E/nre     (31952): 	at cbgm.run(PG:107)
01-29 14:48:24.749 E/nre     (31952): 	at bmmd.run(PG:588)
01-29 14:48:24.749 E/nre     (31952): 	at ajad.run(PG:7)
01-29 14:48:24.749 E/nre     (31952): 	at brdg.run(PG:44)
01-29 14:48:24.749 E/nre     (31952): 	at inb.run(PG:469)
01-29 14:48:24.749 E/nre     (31952): 	at java.lang.Thread.run(Thread.java:1563)
01-29 14:48:24.749 E/nre     (31952): 	at ajau.run(PG:61)
01-29 14:48:24.766 D/ProcessState(17989): Binder ioctl to enable oneway spam detection failed: Invalid argument
01-29 14:48:24.770 I/EDMNativeHelperService( 1351): isScreenCaptureEnabled
01-29 14:48:24.772 D/ConnectivityManager(17378): StackLog: [android.net.ConnectivityManager.sendRequestForNetwork(ConnectivityManager.java:4738)] [android.net.ConnectivityManager.registerDefaultNetworkCallbackForUid(ConnectivityManager.java:5463)] [android.net.ConnectivityManager.registerDefaultNetworkCallback(ConnectivityManager.java:5430)] [android.net.ConnectivityManager.registerDefaultNetworkCallback(ConnectivityManager.java:5404)] [com.facebook.presence.DefaultPresenceManager.init(Unknown Source:87)] [X.7Lu.run(Unknown Source:99)] [X.Wr9.A00(Unknown Source:19)] [X.1Gz.call(Unknown Source:48)] [java.util.concurrent.FutureTask.run(FutureTask.java:317)] [X.1Ez.run(Unknown Source:2)] [X.1C2.run(Unknown Source:2)] [java.util.concurrent.ThreadPoolExecutor.runWorker(ThreadPoolExecutor.java:1154)] [java.util.concurrent.ThreadPoolExecutor$Worker.run(ThreadPoolExecutor.java:652)] [X.1CR.run(Unknown Source:3)] [X.1CU.run(Unknown Source:17)] [java.lang.Thread.run(Thread.java:1563)]
01-29 14:48:24.772 D/RestrictionPolicy( 1351): isScreenCaptureEnabled : ret=true userId=0
01-29 14:48:24.774 D/ConnectivityService( 1351): requestNetwork for uid/pid:10244/17378 activeRequest: null callbackRequest: 31234 [NetworkRequest [ REQUEST id=31235, [ Capabilities: INTERNET&NOT_RESTRICTED&TRUSTED&NOT_VCN_MANAGED Uid: 10244 RequestorUid: 10244 RequestorPkg: com.facebook.katana UnderlyingNetworks: Null] ]] callback flags: 0 order: 2147483647 isUidTracked: false declaredMethods: AVAIL|NC
01-29 14:48:24.775 D/ConnectivityService( 1351):    accepting network in place of null for NetworkRequest [ REQUEST id=31235, [ Capabilities: INTERNET&NOT_RESTRICTED&TRUSTED&NOT_VCN_MANAGED Uid: 10244 RequestorUid: 10244 RequestorPkg: com.facebook.katana UnderlyingNetworks: Null] ]
01-29 14:48:24.786 D/ConnectivityService( 1351): Rematched networks [computed 1ms] [applied 1ms] [issued 9]
01-29 14:48:24.786 D/ConnectivityService( 1351): NetworkReassignment :
01-29 14:48:24.786 D/ConnectivityService( 1351):   31235 : null â†’ 135
01-29 14:48:24.787 D/WifiNetworkFactory( 1351): got request NetworkRequest [ REQUEST id=31235, [ Capabilities: INTERNET&NOT_RESTRICTED&TRUSTED&NOT_VCN_MANAGED Uid: 10244 RequestorUid: 10244 RequestorPkg: com.facebook.katana UnderlyingNetworks: Null] ]
01-29 14:48:24.788 D/UntrustedWifiNetworkFactory( 1351): got request NetworkRequest [ REQUEST id=31235, [ Capabilities: INTERNET&NOT_RESTRICTED&TRUSTED&NOT_VCN_MANAGED Uid: 10244 RequestorUid: 10244 RequestorPkg: com.facebook.katana UnderlyingNetworks: Null] ]
01-29 14:48:24.788 D/OemPaidWifiNetworkFactory( 1351): got request NetworkRequest [ REQUEST id=31235, [ Capabilities: INTERNET&NOT_RESTRICTED&TRUSTED&NOT_VCN_MANAGED Uid: 10244 RequestorUid: 10244 RequestorPkg: com.facebook.katana UnderlyingNetworks: Null] ]
01-29 14:48:24.790 D/CompatibilityChangeReporter(17378): Compat change id reported: 160794467; UID 10244; state: ENABLED
01-29 14:48:24.793 W/MediaProvider( 4594): isAppCloneUserPair for user 0: false
01-29 14:48:24.799 W/android.vendin(16686): Throwing OutOfMemoryError "Failed to allocate a 178257930 byte allocation with 8355840 free bytes and 97MB until OOM, target footprint 174706152, growth limit 268435456" (VmSize 17337876 kB)
01-29 14:48:24.800 I/android.vendin(16686): Starting a blocking GC Alloc
01-29 14:48:24.801 E/nre     (31952): BlockableFutures: Cannot block on non-blocking thread
01-29 14:48:24.801 E/nre     (31952): java.lang.IllegalStateException: Cannot block on non-blocking thread: BG Thread #0
01-29 14:48:24.801 E/nre     (31952): 	at ajan.b(PG:109)
01-29 14:48:24.801 E/nre     (31952): 	at ajan.a(PG:1)
01-29 14:48:24.801 E/nre     (31952): 	at pho.a(PG:173)
01-29 14:48:24.801 E/nre     (31952): 	at vmm.f(PG:228)
01-29 14:48:24.801 E/nre     (31952): 	at vmj.b(PG:911)
01-29 14:48:24.801 E/nre     (31952): 	at cays.w(PG:12)
01-29 14:48:24.801 E/nre     (31952): 	at cbgm.run(PG:107)
01-29 14:48:24.801 E/nre     (31952): 	at bmmd.run(PG:588)
01-29 14:48:24.801 E/nre     (31952): 	at ajad.run(PG:7)
01-29 14:48:24.801 E/nre     (31952): 	at brdg.run(PG:44)
01-29 14:48:24.801 E/nre     (31952): 	at inb.run(PG:469)
01-29 14:48:24.801 E/nre     (31952): 	at java.lang.Thread.run(Thread.java:1563)
01-29 14:48:24.801 E/nre     (31952): 	at ajau.run(PG:61)
01-29 14:48:24.806 E/TaskPersister( 1351): File error accessing recents directory (directory doesn't exist?).
01-29 14:48:24.806 E/TaskPersister( 1351): File error accessing recents directory (directory doesn't exist?).
01-29 14:48:24.811 E/HiddenApis2(17378): Failed to init DecodeJObjectFuncPtr
01-29 14:48:24.822 W/ServiceManager( 1019): Permission failure: android.permission.CAPTURE_BLACKOUT_CONTENT from uid=2000 pid=17989
01-29 14:48:24.822 D/PermissionCache( 1019): checking android.permission.CAPTURE_BLACKOUT_CONTENT for uid=2000 => denied (1237 us)
01-29 14:48:24.826 D/SyncManager( 1351): userId - 0 auto - true
01-29 14:48:24.829 I/CameraService( 1161): onUidStateChanged: uid=10648, procState is changed. (6 -> 10)
01-29 14:48:24.829 D/PowerManagerService( 1351): displayReady: false groupId=0
01-29 14:48:24.829 D/DisplayPowerController[0]( 1351): animateScreenStateChange: target=2, mLogicalDisplay.isEnabled()=true
01-29 14:48:24.829 D/DisplayPowerController[0]( 1351): getFinalBrightness : [maxBrightness = 201 (0.79) -> 189 (0.74)] 
01-29 14:48:24.829 D/DisplayPowerController[0]( 1351): getFinalBrightness : Summary is 201 (0.79) -> 189 (0.74)
01-29 14:48:24.829 D/DisplayPowerController[0]( 1351): Animating brightness: target=189 (0.74), sdrTarget=0.7411764, rate=0.0(hbm:0.0) mDisplayId=0, (PSM:, AB limit:(  0 (-1.00) ~   0 (-1.00)) MB Limit:( -1 (NaN) ~ 189 (0.74)), sf=1.0
01-29 14:48:24.831 D/hw-ProcessState(17989): Binder ioctl to enable oneway spam detection failed: Invalid argument
01-29 14:48:24.832 D/DisplayPowerController[0]( 1351): animateScreenStateChange: target=2, mLogicalDisplay.isEnabled()=true
01-29 14:48:24.832 D/DisplayPowerController[0]( 1351): getFinalBrightness : [maxBrightness = 201 (0.79) -> 189 (0.74)] 
01-29 14:48:24.832 D/DisplayPowerController[0]( 1351): getFinalBrightness : Summary is 201 (0.79) -> 189 (0.74)
01-29 14:48:24.833 D/PowerManagerService( 1351): displayReady: true groupId=0
01-29 14:48:24.833 D/BrightnessHandler( 1351): inject brightness = 189.0, Brightness: 0.7411764
01-29 14:48:24.839 I/CameraService( 1161): onUidStateChanged: uid=10648, procState is changed. (10 -> 6)
01-29 14:48:24.846 I/sensors-hal(  925): inject_sensor_data:64, brightness:189.000000
01-29 14:48:24.847 I/SSC_DAEMON(  967): physical_sensor_test_req_msg Sensor type :4, Msg type:11
01-29 14:48:24.848 D/BrightnessHandler( 1351): inject brightness = 189.0, Brightness: 0.7411764
01-29 14:48:24.850 D/BrightnessHandler( 1351): inject brightness = 189.0, Brightness: 0.7411764
01-29 14:48:24.851 D/BrightnessHandler( 1351): inject brightness = 189.0, Brightness: 0.7411764
01-29 14:48:24.853 I/SehLight(  930): lcd : 189+
01-29 14:48:24.860 I/SSC_DAEMON(  967): aor_event done
01-29 14:48:24.864 D/SyncManager( 1351): userId - 0 auto - true
01-29 14:48:24.864 W/fb4a.Fixie/ActivityStackResetterFixer(17378): Enable Activity Stack Resetter
01-29 14:48:24.870 I/android.vendin(16686): Forcing collection of SoftReferences for 170MB allocation
01-29 14:48:24.871 I/SehLight(  930): lcd : 189-
01-29 14:48:24.872 D/SyncManager( 1351): userId - 0 auto - true
01-29 14:48:24.875 D/SyncManager( 1351): userId - 0 auto - true
01-29 14:48:24.877 D/SyncManager( 1351): userId - 0 auto - true
01-29 14:48:24.879 E/audit   (  825): type=1400 audit(1769694504.864:335328): avc:  granted  { execute } for  pid=17378 comm="CombinedTP12" path="/data/data/com.facebook.katana/lib-compressed/libartdistract.so" dev="sda32" ino=1014149 scontext=u:r:untrusted_app:s0:c244,c256,c512,c768 tcontext=u:object_r:app_data_file:s0:c244,c256,c512,c768 tclass=file SEPF_SM-M515F_12_0001 audit_filtered
01-29 14:48:24.879 E/audit   (  825): type=1300 audit(1769694504.864:335328): arch=c00000b7 syscall=222 success=yes exit=498444840960 a0=740da0b000 a1=a380 a2=5 a3=12 items=0 ppid=842 pid=17378 auid=4294967295 uid=10244 gid=10244 euid=10244 suid=10244 fsuid=10244 egid=10244 sgid=10244 fsgid=10244 tty=(none) ses=4294967295 comm="CombinedTP12" exe="/system/bin/app_process64" subj=u:r:untrusted_app:s0:c244,c256,c512,c768 key=(null)
01-29 14:48:24.879 E/audit   (  825): type=1327 audit(1769694504.864:335328): proctitle="com.facebook.katana"
01-29 14:48:24.879 D/nativeloader(17378): Load /data/data/com.facebook.katana/lib-compressed/libartdistract.so using class loader ns clns-6 (caller=/data/app/~~Zl8OieKxNrWa4gxudmXGAQ==/com.facebook.katana-wPrrCFoiw3FMe5bjFWs8JA==/base.apk): ok
01-29 14:48:24.879 D/ArtDistract(17378): Attempting to hook method. Resolved orig method holder in java: no
01-29 14:48:24.880 D/OffsetFinder(17378): findOffsetCustom: found value 272105497 at 4 (with arg: 25)
01-29 14:48:24.880 D/ArtDistract(17378): Did not find a symbol while calling findFunc_ClassLinker_GetQuickOatCodeFor for sym info. Found Error: -47
01-29 14:48:24.880 W/ArtDistract(17378): Could not init ART distract because we cannot find a way to get proxy invoke func ptr because art_quick_proxy_invoke_handler and ClassLinker::GetQuickOatCodeFor symbols could not be found.
01-29 14:48:24.880 D/ArtDistract(17378): ART Distract did NOT init.
01-29 14:48:24.880 D/ArtDistract(17378): 	 Access Flag offset[4]: yes
01-29 14:48:24.880 D/ArtDistract(17378): 	 Call Proxy Init Success: no
01-29 14:48:24.880 D/ArtDistract(17378): 	 has init symbols: yes
01-29 14:48:24.880 D/ArtDistract(17378): 	 has inited DexCache resolve method updating: Not needed
01-29 14:48:24.880 W/ArtDistract(17378): Could not hook method on this platform since initialization failed.
01-29 14:48:24.883 D/SyncManager( 1351): userId - 0 auto - true
01-29 14:48:24.884 D/nativeloader(17378): Load /data/data/com.facebook.katana/lib-compressed/liblongsuspend.so using class loader ns clns-6 (caller=/data/app/~~Zl8OieKxNrWa4gxudmXGAQ==/com.facebook.katana-wPrrCFoiw3FMe5bjFWs8JA==/base.apk): ok
01-29 14:48:24.886 E/_qlseek ( 7360): errno : 22
01-29 14:48:24.886 E/Qdio::ParseQdio( 7360): File Search Error
01-29 14:48:24.887 E/audit   (  825): type=1400 audit(1769694504.874:335329): avc:  granted  { execute } for  pid=17378 comm="CombinedTP12" path="/data/data/com.facebook.katana/lib-compressed/liblongsuspend.so" dev="sda32" ino=1020708 scontext=u:r:untrusted_app:s0:c244,c256,c512,c768 tcontext=u:object_r:app_data_file:s0:c244,c256,c512,c768 tclass=file SEPF_SM-M515F_12_0001 audit_filtered
01-29 14:48:24.889 D/SyncManager( 1351): userId - 0 auto - true
01-29 14:48:24.892 D/SyncManager( 1351): userId - 0 auto - true
01-29 14:48:24.893 D/SyncManager( 1351): userId - 0 auto - true
01-29 14:48:24.895 W/ExifInterface( 7360): Invalid image: ExifInterface got an unsupported image format file(ExifInterface supports JPEG and some RAW image formats only) or a corrupted JPEG file to ExifInterface.
01-29 14:48:24.895 W/ExifInterface( 7360): java.io.EOFException
01-29 14:48:24.895 W/ExifInterface( 7360): 	at android.media.ExifInterface$ByteOrderedDataInputStream.readShort(ExifInterface.java:4995)
01-29 14:48:24.895 W/ExifInterface( 7360): 	at android.media.ExifInterface.readByteOrder(ExifInterface.java:3977)
01-29 14:48:24.895 W/ExifInterface( 7360): 	at android.media.ExifInterface.parseTiffHeaders(ExifInterface.java:3997)
01-29 14:48:24.895 W/ExifInterface( 7360): 	at android.media.ExifInterface.getRawAttributes(ExifInterface.java:2963)
01-29 14:48:24.895 W/ExifInterface( 7360): 	at android.media.ExifInterface.loadAttributes(ExifInterface.java:2024)
01-29 14:48:24.895 W/ExifInterface( 7360): 	at android.media.ExifInterface.<init>(ExifInterface.java:1641)
01-29 14:48:24.895 W/ExifInterface( 7360): 	at android.media.ExifInterface.<init>(ExifInterface.java:1592)
01-29 14:48:24.895 W/ExifInterface( 7360): 	at com.samsung.android.providers.media.scan.MediaParser.getDateTimeOriginal(MediaParser.java:404)
01-29 14:48:24.895 W/ExifInterface( 7360): 	at com.samsung.android.providers.media.scan.MediaParser.computeDateMetadata(MediaParser.java:386)
01-29 14:48:24.895 W/ExifInterface( 7360): 	at com.samsung.android.providers.media.sync.MediaSync.upsert(MediaSync.java:434)
01-29 14:48:24.895 W/ExifInterface( 7360): 	at com.samsung.android.providers.media.sync.MediaSync.loadInternal(MediaSync.java:394)
01-29 14:48:24.895 W/ExifInterface( 7360): 	at com.samsung.android.providers.media.sync.MediaSync.load(MediaSync.java:335)
01-29 14:48:24.895 W/ExifInterface( 7360): 	at com.samsung.android.providers.media.sync.MediaSync.access$200(MediaSync.java:88)
01-29 14:48:24.895 W/ExifInterface( 7360): 	at com.samsung.android.providers.media.sync.MediaSync$SyncTask.run(MediaSync.java:486)
01-29 14:48:24.895 W/ExifInterface( 7360): 	at android.os.Handler.handleCallback(Handler.java:938)
01-29 14:48:24.895 W/ExifInterface( 7360): 	at android.os.Handler.dispatchMessage(Handler.java:99)
01-29 14:48:24.895 W/ExifInterface( 7360): 	at android.os.Looper.loopOnce(Looper.java:226)
01-29 14:48:24.895 W/ExifInterface( 7360): 	at android.os.Looper.loop(Looper.java:313)
01-29 14:48:24.895 W/ExifInterface( 7360): 	at android.os.HandlerThread.run(HandlerThread.java:67)
01-29 14:48:24.895 D/SyncManager( 1351): userId - 0 auto - true
01-29 14:48:24.897 D/SyncManager( 1351): userId - 0 auto - true
01-29 14:48:24.898 D/SyncManager( 1351): userId - 0 auto - true
01-29 14:48:24.900 D/SyncManager( 1351): userId - 0 auto - true
01-29 14:48:24.905 D/SyncManager( 1351): userId - 0 auto - true
01-29 14:48:24.911 D/SyncManager( 1351): userId - 0 auto - true
01-29 14:48:24.913 D/SyncManager( 1351): userId - 0 auto - true
01-29 14:48:24.917 D/SyncManager( 1351): userId - 0 auto - true
01-29 14:48:24.919 D/SyncManager( 1351): userId - 0 auto - true
01-29 14:48:24.924 D/SyncManager( 1351): userId - 0 auto - true
01-29 14:48:24.927 D/SyncManager( 1351): userId - 0 auto - true
01-29 14:48:24.929 D/SyncManager( 1351): userId - 0 auto - true
01-29 14:48:24.935 D/SyncManager( 1351): userId - 0 auto - true
01-29 14:48:24.944 I/ActivityManager( 1351): com.samsung.android.lool is exempt from freezer
01-29 14:48:24.944 D/CompatibilityChangeReporter( 1351): Compat change id reported: 135634846; UID 1000; state: DISABLED
01-29 14:48:24.945 D/CompatibilityChangeReporter( 1351): Compat change id reported: 177438394; UID 1000; state: DISABLED
01-29 14:48:24.945 D/CompatibilityChangeReporter( 1351): Compat change id reported: 135772972; UID 1000; state: DISABLED
01-29 14:48:24.945 D/CompatibilityChangeReporter( 1351): Compat change id reported: 135754954; UID 1000; state: ENABLED
01-29 14:48:24.946 D/SyncManager( 1351): userId - 0 auto - true
01-29 14:48:24.955 D/SyncManager( 1351): userId - 0 auto - true
01-29 14:48:24.956 D/MediaSync( 7360): loaded: 121ms, 1
01-29 14:48:24.962 D/SyncManager( 1351): userId - 0 auto - true
01-29 14:48:24.964 D/ConnectivityManager(15087): StackLog: [android.net.ConnectivityManager.sendRequestForNetwork(ConnectivityManager.java:4738)] [android.net.ConnectivityManager.registerDefaultNetworkCallbackForUid(ConnectivityManager.java:5463)] [android.net.ConnectivityManager.registerDefaultNetworkCallback(ConnectivityManager.java:5430)] [android.net.ConnectivityManager.registerDefaultNetworkCallback(ConnectivityManager.java:5404)] [io.sentry.android.core.internal.util.a.f(Unknown Source:27)] [G.j.run(Unknown Source:223)] [java.util.concurrent.Executors$RunnableAdapter.call(Executors.java:520)] [java.util.concurrent.FutureTask.run(FutureTask.java:317)] [java.util.concurrent.ScheduledThreadPoolExecutor$ScheduledFutureTask.run(ScheduledThreadPoolExecutor.java:348)] [java.util.concurrent.ThreadPoolExecutor.runWorker(ThreadPoolExecutor.java:1154)] [java.util.concurrent.ThreadPoolExecutor$Worker.run(ThreadPoolExecutor.java:652)] [java.lang.Thread.run(Thread.java:1563)]
01-29 14:48:24.964 D/Zygote  (  842): Forked child process 18009
01-29 14:48:24.965 I/ActivityManager( 1351): Start proc 18009:com.samsung.android.lool/1000 for broadcast {com.samsung.android.lool/com.samsung.android.sm.security.model.trigger.SecurityBridgeReceiver}
01-29 14:48:24.966 I/bauth_FPBAuthService( 1311): pcf : 0x1012, 0 ,2 ,0 ,0 ,0 ,2, 6.0.0.1
01-29 14:48:24.966 I/bauth_FPBAuthService( 1311): thread id : 2, preenroll_flag : 0, nd cnt : 1, cso : 2, et : 0
01-29 14:48:24.966 I/bauth_FPBAuthService( 1311): FPBAuthService, 11756
01-29 14:48:24.975 D/ConnectivityService( 1351): requestNetwork for uid/pid:10366/15087 activeRequest: null callbackRequest: 31236 [NetworkRequest [ REQUEST id=31237, [ Capabilities: INTERNET&NOT_RESTRICTED&TRUSTED&NOT_VCN_MANAGED Uid: 10366 RequestorUid: 10366 RequestorPkg: com.microsoft.copilot UnderlyingNetworks: Null] ]] callback flags: 0 order: 2147483647 isUidTracked: false declaredMethods: AVAIL|LOST|NC
01-29 14:48:24.976 D/ConnectivityService( 1351):    accepting network in place of null for NetworkRequest [ REQUEST id=31237, [ Capabilities: INTERNET&NOT_RESTRICTED&TRUSTED&NOT_VCN_MANAGED Uid: 10366 RequestorUid: 10366 RequestorPkg: com.microsoft.copilot UnderlyingNetworks: Null] ]
01-29 14:48:24.978 D/WifiNetworkFactory( 1351): got request NetworkRequest [ REQUEST id=31237, [ Capabilities: INTERNET&NOT_RESTRICTED&TRUSTED&NOT_VCN_MANAGED Uid: 10366 RequestorUid: 10366 RequestorPkg: com.microsoft.copilot UnderlyingNetworks: Null] ]
01-29 14:48:24.978 D/UntrustedWifiNetworkFactory( 1351): got request NetworkRequest [ REQUEST id=31237, [ Capabilities: INTERNET&NOT_RESTRICTED&TRUSTED&NOT_VCN_MANAGED Uid: 10366 RequestorUid: 10366 RequestorPkg: com.microsoft.copilot UnderlyingNetworks: Null] ]
01-29 14:48:24.978 D/OemPaidWifiNetworkFactory( 1351): got request NetworkRequest [ REQUEST id=31237, [ Capabilities: INTERNET&NOT_RESTRICTED&TRUSTED&NOT_VCN_MANAGED Uid: 10366 RequestorUid: 10366 RequestorPkg: com.microsoft.copilot UnderlyingNetworks: Null] ]
01-29 14:48:24.978 D/ConnectivityService( 1351): Rematched networks [computed 0ms] [applied 1ms] [issued 2]
01-29 14:48:24.979 D/ConnectivityService( 1351): NetworkReassignment :
01-29 14:48:24.979 D/ConnectivityService( 1351):   31237 : null â†’ 135
01-29 14:48:24.983 D/nativeloader(17378): Load /data/app/~~Zl8OieKxNrWa4gxudmXGAQ==/com.facebook.katana-wPrrCFoiw3FMe5bjFWs8JA==/lib/arm64/libc++_shared.so using class loader ns clns-6 (caller=/data/app/~~Zl8OieKxNrWa4gxudmXGAQ==/com.facebook.katana-wPrrCFoiw3FMe5bjFWs8JA==/base.apk): ok
01-29 14:48:24.985 D/SyncManager( 1351): userId - 0 auto - true
01-29 14:48:24.985 D/nativeloader(17378): Load /data/data/com.facebook.katana/lib-compressed/libinterpcache_interceptor.so using class loader ns clns-6 (caller=/data/app/~~Zl8OieKxNrWa4gxudmXGAQ==/com.facebook.katana-wPrrCFoiw3FMe5bjFWs8JA==/base.apk): ok
01-29 14:48:24.987 D/SyncManager( 1351): userId - 0 auto - true
01-29 14:48:24.986 I/ng.android.loo(18009): Using CollectorTypeCC GC.
01-29 14:48:24.989 D/SyncManager( 1351): userId - 0 auto - true
01-29 14:48:24.989 D/nativeloader(17378): Load /data/data/com.facebook.katana/lib-compressed/libinterpcache.so using class loader ns clns-6 (caller=/data/app/~~Zl8OieKxNrWa4gxudmXGAQ==/com.facebook.katana-wPrrCFoiw3FMe5bjFWs8JA==/base.apk): ok
01-29 14:48:24.991 D/SyncManager( 1351): userId - 0 auto - true
01-29 14:48:24.992 E/USNET   (18009): USNET: appName: com.samsung.android.lool
01-29 14:48:24.993 D/SyncManager( 1351): userId - 0 auto - true
01-29 14:48:24.993 D/ProcessState(18009): Binder ioctl to enable oneway spam detection failed: Invalid argument
01-29 14:48:24.994 D/ActivityThread(18009): setConscryptValidator
01-29 14:48:24.994 D/ActivityThread(18009): setConscryptValidator - put
01-29 14:48:24.996 D/SyncManager( 1351): userId - 0 auto - true
01-29 14:48:25.000 I/ActivityManager( 1351): DSS OFF for com.samsung.android.lool
01-29 14:48:25.000 D/SyncManager( 1351): userId - 0 auto - true
01-29 14:48:25.002 D/SyncManager( 1351): userId - 0 auto - true
01-29 14:48:25.005 D/SyncManager( 1351): userId - 0 auto - true
01-29 14:48:25.009 D/ActivityManager( 1351): attachApplicationLocked() app=ProcessRecord{413376e 18009:com.samsung.android.lool/1000} app.isolatedEntryPoint=null instr2=null
01-29 14:48:25.014 D/SyncManager( 1351): userId - 0 auto - true
01-29 14:48:25.016 D/ActivityThread(18009): handleBindApplication()++ app=com.samsung.android.lool
