01-29 14:48:21.698 I/Launcher.AppsPageDelegate( 2785): updateItemToNewPosition = title : UBA Mobile , rank : 24 , screenId : 5, user: UserHandle{0}, pos: 24, screen: 5
01-29 14:48:21.699 I/Launcher.AppsPageDelegate( 2785): updateItemToNewPosition = title : Smartcash PSB , rank : 0 , screenId : 5, user: UserHandle{0}, pos: 0, screen: 5
01-29 14:48:21.699 I/Launcher.AppsPageDelegate( 2785): updateItemToNewPosition = title : WhatsApp , rank : 1 , screenId : 6, user: UserHandle{0}, pos: 1, screen: 6
01-29 14:48:21.699 I/Launcher.AppsPageDelegate( 2785): updateItemToNewPosition = title : Windscribe , rank : 2 , screenId : 6, user: UserHandle{0}, pos: 2, screen: 6
01-29 14:48:21.699 I/Launcher.AppsPageDelegate( 2785): updateItemToNewPosition = title : Wise , rank : 3 , screenId : 6, user: UserHandle{0}, pos: 3, screen: 6
01-29 14:48:21.699 I/Launcher.AppsPageDelegate( 2785): updateItemToNewPosition = title : WPS Office , rank : 4 , screenId : 6, user: UserHandle{0}, pos: 4, screen: 6
01-29 14:48:21.699 I/Launcher.AppsPageDelegate( 2785): updateItemToNewPosition = title : Xender , rank : 5 , screenId : 6, user: UserHandle{0}, pos: 5, screen: 6
01-29 14:48:21.699 I/Launcher.AppsPageDelegate( 2785): updateItemToNewPosition = title : Yahoo Mail , rank : 6 , screenId : 6, user: UserHandle{0}, pos: 6, screen: 6
01-29 14:48:21.699 I/Launcher.AppsPageDelegate( 2785): updateItemToNewPosition = title : YT Music , rank : 7 , screenId : 6, user: UserHandle{0}, pos: 7, screen: 6
01-29 14:48:21.699 I/Launcher.AppsPageDelegate( 2785): updateItemToNewPosition = title : Zipped apps , rank : 8 , screenId : 6, user: UserHandle{0}, pos: 8, screen: 6
01-29 14:48:21.699 I/Launcher.AppsPageDelegate( 2785): updateItemToNewPosition = title : WA Business , rank : 0 , screenId : 6, user: UserHandle{0}, pos: 0, screen: 6
01-29 14:48:21.699 I/Launcher.AppsPageDelegate( 2785): rearrangeChildren took : 4
01-29 14:48:21.707 D/ActivityManager( 1351): attachApplicationLocked() app=ProcessRecord{5755363 17821:com.samsung.android.app.galaxyfinder:appservice/u0a58} app.isolatedEntryPoint=null instr2=null
01-29 14:48:21.707 D/ProcessState(17839): Binder ioctl to enable oneway spam detection failed: Invalid argument
01-29 14:48:21.710 I/SemDvfsHyPerManager( 1351): acquire hyper - APP_LAUNCH/1351@233, type = -999
01-29 14:48:21.710 I/HYPER-HAL(  928): [RequestManager.cpp]acquire(): Acquired ID : 1255553  [1351 / 233]    HINT : APP_LAUNCH    list : 
01-29 14:48:21.713 D/NetworkPolicy( 1351): onUidStateChanged() uid: 10058, isForeground(false, 10)
01-29 14:48:21.715 I/SemDvfsHyPerManager( 4687): acquire hyper - APP_START_SHORT/4687@15, type = -999
01-29 14:48:21.717 I/K0      ( 4687): limitGPUFreq:: freq = -1
01-29 14:48:21.717 E/SurfaceFlinger( 1019): Attempt to update InputPolicyFlags without permission ACCESS_SURFACE_FLINGER
01-29 14:48:21.717 I/K0      ( 4687): limitCPUFreq:: freq = -1
01-29 14:48:21.720 D/ActivityThread(17821): handleBindApplication()++ app=com.samsung.android.app.galaxyfinder:appservice
01-29 14:48:21.720 D/CompatibilityChangeReporter(17821): Compat change id reported: 171979766; UID 10058; state: DISABLED
01-29 14:48:21.738 E/nre     (31952): BlockableFutures: Cannot block on non-blocking thread
01-29 14:48:21.738 E/nre     (31952): java.lang.IllegalStateException: Cannot block on non-blocking thread: BG Thread #1
01-29 14:48:21.738 E/nre     (31952): 	at ajan.b(PG:109)
01-29 14:48:21.738 E/nre     (31952): 	at ajan.a(PG:1)
01-29 14:48:21.738 E/nre     (31952): 	at pho.a(PG:173)
01-29 14:48:21.738 E/nre     (31952): 	at vmm.f(PG:228)
01-29 14:48:21.738 E/nre     (31952): 	at vmj.b(PG:911)
01-29 14:48:21.738 E/nre     (31952): 	at cays.w(PG:12)
01-29 14:48:21.738 E/nre     (31952): 	at cbgm.run(PG:107)
01-29 14:48:21.738 E/nre     (31952): 	at bmmd.run(PG:588)
01-29 14:48:21.738 E/nre     (31952): 	at ajad.run(PG:7)
01-29 14:48:21.738 E/nre     (31952): 	at brdg.run(PG:44)
01-29 14:48:21.738 E/nre     (31952): 	at inb.run(PG:469)
01-29 14:48:21.738 E/nre     (31952): 	at java.lang.Thread.run(Thread.java:1563)
01-29 14:48:21.738 E/nre     (31952): 	at ajau.run(PG:61)
01-29 14:48:21.745 I/HYPER-HAL(  928): [RequestManager.cpp]acquire(): Acquired ID : 11056768  [4687 / 15]    HINT : APP_START    list : [TIMEOUT / 1500] 
01-29 14:48:21.746 I/HYPER-HAL(  928): [RequestManager.cpp]releaseLocked(): Released ID : 11009783
01-29 14:48:21.746 I/HYPER-HAL(  928): [RequestManager.cpp]releaseLocked(): Released ID : 10995707
01-29 14:48:21.748 D/ActivityTaskManager( 1351): startActivityAsUser: callingPid=17839, callingUid=2000, caller=com.android.server.wm.ActivityTaskManagerService.startActivityAsUser:1745 com.android.server.am.ActivityManagerService.startActivityAsUserWithFeature:3557 com.android.server.am.ActivityManagerShellCommand.runStartActivity:621 com.android.server.am.ActivityManagerShellCommand.onCommand:201 com.android.modules.utils.BasicShellCommandHandler.exec:97 android.os.ShellCommand.exec:38 com.android.server.am.ActivityManagerService.onShellCommand:10558 
01-29 14:48:21.751 I/ActivityTaskManager( 1351): START u0 {flg=0x10000000 cmp=com.asc.markets/.MainActivity} from uid 2000
01-29 14:48:21.759 D/ActivityTaskManager( 1351): TaskLaunchParamsModifier:task=null activity=ActivityRecord{4716f9a u0 com.asc.markets/.MainActivity display-id=0 display-windowing-mode=1 suggested-display-area=DefaultTaskDisplayArea@189201589
01-29 14:48:21.759 D/[secipm]( 1351): mSecIpmManager Preload com.asc.markets dex files
01-29 14:48:21.759 D/ActivityTaskManager( 1351): TaskLaunchParamsModifier:task=null activity=ActivityRecord{4716f9a u0 com.asc.markets/.MainActivity t-1} display-id=0 display-windowing-mode=1 suggested-display-area=DefaultTaskDisplayArea@189201589 non-freeform-display display-area=DefaultTaskDisplayArea@189201589 maximized-bounds
01-29 14:48:21.759 I/SemDvfsHyPerManager( 1351): acquire hyper - AMS_APP_SWITCH/1351@17, type = -999
01-29 14:48:21.760 W/ActivityTaskManager( 1351): Can't find TaskDisplayArea to determine support for multi window. Task id=11112 attached=false
01-29 14:48:21.760 D/PkgPredictorService-IpmAdcpController( 1351): create a new DexPreloadTask pkg:com.asc.markets  path:/data/app/~~S6iRs2n3ggqmKoQTRtadQQ==/com.asc.markets-rEIGoBoIogroGluGdCQe3Q==
01-29 14:48:21.760 I/SurfaceFlinger( 1019): id=39859 createSurf (0x0),-1 flag=24004, Task=11112#0
01-29 14:48:21.761 I/HYPER-HAL(  928): [RequestManager.cpp]acquire(): Acquired ID : 936413  [1351 / 17]    HINT : AMS_APP_SWITCH    list : 
01-29 14:48:21.762 D/ActivityTaskManager( 1351): TaskLaunchParamsModifier:task=Task{75f27c1 #11112 type=standard A=10667:com.asc.markets U=0 visible=false mode=fullscreen translucent=true sz=0} activity=ActivityRecord{4716f9a u0 com.asc.markets/.MainActivity t-1} display-from-task=0 display-id=0 display-windowing-mode=1 suggested-display-area=DefaultTaskDisplayArea@189201589 non-freeform-display display-area=DefaultTaskDisplayArea@189201589 maximized-bounds
01-29 14:48:21.763 D/CompatibilityChangeReporter( 1351): Compat change id reported: 174042980; UID 10667; state: DISABLED
01-29 14:48:21.767 D/CompatibilityChangeReporter( 1351): Compat change id reported: 184838306; UID 10667; state: DISABLED
01-29 14:48:21.768 D/ActivityManagerPerformance( 1351): AMP_acquire() APP_SWITCH
01-29 14:48:21.768 I/SemDvfsHyPerManager( 4687): acquire hyper - APP_START_SHORT/4687@15, type = -999
01-29 14:48:21.769 I/HYPER-HAL(  928): [RequestManager.cpp]acquire(): Acquired ID : 11056768  [4687 / 15]    HINT : APP_START    list : [TIMEOUT / 1500] 
01-29 14:48:21.769 D/CompatibilityChangeReporter( 1351): Compat change id reported: 185004937; UID 10667; state: DISABLED
01-29 14:48:21.770 D/CompatibilityChangeReporter( 1351): Compat change id reported: 181136395; UID 10667; state: DISABLED
01-29 14:48:21.771 D/CompatibilityChangeReporter( 1351): Compat change id reported: 174042936; UID 10667; state: DISABLED
01-29 14:48:21.771 I/SurfaceFlinger( 1019): id=39860 createSurf (0x0),-1 flag=80004, ActivityRecord{4716f9a u0 com.asc.markets/.MainActivity t11112}#0
01-29 14:48:21.774 W/WindowManager( 1351): Prepare app transition: mNextAppTransitionRequests=[TRANSIT_OPEN], mNextAppTransitionFlags=, displayId: 0 Callers=com.android.server.wm.DisplayContent.prepareAppTransition:6365 com.android.server.wm.DisplayContent.prepareAppTransition:6360 com.android.server.wm.Task.startActivityLocked:8782 com.android.server.wm.ActivityStarter.startActivityInner:2891 com.android.server.wm.ActivityStarter.startActivityUnchecked:2313 
01-29 14:48:21.774 D/ActivityTaskManager( 1351): Add starting com.android.server.wm.ActivityRecord$AddStartingWindow@dca90b5: typeParam=43
01-29 14:48:21.776 D/ShellTaskOrganizer( 2286): addStartingWindow: info=StartingWindowInfo{taskId=11112 targetActivityInfo=null displayId=0 topActivityType=1 preferredStartingWindowType=2b insetsState=null topWindowLayoutParams=null mainWindowLayoutParams=null splashScreenThemeResId 7f100252
01-29 14:48:21.776 D/StartingSurfaceDrawer( 2286): addSplashScreen com.asc.markets theme=7f100252 task=11112 suggestType=3
01-29 14:48:21.791 I/id.app.launche( 2785): Background young concurrent copying GC freed 11MB AllocSpace bytes, 22(1984KB) LOS objects, 36% free, 22MB/35MB, paused 289us,77us total 139.218ms
01-29 14:48:21.791 I/SemDvfsHyPerManager( 1351): acquire hyper - AMS_APP_LAUNCH/1351@14, type = -999
01-29 14:48:21.791 I/HYPER-HAL(  928): [RequestManager.cpp]acquire(): Acquired ID : 932309  [1351 / 14]    HINT : AMS_APP_LAUNCH    list : 
01-29 14:48:21.793 I/SemDvfsHyPerManager( 4687): acquire hyper - APP_START/4687@16, type = -999
01-29 14:48:21.794 I/HYPER-HAL(  928): [RequestManager.cpp]acquire(): Acquired ID : 11061472  [4687 / 16]    HINT : APP_START    list : 
01-29 14:48:21.796 I/BaseActivity( 2785): removeActivityFlags, flags : 16
01-29 14:48:21.797 D/InputTransport( 1351): Input channel constructed: '5f41568', fd=1334
01-29 14:48:21.797 I/BaseActivity( 2785): removeActivityFlags, flags : 6
01-29 14:48:21.797 D/InputTransport( 1351): Input channel constructed: '5f41568', fd=1346
01-29 14:48:21.797 D/InputTransport( 1351): Input channel constructed: '5f41568', fd=1347
01-29 14:48:21.797 I/DragController( 2785): endDrag
01-29 14:48:21.797 W/LauncherAppWidgetHost( 2785): setShouldListenFlag, mFlags:15 flag:resume on:false isFront:false
01-29 14:48:21.797 V/ActivityManager( 1351): Changed top to null
01-29 14:48:21.797 I/SurfaceFlinger( 1019): id=39861 createSurf (0x0),-1 flag=80004, 5f41568 Splash Screen com.asc.markets#0
01-29 14:48:21.798 D/InputTransport( 1351): Input channel destroyed: '5f41568', fd=1347
01-29 14:48:21.798 I/SPayUpdater( 2785): updateSpayHandler launcher activity is paused false
01-29 14:48:21.799 I/ViewRootImpl@4b73733[markets]( 2286): setView = android.widget.FrameLayout@24138f TM=true
01-29 14:48:21.801 D/MARsPolicyManager( 1351): onPackageResumedFG pkgName = com.asc.markets, userId = 0
01-29 14:48:21.802 W/WindowManager( 1351): Prepare app transition: mNextAppTransitionRequests=[TRANSIT_OPEN, TRANSIT_OPEN], mNextAppTransitionFlags=, displayId: 0 Callers=com.android.server.wm.DisplayContent.prepareAppTransition:6365 com.android.server.wm.Task.resumeTopActivityInnerLocked:8464 com.android.server.wm.Task.resumeTopActivityInnerLocked:8183 com.android.server.wm.Task.resumeTopActivityUncheckedLocked:8081 com.android.server.wm.RootWindowContainer.resumeFocusedTasksTopActivities:2804 
01-29 14:48:21.806 V/WindowManager( 1351): Relayout Window{5f41568 u0 Splash Screen com.asc.markets}: viewVisibility=0 req=1080x2400 d0
01-29 14:48:21.807 I/SurfaceFlinger( 1019): id=39862 createSurf (1x1),-3 flag=40004, Splash Screen com.asc.markets$_2286#0
01-29 14:48:21.808 D/WindowManager( 1351): makeSurface duration=1 name=Splash Screen com.asc.markets$_2286
01-29 14:48:21.810 V/WindowManager( 1351): Changing focus from Window{9e6185b u0 com.sec.android.app.launcher/com.sec.android.app.launcher.activities.LauncherActivity} to null displayId=0 Callers=com.android.server.wm.RootWindowContainer.updateFocusedWindowLocked:583 com.android.server.wm.WindowManagerService.updateFocusedWindowLocked:6480 com.android.server.wm.WindowManagerService.relayoutWindow:2750 com.android.server.wm.Session.relayout:242 
01-29 14:48:21.810 D/StatusBarManagerService( 1351): notifyRequestedSystemKey recent=false home=false
01-29 14:48:21.810 V/WindowManager( 1351): rotationForOrientation(orient=SCREEN_ORIENTATION_UNSPECIFIED (-1), last=ROTATION_0 (0)); user=ROTATION_0 (0) USER_ROTATION_LOCKED
01-29 14:48:21.810 D/WindowManager( 1351): rotationForOrientation, orientationSource=ActivityRecord{4716f9a u0 com.asc.markets/.MainActivity t11112}
01-29 14:48:21.811 V/WindowManager( 1351): Relayout hash=5f41568, pid=2286: mAttrs={(0,0)(fillxfill) sim={adjust=pan} ty=APPLICATION_STARTING fmt=TRANSLUCENT wanim=0x1030303
01-29 14:48:21.811 V/WindowManager( 1351):   fl=81030118
01-29 14:48:21.811 V/WindowManager( 1351):   pfl=36000010
01-29 14:48:21.811 V/WindowManager( 1351):   bhv=DEFAULT
01-29 14:48:21.811 V/WindowManager( 1351):   fitSides= naviIconColor=0}
01-29 14:48:21.814 D/io_stats(  618): !@   8,0 r 29717688 565415780 w 12981908 230626696 d 0 0 f 0 0 iot 9442470 0 th 0 0 0 pt 0 inp 0 0 128433.342
01-29 14:48:21.814 D/io_stats(  618): !@ 179,0 r 7018 270428 w 1274 321495 d 0 0 f 0 0 iot 26990 0 th 0 0 0 pt 0 inp 0 0 128433.342
01-29 14:48:21.816 I/ViewRootImpl@4b73733[markets]( 2286): Relayout returned: old=(0,0,1080,2400) new=(0,0,1080,2400) req=(1080,2400)0 dur=9 res=0x7 s={true -5476376639167494448} ch=true fn=-1
01-29 14:48:21.818 D/OpenGLRenderer( 2286): eglCreateWindowSurface
01-29 14:48:21.818 D/InputDispatcher( 1351): Focus left window (0): 9e6185b com.sec.android.app.launcher/com.sec.android.app.launcher.activities.LauncherActivity
01-29 14:48:21.819 I/ViewRootImpl@a359d08[LauncherActivity]( 2785): MSG_WINDOW_FOCUS_CHANGED 0 1
01-29 14:48:21.819 I/BaseActivity( 2785): removeActivityFlags, flags : 8
01-29 14:48:21.822 I/ViewRootImpl@4b73733[markets]( 2286): [DP] dp(1) 0 android.view.ViewRootImpl.reportNextDraw:11420 android.view.ViewRootImpl.performTraversals:4193 android.view.ViewRootImpl.doTraversal:2919 
01-29 14:48:21.828 D/CompatibilityChangeReporter( 1351): Compat change id reported: 135634846; UID 10667; state: DISABLED
01-29 14:48:21.829 D/CompatibilityChangeReporter( 1351): Compat change id reported: 177438394; UID 10667; state: DISABLED
01-29 14:48:21.829 D/CompatibilityChangeReporter( 1351): Compat change id reported: 135772972; UID 10667; state: DISABLED
01-29 14:48:21.829 D/CompatibilityChangeReporter( 1351): Compat change id reported: 135754954; UID 10667; state: ENABLED
01-29 14:48:21.832 I/BufferQueueProducer( 2286): [ViewRootImpl@4b73733[markets]#1947(BLAST Consumer)1947](id:8ee0000079b,api:1,p:2286,c:2286) queueBuffer: queued for the first time.
01-29 14:48:21.833 D/CompatibilityChangeReporter( 1351): Compat change id reported: 143937733; UID 10667; state: ENABLED
01-29 14:48:21.834 D/SGM:GameManager( 1351): notePauseComponent(), received pkgName: com.sec.android.app.launcher, userId: 0
01-29 14:48:21.834 I/CocktailBarManagerServiceContainer( 1351): handleMessage: entry what = 6
01-29 14:48:21.835 I/CocktailBarManagerServiceImpl( 1351): notePauseComponent : no active host
01-29 14:48:21.841 I/ViewRootImpl@4b73733[markets]( 2286): [DP] pdf(0) 0 android.view.ViewRootImpl.lambda$addFrameCompleteCallbackIfNeeded$3$ViewRootImpl:4995 android.view.ViewRootImpl$$ExternalSyntheticLambda16.run:6 android.os.Handler.handleCallback:938 
01-29 14:48:21.841 I/ViewRootImpl@4b73733[markets]( 2286): [DP] rdf()
01-29 14:48:21.841 D/ViewRootImpl@4b73733[markets]( 2286): reportDrawFinished (fn: -1) 
01-29 14:48:21.842 D/WindowManager( 1351): finishDrawingWindow: Window{5f41568 u0 Splash Screen com.asc.markets} mDrawState=DRAW_PENDING
01-29 14:48:21.844 W/WindowManager( 1351): Execute app transition: mNextAppTransitionRequests=[TRANSIT_OPEN, TRANSIT_OPEN], mNextAppTransitionFlags=, displayId: 0 Callers=com.android.server.wm.ActivityRecord.onStartingWindowDrawn:6841 com.android.server.wm.WindowState.performShowLocked:5622 com.android.server.wm.WindowStateAnimator.commitFinishDrawingLocked:323 com.android.server.wm.DisplayContent.lambda$new$10$DisplayContent:1214 com.android.server.wm.DisplayContent$$ExternalSyntheticLambda26.accept:4 
01-29 14:48:21.844 D/WindowManager( 1351): performShow logReadyForDisplay  mToken.waitingToShow:true isTransitionSet:true
01-29 14:48:21.845 D/TaskOrganizerController( 1351): Task appeared taskId=11112
01-29 14:48:21.845 D/WindowManager( 1351): Loading animation for app transition. transit=TRANSIT_OLD_WALLPAPER_CLOSE enter=false frame=Rect(0, 0 - 1080, 2183) insets=Rect(0, 0 - 0, 0) surfaceInsets=Rect(0, 0 - 0, 0)
01-29 14:48:21.847 D/FullscreenTaskListener( 2286): Fullscreen Task Appeared: #11112, caller=com.android.wm.shell.ShellTaskOrganizer.onTaskAppeared:387 com.android.wm.shell.ShellTaskOrganizer.onTaskAppeared:376 android.window.TaskOrganizer$1.lambda$onTaskAppeared$4$TaskOrganizer$1:297 
01-29 14:48:21.850 I/WindowManager( 1351): Reparenting to leash, surface=Surface(name=Task=1)/@0x77cbacf, leashParent=Surface(name=DefaultTaskDisplayArea)/@0x1c0f826
01-29 14:48:21.850 I/SurfaceFlinger( 1019): id=39863 createSurf (0x0),-1 flag=24000, Surface(name=Task=1)/@0x77cbacf - animation-leash of app_transition#0
01-29 14:48:21.851 I/PermissionControllerServiceImpl( 8422): Updating user sensitive for uid 10667
01-29 14:48:21.851 D/WindowManager( 1351): makeSurface duration=1 leash=Surface(name=Surface(name=Task=1)/@0x77cbacf - animation-leash of app_transition)/@0x2176dc3
01-29 14:48:21.851 D/WindowManager( 1351): Loading animation for app transition. transit=TRANSIT_OLD_WALLPAPER_CLOSE enter=true frame=Rect(0, 0 - 1080, 2400) insets=Rect(0, 91 - 0, 126) surfaceInsets=Rect(0, 0 - 0, 0)
01-29 14:48:21.853 I/WindowManager( 1351): Reparenting to leash, surface=Surface(name=Task=11112)/@0x767ad58, leashParent=Surface(name=DefaultTaskDisplayArea)/@0x1c0f826
01-29 14:48:21.853 I/SurfaceFlinger( 1019): id=39864 createSurf (0x0),-1 flag=24004, Surface(name=Task=11112)/@0x767ad58 - animation-leash of app_transition#0
01-29 14:48:21.853 D/Zygote  (  842): Forked child process 17870
01-29 14:48:21.854 D/WindowManager( 1351): makeSurface duration=1 leash=Surface(name=Surface(name=Task=11112)/@0x767ad58 - animation-leash of app_transition)/@0xa965717
01-29 14:48:21.855 I/WindowManager( 1351): Cancelling animation restarting=true, leash=Surface(name=Surface(name=bd953eb StatusBar)/@0xd5bb40f - animation-leash of insets_animation)/@0xd762a54
01-29 14:48:21.855 I/WindowManager( 1351): Reparenting to original parent: Surface(name=WindowToken{5bde9cf android.os.BinderProxy@a9644a9})/@0x3826c9c, destroy=false, surface=Surface(name=bd953eb StatusBar)/@0xd5bb40f
01-29 14:48:21.855 I/WindowManager( 1351): Reparenting to leash, surface=Surface(name=bd953eb StatusBar)/@0xd5bb40f, leashParent=Surface(name=WindowToken{5bde9cf android.os.BinderProxy@a9644a9})/@0x3826c9c
01-29 14:48:21.855 I/SurfaceFlinger( 1019): id=39865 createSurf (0x0),-1 flag=24000, Surface(name=bd953eb StatusBar)/@0xd5bb40f - animation-leash of insets_animation#0
01-29 14:48:21.856 D/WindowManager( 1351): makeSurface duration=1 leash=Surface(name=Surface(name=bd953eb StatusBar)/@0xd5bb40f - animation-leash of insets_animation)/@0xe72cf70
01-29 14:48:21.856 I/WindowManager( 1351): Cancelling animation restarting=true, leash=Surface(name=Surface(name=2e0d42f NavigationBar0)/@0xc687a7a - animation-leash of insets_animation)/@0xff1faf2
01-29 14:48:21.856 I/WindowManager( 1351): Reparenting to original parent: Surface(name=WindowToken{9e9820e android.os.BinderProxy@1bafd10})/@0x229822b, destroy=false, surface=Surface(name=2e0d42f NavigationBar0)/@0xc687a7a
01-29 14:48:21.856 I/WindowManager( 1351): Reparenting to leash, surface=Surface(name=2e0d42f NavigationBar0)/@0xc687a7a, leashParent=Surface(name=WindowToken{9e9820e android.os.BinderProxy@1bafd10})/@0x229822b
01-29 14:48:21.856 I/SurfaceFlinger( 1019): id=39866 createSurf (0x0),-1 flag=24000, Surface(name=2e0d42f NavigationBar0)/@0xc687a7a - animation-leash of insets_animation#0
01-29 14:48:21.857 D/WindowManager( 1351): makeSurface duration=1 leash=Surface(name=Surface(name=2e0d42f NavigationBar0)/@0xc687a7a - animation-leash of insets_animation)/@0x837120f
01-29 14:48:21.863 I/com.asc.market(17870): Late-enabling -Xcheck:jni
01-29 14:48:21.867 I/Layer   ( 1019): id=39855 removedFromDrawingState Surface(name=2e0d42f NavigationBar0)/@0xc687a7a - animation-leash of insets_animation#1 (135)
01-29 14:48:21.867 I/Layer   ( 1019): id=68 removedFromDrawingState 2e0d42f NavigationBar0#0 (135)
01-29 14:48:21.867 I/Layer   ( 1019): id=75 removedFromDrawingState NavigationBar0$_2286#0 (135)
01-29 14:48:21.867 I/Layer   ( 1019): id=68 addToCurrentState 2e0d42f NavigationBar0#0 (135)
01-29 14:48:21.867 I/Layer   ( 1019): id=75 addToCurrentState NavigationBar0$_2286#0 (135)
01-29 14:48:21.867 I/Layer   ( 1019): id=39854 removedFromDrawingState Surface(name=bd953eb StatusBar)/@0xd5bb40f - animation-leash of insets_animation#1 (135)
01-29 14:48:21.873 D/NetworkPolicy( 1351): onUidStateChanged() uid: 10667, isForeground(false, 19)
01-29 14:48:21.878 I/TouchInteractionService( 2785): onSystemUiStateChanged, stateFlags : 131072
01-29 14:48:21.889 I/WM-WorkerWrapper(17751): Worker result SUCCESS for Work [ id=b9ad8ef1-b807-4fbb-a01a-a6e61a9249c8, tags={ com.samsung.android.game.gamehome.worker.DummyWorker } ]
01-29 14:48:21.889 D/SurfaceFlinger( 1019): Display 4630947232161729153 HWC layers:
01-29 14:48:21.889 D/SurfaceFlinger( 1019):      DEVICE | 0xb400007a5a9093d0 | 0100 | RGBx_8888    |   68.0    0.0 1148.0 2400.0 |    0    0 1080 2400 | Wallpaper BBQ wrapper#0
01-29 14:48:21.889 D/SurfaceFlinger( 1019):      DEVICE | 0xb400007a5a918370 | 0100 | RGBA_8888    |    0.0    0.0 1080.0 2400.0 |    0    0 1080 2400 | com.sec.android.app.launcher/com.sec[...].activities.LauncherActivity$_2785#0
01-29 14:48:21.889 D/SurfaceFlinger( 1019):      DEVICE | 0xb400007a5a910180 | 0100 | RGBA_8888    |    0.0    0.0 1080.0 2400.0 |   76  168 1004 2232 | Splash Screen com.asc.markets$_2286#0
01-29 14:48:21.889 D/SurfaceFlinger( 1019):      DEVICE | 0xb400007a5a8f2bd0 | 0100 | RGBA_8888    |    0.0    0.0 1080.0   91.0 |    0    0 1080   91 | StatusBar$_2286#0
01-29 14:48:21.889 D/SurfaceFlinger( 1019):      DEVICE | 0xb400007a5a915040 | 0100 | RGBA_8888    |    0.0    0.0 1080.0  126.0 |    0 2274 1080 2400 | NavigationBar0$_2286#0
01-29 14:48:21.889 D/SurfaceFlinger( 1019): 
01-29 14:48:21.890 I/TouchInteractionService( 2785): onSystemUiFlagsChanged, userUnlocked
01-29 14:48:21.890 I/SurfaceFlinger( 1019): id=39855 Removed Surface(name=2e0d42f NavigationBar0)/@0xc687a7a - animation-leash of insets_animation#1 (135)
01-29 14:48:21.890 I/SurfaceFlinger( 1019): id=39854 Removed Surface(name=bd953eb StatusBar)/@0xd5bb40f - animation-leash of insets_animation#1 (135)
01-29 14:48:21.900 E/SurfaceFlinger( 1019): Attempt to update InputPolicyFlags without permission ACCESS_SURFACE_FLINGER
01-29 14:48:21.900 W/ActivityManager( 1351): Slow operation: 72ms so far, now at startProcess: done updating battery stats
01-29 14:48:21.900 W/ActivityManager( 1351): Slow operation: 72ms so far, now at startProcess: building log message
01-29 14:48:21.900 I/ActivityManager( 1351): Start proc 17870:com.asc.markets/u0a667 for pre-top-activity {com.asc.markets/com.asc.markets.MainActivity}
01-29 14:48:21.900 I/Layer   ( 1019): id=39854 Destroyed Surface(name=bd953eb StatusBar)/@0xd5bb40f - animation-leash of insets_animation#1
01-29 14:48:21.900 D/ActivityManager( 1351): [SecIpm] it's a ML_TYPE_EMPTYPROCESS protected process com.asc.markets
01-29 14:48:21.900 W/ActivityManager( 1351): Slow operation: 72ms so far, now at startProcess: starting to update pids map
01-29 14:48:21.900 I/Layer   ( 1019): id=39855 Destroyed Surface(name=2e0d42f NavigationBar0)/@0xc687a7a - animation-leash of insets_animation#1
01-29 14:48:21.900 I/ExternalMethodFactory( 2785): get_home_mode
01-29 14:48:21.901 W/ActivityManager( 1351): Slow operation: 73ms so far, now at startProcess: done updating pids map
01-29 14:48:21.905 I/RecentModel( 2785): onTaskStackChangedBackground
01-29 14:48:21.908 I/RecentTasksList( 2785): getTaskKeys, numTasks :3 callback : com.android.quickstep.-$$Lambda$RecentsModel$k1Mm-BV64Bc89eJHYugywZmW_Js@bfeb3e6
01-29 14:48:21.908 D/ActivityTaskManager( 1351): getRecentPairTasks() maxNum :3 from 10119
01-29 14:48:21.908 D/RecentTaskItemController( 1351): getRecentPairTasksImpl() maxNum :3 from 10119
01-29 14:48:21.909 I/RecentTasksList( 2785): loadTasksInBackground() task id : 10839
01-29 14:48:21.909 I/RecentTasksList( 2785): loadTasksInBackground() task id : 10776
01-29 14:48:21.909 I/RecentTasksList( 2785): loadTasksInBackground() task id : 11112
01-29 14:48:21.920 I/com.asc.market(17870): Using CollectorTypeCC GC.
01-29 14:48:21.922 I/GenerationRegistry( 1351): mBackingStore.isClosed() : false
01-29 14:48:21.927 I/RunestoneUtils(17821): currentRubinState : OK, isEnabledInSupportedApps : true
01-29 14:48:21.927 I/GenerationRegistry( 1351): mBackingStore.isClosed() : false
01-29 14:48:21.944 I/adbd    (27226): jdwp connection from 17870
01-29 14:48:21.945 I/ExternalMethodFactory( 2785): get_home_mode
01-29 14:48:21.945 E/USNET   (17870): USNET: appName: com.asc.markets
01-29 14:48:21.949 W/NetlinkSocket( 1351): maximum read
01-29 14:48:21.951 I/Process (17821): Sending signal. PID: 17821 SIG: 9
01-29 14:48:21.955 D/ProcessState(17870): Binder ioctl to enable oneway spam detection failed: Invalid argument
01-29 14:48:21.959 D/ActivityThread(17870): setConscryptValidator
01-29 14:48:21.959 D/ActivityThread(17870): setConscryptValidator - put
01-29 14:48:21.965 I/bauth_FPBAuthService( 1311): pcf : 0x1012, 0 ,2 ,0 ,0 ,0 ,2, 6.0.0.1
01-29 14:48:21.965 I/bauth_FPBAuthService( 1311): thread id : 2, preenroll_flag : 0, nd cnt : 1, cso : 2, et : 0
01-29 14:48:21.965 I/bauth_FPBAuthService( 1311): FPBAuthService, 11756
01-29 14:48:21.966 I/ActivityManager( 1351): DSS OFF for com.asc.markets
01-29 14:48:21.969 I/FA      (17751): App measurement initialized, version: 31049
01-29 14:48:21.969 I/FA      (17751): To enable debug logging run: adb shell setprop log.tag.FA VERBOSE
01-29 14:48:21.969 I/FA      (17751): To enable faster debug mode event logging run:
01-29 14:48:21.969 I/FA      (17751):   adb shell setprop debug.firebase.analytics.app com.samsung.android.game.gamehome
01-29 14:48:21.970 D/ActivityManager( 1351): attachApplicationLocked() app=ProcessRecord{55a5755 17870:com.asc.markets/u0a667} app.isolatedEntryPoint=null instr2=null
01-29 14:48:21.973 V/WindowManager( 1351): rotationForOrientation(orient=SCREEN_ORIENTATION_UNSPECIFIED (-1), last=ROTATION_0 (0)); user=ROTATION_0 (0) USER_ROTATION_LOCKED
01-29 14:48:21.974 D/WindowManager( 1351): rotationForOrientation, orientationSource=ActivityRecord{4716f9a u0 com.asc.markets/.MainActivity t11112}
01-29 14:48:21.974 V/WindowManager( 1351): Computed rotation=ROTATION_0 (0) for display id=0 based on lastOrientation=SCREEN_ORIENTATION_UNSPECIFIED (-1) and oldRotation=ROTATION_0 (0), caller=com.android.server.wm.DisplayRotation.updateOrientation:407 com.android.server.wm.DisplayContent.updateOrientation:1939 com.android.server.wm.DisplayContent.updateOrientation:1877 com.android.server.wm.RootWindowContainer.ensureVisibilityAndConfig:2207 com.android.server.wm.ActivityTaskSupervisor.realStartActivityLocked:939 com.android.server.wm.RootWindowContainer.startActivityForAttachedApplicationIfNeeded:2356 
01-29 14:48:21.975 D/TspStateManager( 1351): updateCustomValue customSetting=
01-29 14:48:21.976 D/TspStateManager( 1351): updateCustomValue customSetting=
01-29 14:48:21.976 I/Zygote  (  842): Process 17821 exited due to signal 9 (Killed)
01-29 14:48:21.976 D/SGM:PkgDataHelper( 1351): notifyAppCreate(), pkgName: com.asc.markets, userId: 0, sendRet: true
01-29 14:48:21.976 D/SGM:GameManager( 1351): onLooperPrepared(), msg: MSG_APP_CREATE, pkgName: com.asc.markets, userId: 0
01-29 14:48:21.977 D/MARsPolicyManager( 1351): onPackageResumedFG pkgName = com.asc.markets, userId = 0
01-29 14:48:21.977 D/InputDispatcher( 1351): Focused application set to (0): 4716f9a
01-29 14:48:21.977 D/SGM:GameManager( 1351): TaskStackListener.onTaskFocusChanged(), taskId=10761, focused=false
01-29 14:48:21.978 D/SGM:GameManager( 1351): TaskStackListener.onTaskFocusChanged(), taskId=11112, focused=true
01-29 14:48:21.978 D/SGM:GameManager( 1351):   sendRunningComponentFocus(), pkgName: com.asc.markets, userId: 0
01-29 14:48:21.978 D/SGM:GameManager( 1351): onLooperPrepared(), msg: MSG_TASK_FOCUSED, pkgName: com.asc.markets, userId: 0
01-29 14:48:21.978 D/SGM:GameManager( 1351): handleTaskFocused().
01-29 14:48:21.978 D/SGM:GameManager( 1351):   handleTaskFocused(), pkgName: com.asc.markets, userID:0
01-29 14:48:21.978 D/SGM:GameManager( 1351): handleResume().
01-29 14:48:21.978 D/SGM:GameManager( 1351): sendFocusOutConditionally() - mPrevNotiPkg: (unknown), userId: 0
01-29 14:48:21.978 D/SGM:GameManager( 1351):   handleResume(). pkgName: com.asc.markets, userId: 0, isTunableApp: null
01-29 14:48:21.978 D/SGM:GameManager( 1351): notifyFocusInOut(). of pkg: com.asc.markets, type: 4, isMinimized: false, isTunableApp: false, userId: 0
01-29 14:48:21.978 D/SGM:GameManager( 1351):   notifyFocusInOut(). unexpected mPrevNotiType: -1
01-29 14:48:21.978 D/SGM:NetworkLimit( 1351): callRelease
01-29 14:48:21.978 D/SGM:SystemHelper( 1351): callReleaseBlock needReleaseBlock:false
01-29 14:48:21.979 V/ActivityManager( 1351): Changed top to ProcessRecord{55a5755 17870:com.asc.markets/u0a667}
01-29 14:48:21.979 I/libprocessgroup( 1351): Successfully killed process cgroup uid 10058 pid 17821 in 0ms
01-29 14:48:21.981 I/ActivityManager( 1351): Process com.samsung.android.app.galaxyfinder:appservice (pid 17821) has died: fg  SVC (189,2550)
01-29 14:48:21.982 D/ActivityThread(17870): handleBindApplication()++ app=com.asc.markets
01-29 14:48:21.983 D/CompatibilityChangeReporter(17870): Compat change id reported: 171979766; UID 10667; state: ENABLED
01-29 14:48:21.989 I/ActivityManager( 1351): Changes in 10667 19 to 2, 0 to 15
01-29 14:48:21.989 I/AppOps  ( 1351): updateUidProcState uid: 10667 procState: 2 capability:15
01-29 14:48:21.989 I/AppOps  ( 1351): commitUidPendingStateLocked() :: UID - 10667, 700 > 200, 0 > 15
01-29 14:48:21.990 I/SemPersonaManager( 1351): SecureFolder personaId = 150
01-29 14:48:21.991 D/SSRM:LoadDetectMonitor( 1351): PID = 17870, UID = 10667
01-29 14:48:21.992 D/NetworkPolicy( 1351): onUidStateChanged() uid: 10667, isForeground(true, 2)
01-29 14:48:21.994 I/Rubin   (19016): [14683] LoggingEventHelper.notifyUpdatedWithValue(:1) : Notify AppUsageLogger's database is updated.
01-29 14:48:21.995 D/SGM:GameManager( 1351): identifyForegroundApp. com.asc.markets, mCurrentUserId: 0, callerUserId: 0
01-29 14:48:21.995 D/SGM:PkgDataHelper( 1351): getGamePkgData(). com.asc.markets
01-29 14:48:21.996 D/SGM:GameManager( 1351): identifyGamePackage. com.asc.markets, mCurrentUserId: 0, callerUserId: 0, callingMethodInfo: com.samsung.android.game.IGameManagerService$Stub.onTransact(IGameManagerService.java:242)
01-29 14:48:21.996 D/SGM:PkgDataHelper( 1351): getGamePkgData(). com.asc.markets
01-29 14:48:21.998 I/Rubin   (19016): [14683] ExercisingWithCmhMonitor.isSatisfiedByCmh(:6) : isSatisfiedByCmh is false
01-29 14:48:22.014 D/EnterpriseDeviceManagerService( 1351): isMdmAdminPresentInternal() : MDM Admin Found - com.samsung.knox.securefolder
01-29 14:48:22.015 I/GameSDK@LifeCycle( 1351): noteResumeComponent(): package name  : com.asc.markets
01-29 14:48:22.016 I/CocktailBarManagerServiceContainer( 1351): handleMessage: entry what = 5
01-29 14:48:22.016 I/CocktailBarManagerServiceImpl( 1351): noteResumeComponent : no active host
01-29 14:48:22.017 D/SGM:GameManager( 1351): identifyGamePackage. com.asc.markets, mCurrentUserId: 0, callerUserId: 0, callingMethodInfo: com.android.server.ssrm.fgapps.GameAppUtils.isGame(GameAppUtils.java:84)
01-29 14:48:22.017 D/SGM:PkgDataHelper( 1351): getGamePkgData(). com.asc.markets
01-29 14:48:22.018 D/SGM:GameManager( 1351): identifyGamePackage. com.asc.markets, mCurrentUserId: 0, callerUserId: 0, callingMethodInfo: com.android.server.ssrm.SortingMachine.isGame(SortingMachine.java:162)
01-29 14:48:22.018 D/SGM:PkgDataHelper( 1351): getGamePkgData(). com.asc.markets
01-29 14:48:22.018 D/SGM:GameManager( 1351): noteResumeComponent(), received pkgName: com.asc.markets, userId: 0
01-29 14:48:22.018 D/SGM:GameManager( 1351): onLooperPrepared(), msg: MSG_APP_RESUME, pkgName: com.asc.markets, userid: 0
01-29 14:48:22.018 D/SGM:GameManager( 1351): handleResume().
01-29 14:48:22.018 D/SGM:GameManager( 1351): sendFocusOutConditionally() - mPrevNotiPkg: (unknown), userId: 0
01-29 14:48:22.018 D/SGM:GameManager( 1351):   handleResume(). pkgName: com.asc.markets, userId: 0, isTunableApp: null
01-29 14:48:22.018 D/SGM:GameManager( 1351): notifyFocusInOut(). of pkg: com.asc.markets, type: 4, isMinimized: false, isTunableApp: false, userId: 0
01-29 14:48:22.018 D/SGM:GameManager( 1351):   notifyFocusInOut(). unexpected mPrevNotiType: -1
01-29 14:48:22.018 D/SGM:NetworkLimit( 1351): callRelease
01-29 14:48:22.018 D/SGM:SystemHelper( 1351): callReleaseBlock needReleaseBlock:false
01-29 14:48:22.035 I/FA      (17751): Tag Manager is not found and thus will not be used
01-29 14:48:22.087 I/SDHMS:C ( 4687): SIOP:: AP:365(536,100) BAT:381(381,0) USB:0(0,0) CHG:481(481,0) PA:490(490,0) WIFI:485(485,0) BLK:0(0,0) SUBBAT:0(0,0) LRP:434(434,0) LRF:434(434) LRB:429(429) 
01-29 14:48:22.122 D/MdnieScenarioControlService( 1351):  packageName : com.asc.markets    className : com.asc.markets.MainActivity
01-29 14:48:22.122 V/MdnieScenarioControlService( 1351): setUIMode from UI function(3)
01-29 14:48:22.135 D/BoundBrokerSvc( 7646): onRebind: Intent { act=com.google.android.gms.presencemanager.service.START dat=chimera-action: cmp=com.google.android.gms/.chimera.PersistentApiService }
01-29 14:48:22.138 D/BoundBrokerSvc( 7646): onRebind: Intent { act=com.google.android.gms.presencemanager.service.INTERNAL_IDENTITY dat=chimera-action: cmp=com.google.android.gms/.chimera.PersistentApiService }
01-29 14:48:22.152 D/SamsungAlarmManager( 1351): Cancel Alarm calling from uid:10205 pid :561 / OP:PendingIntent{f0d81b2: PendingIntentRecord{7f0a503 com.google.android.gms/com.google.android.gms.measurement broadcastIntent}}
01-29 14:48:22.163 I/NetworkScheduler( 7646): (REDACTED) Error inserting %s
01-29 14:48:22.193 I/lmkd    (  567): cached 1, sandbox(not0) 3
01-29 14:48:22.194 W/NetlinkSocket( 1351): maximum read
01-29 14:48:22.199 W/NetlinkSocket( 1351): maximum read
01-29 14:48:22.201 I/lmkd    (  567): Reclaim 'com.microsoft.bing' (15085), uid 10307, oom_score_adj 935, state 19 to free 164872kB rss, 24412kb swap
01-29 14:48:22.202 I/lmkd    (  567): Reclaimed 189284kB at oom_score_adj 850
01-29 14:48:22.216 I/WindowManager( 1351): Reparenting to original parent: Surface(name=DefaultTaskDisplayArea)/@0x1c0f826, destroy=true, surface=Surface(name=Task=1)/@0x77cbacf
01-29 14:48:22.217 V/WindowManager( 1351): Setting visibility of Window{9e6185b u0 com.sec.android.app.launcher/com.sec.android.app.launcher.activities.LauncherActivity}: false, caller=com.android.server.wm.WindowContainer.sendAppVisibilityToClients:1110 com.android.server.wm.WindowToken.setClientVisible:448 com.android.server.wm.ActivityRecord.setClientVisible:7010 com.android.server.wm.ActivityRecord.onAnimationFinished:7897 com.android.server.wm.WindowContainer.doAnimationFinished:3107 
01-29 14:48:22.217 I/WindowManager( 1351): Reparenting to original parent: Surface(name=DefaultTaskDisplayArea)/@0x1c0f826, destroy=true, surface=Surface(name=Task=11112)/@0x767ad58
01-29 14:48:22.217 I/ViewRootImpl@a359d08[LauncherActivity]( 2785): handleAppVisibility mAppVisible=true visible=false
01-29 14:48:22.217 I/Zygote  (  842): Process 15085 exited due to signal 9 (Killed)
01-29 14:48:22.219 V/WindowManager( 1351): Setting visibility of Window{eb30403 u0 com.android.systemui.ImageWallpaper}: false, caller=com.android.server.wm.WindowContainer.sendAppVisibilityToClients:1110 com.android.server.wm.WindowToken.setClientVisible:448 com.android.server.wm.WallpaperWindowToken.setVisible:162 com.android.server.wm.WallpaperWindowToken.updateWallpaperWindows:157 com.android.server.wm.WallpaperController.updateWallpaperTokens:672 
01-29 14:48:22.219 D/WallpaperService( 2286): dispatchAppVisibility onVisibilityChanged(): false
01-29 14:48:22.219 D/WallpaperService( 2286): reportVisibility onVisibilityChanged visible: false
01-29 14:48:22.220 I/ImageWallpaper( 2286):  onVisibilityChanged false , 0
01-29 14:48:22.224 V/MdnieScenarioControlService( 1351): mAclOffEnabled : false mAclPreviewState : false mAclCompensationState : false
01-29 14:48:22.224 I/ActivityManager( 1351): Process com.microsoft.bing (pid 15085) has died: cch+35 CEM (167,2553)
01-29 14:48:22.225 I/libprocessgroup( 1351): Successfully killed process cgroup uid 10307 pid 15085 in 0ms
01-29 14:48:22.227 D/ConnectivityService( 1351): releasing NetworkRequest [ REQUEST id=31233, [ Capabilities: INTERNET&NOT_RESTRICTED&TRUSTED&NOT_VCN_MANAGED Uid: 10307 RequestorUid: 10307 RequestorPkg: com.microsoft.bing UnderlyingNetworks: Null] ] (release request)
01-29 14:48:22.228 D/ConnectivityService( 1351):  Removing from current network [135 CELLULAR], leaving 222 requests.
01-29 14:48:22.229 D/LocationManagerService( 1351): network provider registration 10307/com.microsoft.bing/7D55B221 died
01-29 14:48:22.230 D/LocationManagerService( 1351): network provider removed registration from 10307/com.microsoft.bing/7D55B221
01-29 14:48:22.230 D/LocationManagerService( 1351): gps provider registration 10307/com.microsoft.bing/7D55B221 died
01-29 14:48:22.230 D/LocationManagerService( 1351): gps provider removed registration from 10307/com.microsoft.bing/7D55B221
01-29 14:48:22.231 I/ListenerMonitor_FLP( 3204): removeListener, type : LOCATION , packageName : com.microsoft.bing , listener count : 0
01-29 14:48:22.231 E/RequestManager_FLP( 3204): [LocationManager] Location remove 7D55B221 from com.microsoft.bing
01-29 14:48:22.231 I/LocationRequestData_FLP( 3204): Remove in requestInfoList, 7D55B221 / ListSize[gps]=0
01-29 14:48:22.231 I/LocationRequestData_FLP( 3204): Remove in requestInfoList, 7D55B221 / ListSize[network]=0
01-29 14:48:22.231 I/GnssStopController_FLP( 3204): onAvailableChanged=true
01-29 14:48:22.231 E/RequestManager_FLP( 3204): [LocationManager] Location remove 7D55B221 from com.microsoft.bing
01-29 14:48:22.231 W/LocationRequestData_FLP( 3204): Not registered using location provider, 7D55B221
01-29 14:48:22.233 I/Layer   ( 1019): id=39863 removedFromDrawingState Surface(name=Task=1)/@0x77cbacf - animation-leash of app_transition#0 (133)
01-29 14:48:22.233 I/Layer   ( 1019): id=39864 removedFromDrawingState Surface(name=Task=11112)/@0x767ad58 - animation-leash of app_transition#0 (133)
01-29 14:48:22.233 I/Layer   ( 1019): id=39859 removedFromDrawingState Task=11112#0 (133)
01-29 14:48:22.233 I/Layer   ( 1019): id=39860 removedFromDrawingState ActivityRecord{4716f9a u0 com.asc.markets/.MainActivity t11112}#0 (133)
01-29 14:48:22.233 I/Layer   ( 1019): id=39861 removedFromDrawingState 5f41568 Splash Screen com.asc.markets#0 (133)
01-29 14:48:22.233 I/Layer   ( 1019): id=39862 removedFromDrawingState Splash Screen com.asc.markets$_2286#0 (133)
01-29 14:48:22.233 I/Layer   ( 1019): id=39859 addToCurrentState Task=11112#0 (133)
01-29 14:48:22.233 I/Layer   ( 1019): id=39860 addToCurrentState ActivityRecord{4716f9a u0 com.asc.markets/.MainActivity t11112}#0 (133)
01-29 14:48:22.233 I/Layer   ( 1019): id=39861 addToCurrentState 5f41568 Splash Screen com.asc.markets#0 (133)
01-29 14:48:22.233 I/Layer   ( 1019): id=39862 addToCurrentState Splash Screen com.asc.markets$_2286#0 (133)
01-29 14:48:22.233 I/SurfaceFlinger( 1019): id=39864 Removed Surface(name=Task=11112)/@0x767ad58 - animation-leash of app_transition#0 (133)
01-29 14:48:22.233 I/SurfaceFlinger( 1019): id=39863 Removed Surface(name=Task=1)/@0x77cbacf - animation-leash of app_transition#0 (133)
01-29 14:48:22.234 I/Layer   ( 1019): id=39863 Destroyed Surface(name=Task=1)/@0x77cbacf - animation-leash of app_transition#0
01-29 14:48:22.234 I/Layer   ( 1019): id=39864 Destroyed Surface(name=Task=11112)/@0x767ad58 - animation-leash of app_transition#0
01-29 14:48:22.238 D/SurfaceFlinger( 1019): Display 4630947232161729153 HWC layers:
01-29 14:48:22.238 D/SurfaceFlinger( 1019):      DEVICE | 0xb400007a5a910180 | 0100 | RGBA_8888    |    0.0    0.0 1080.0 2400.0 |    0    0 1080 2400 | Splash Screen com.asc.markets$_2286#0
01-29 14:48:22.238 D/SurfaceFlinger( 1019):      DEVICE | 0xb400007a5a8f2bd0 | 0100 | RGBA_8888    |    0.0    0.0 1080.0   91.0 |    0    0 1080   91 | StatusBar$_2286#0
01-29 14:48:22.238 D/SurfaceFlinger( 1019):      DEVICE | 0xb400007a5a915040 | 0100 | RGBA_8888    |    0.0    0.0 1080.0  126.0 |    0 2274 1080 2400 | NavigationBar0$_2286#0
01-29 14:48:22.238 D/SurfaceFlinger( 1019): 
01-29 14:48:22.241 V/WindowManager( 1351): Relayout Window{9e6185b u0 com.sec.android.app.launcher/com.sec.android.app.launcher.activities.LauncherActivity}: viewVisibility=8 req=1080x2400 d0
01-29 14:48:22.244 V/WindowManager( 1351): Relayout hash=9e6185b, pid=2785: mAttrs={(0,0)(fillxfill) sim={adjust=nothing forwardNavigation} layoutInDisplayCutoutMode=shortEdges ty=BASE_APPLICATION fmt=TRANSPARENT wanim=0x10302f2
01-29 14:48:22.244 V/WindowManager( 1351):   fl=81910100
01-29 14:48:22.244 V/WindowManager( 1351):   pfl=1e020040
01-29 14:48:22.244 V/WindowManager( 1351):   vsysui=1700
01-29 14:48:22.244 V/WindowManager( 1351):   bhv=SHOW_TRANSIENT_BARS_BY_SWIPE
01-29 14:48:22.244 V/WindowManager( 1351):   fitSides= naviIconColor=0}
01-29 14:48:22.246 I/ViewRootImpl@a359d08[LauncherActivity]( 2785): Relayout returned: old=(0,0,1080,2400) new=(0,0,1080,2400) req=(1080,2400)8 dur=5 res=0x5 s={false 0} ch=true fn=114
01-29 14:48:22.269 W/SemWifiTransportLayerUtils( 1351): getApplicationCategory - IOException com.asc.markets
01-29 14:48:22.269 W/System.err( 1351): java.io.FileNotFoundException: https://play.google.com/store/apps/details?id=com.asc.markets&hl=en
01-29 14:48:22.269 W/System.err( 1351): 	at com.android.okhttp.internal.huc.HttpURLConnectionImpl.getInputStream(HttpURLConnectionImpl.java:255)
01-29 14:48:22.269 W/System.err( 1351): 	at com.android.okhttp.internal.huc.DelegatingHttpsURLConnection.getInputStream(DelegatingHttpsURLConnection.java:211)
01-29 14:48:22.269 W/System.err( 1351): 	at com.android.okhttp.internal.huc.HttpsURLConnectionImpl.getInputStream(HttpsURLConnectionImpl.java:30)
01-29 14:48:22.269 W/System.err( 1351): 	at com.samsung.android.server.wifi.tcp.SemWifiTransportLayerUtils.getApplicationCategory(SemWifiTransportLayerUtils.java:104)
01-29 14:48:22.269 W/System.err( 1351): 	at com.samsung.android.server.wifi.tcp.SemWifiTransportLayerMonitor$TcpMonitorHandler.handleMessage(SemWifiTransportLayerMonitor.java:244)
01-29 14:48:22.269 W/System.err( 1351): 	at android.os.Handler.dispatchMessage(Handler.java:106)
01-29 14:48:22.269 W/System.err( 1351): 	at android.os.Looper.loopOnce(Looper.java:226)
01-29 14:48:22.269 W/System.err( 1351): 	at android.os.Looper.loop(Looper.java:313)
01-29 14:48:22.269 W/System.err( 1351): 	at android.os.HandlerThread.run(HandlerThread.java:67)
01-29 14:48:22.269 D/SemWifiTransportLayerMonitor.TcpMonitorHandler( 1351): MSG_SAVE_PACKAGE_INFO
01-29 14:48:22.269 D/SemWifiTransportLayerFileManager( 1351): saveWifiPackageInfoToFile
01-29 14:48:22.269 D/SemWifiTransportLayerFileManager( 1351): writeWifiPackageInfoList
01-29 14:48:22.330 I/sensors-hal(  925): handle_sns_client_event:123, auto_rotation_event_2: mode:255, type:1:0/0.017,0.912,9.811, ar:0
01-29 14:48:22.364 I/SessionCommitReceiver( 2785): onReceive() intent.getAction : android.content.pm.action.SESSION_COMMITTED
01-29 14:48:22.365 W/SessionCommitReceiver( 2785): onReceive() !isEnabled(), installer: null
01-29 14:48:22.365 W/BroadcastQueue( 1351): Background execution not allowed: receiving Intent { act=android.intent.action.PACKAGE_ADDED dat=package:com.asc.markets flg=0x4000010 (has extras) } to com.samsung.android.applock/.settings.PackageActionReceiver
01-29 14:48:22.369 W/BroadcastQueue( 1351): Background execution not allowed: receiving Intent { act=android.intent.action.PACKAGE_ADDED dat=package:com.asc.markets flg=0x4000010 (has extras) } to cm.aptoide.pt/.install.InstalledBroadcastReceiver
01-29 14:48:22.370 W/BroadcastQueue( 1351): Background execution not allowed: receiving Intent { act=android.intent.action.PACKAGE_ADDED dat=package:com.asc.markets flg=0x4000010 (has extras) } to com.google.android.packageinstaller/com.android.packageinstaller.PackageInstalledReceiver
01-29 14:48:22.373 D/BaseRestrictionMgr( 1351): Package: com.android.vending, userid: 0, hostingType: broadcast is allowed by freecess, caller is: null
01-29 14:48:22.373 W/BroadcastQueue( 1351): Background execution not allowed: receiving Intent { act=android.intent.action.PACKAGE_ADDED dat=package:com.asc.markets flg=0x4000010 (has extras) } to com.android.vending/com.google.android.finsky.packagemonitor.impl.PackageMonitorReceiverImpl$RegisteredReceiver
01-29 14:48:22.373 W/BroadcastQueue( 1351): Background execution not allowed: receiving Intent { act=android.intent.action.PACKAGE_ADDED dat=package:com.asc.markets flg=0x4000010 (has extras) } to com.android.vending/com.google.android.finsky.packagemonitor.backgroundimpl.BackgroundPackageMonitorReceiverImpl$RegisteredReceiver
01-29 14:48:22.373 W/BroadcastQueue( 1351): Background execution not allowed: receiving Intent { act=android.intent.action.PACKAGE_ADDED dat=package:com.asc.markets flg=0x4000010 (has extras) } to com.aura.oobe.samsung/com.ironsource.appmanager.receivers.ExportedBroadcastReceiver
01-29 14:48:22.373 W/BroadcastQueue( 1351): Background execution not allowed: receiving Intent { act=android.intent.action.PACKAGE_ADDED dat=package:com.asc.markets flg=0x4000010 (has extras) } to com.aura.oobe.samsung/com.ironsource.aura.profiler_integrator.internal.client.event_producer.apps.ChangedPackagesReceiver
01-29 14:48:22.373 W/BroadcastQueue( 1351): Background execution not allowed: receiving Intent { act=android.intent.action.PACKAGE_ADDED dat=package:com.asc.markets flg=0x4000010 (has extras) } to com.aura.oobe.samsung/com.ironsource.aura.sdk.feature.delivery.TrackPackagesBroadcastReceiver
01-29 14:48:22.374 D/BaseRestrictionMgr( 1351): Package: com.google.android.ext.services, userid: 0, hostingType: broadcast is allowed by freecess, caller is: null
01-29 14:48:22.375 W/BroadcastQueue( 1351): Background execution not allowed: receiving Intent { act=android.intent.action.PACKAGE_ADDED dat=package:com.asc.markets flg=0x4000010 (has extras) } to com.google.android.ext.services/com.android.adservices.service.common.PackageChangedReceiver
01-29 14:48:22.375 W/BroadcastQueue( 1351): Background execution not allowed: receiving Intent { act=android.intent.action.PACKAGE_ADDED dat=package:com.asc.markets flg=0x4000010 (has extras) } to com.google.android.gms/.chimera.GmsIntentOperationService$PersistentTrustedReceiver
01-29 14:48:22.375 W/BroadcastQueue( 1351): Background execution not allowed: receiving Intent { act=android.intent.action.PACKAGE_ADDED dat=package:com.asc.markets flg=0x4000010 (has extras) } to com.google.android.gms/.gass.chimera.PackageChangeBroadcastReceiver
01-29 14:48:22.376 D/BaseRestrictionMgr( 1351): Package: com.samsung.android.app.taskedge, userid: 0, hostingType: broadcast is allowed by freecess, caller is: null
01-29 14:48:22.376 W/BroadcastQueue( 1351): Background execution not allowed: receiving Intent { act=android.intent.action.PACKAGE_ADDED dat=package:com.asc.markets flg=0x4000010 (has extras) } to com.samsung.android.app.taskedge/.edgepanel.TaskEdgePanelProvider
01-29 14:48:22.376 W/BroadcastQueue( 1351): Background execution not allowed: receiving Intent { act=android.intent.action.PACKAGE_ADDED dat=package:com.asc.markets flg=0x4000010 (has extras) } to com.samsung.android.mfi/.ui.PackageReceiver
01-29 14:48:22.376 W/BroadcastQueue( 1351): Background execution not allowed: receiving Intent { act=android.intent.action.PACKAGE_ADDED dat=package:com.asc.markets flg=0x4000010 (has extras) } to com.sec.android.app.samsungapps/.receiver.PackageAddedReceiver
01-29 14:48:22.376 W/BroadcastQueue( 1351): Background execution not allowed: receiving Intent { act=android.intent.action.PACKAGE_ADDED dat=package:com.asc.markets flg=0x4000010 (has extras) } to com.sec.imsservice/com.sec.internal.ims.imsservice.ImsIntentReceiver
01-29 14:48:22.376 W/BroadcastQueue( 1351): Background execution not allowed: receiving Intent { act=android.intent.action.PACKAGE_ADDED dat=package:com.asc.markets flg=0x4000010 (has extras) } to com.facebook.katana/com.facebook.feed.platformads.AppInstallReceiver
01-29 14:48:22.376 W/BroadcastQueue( 1351): Background execution not allowed: receiving Intent { act=android.intent.action.PACKAGE_ADDED dat=package:com.asc.markets flg=0x4000010 (has extras) } to com.zhiliaoapp.musically/com.ss.android.common.applog.HotsoonReceiver
01-29 14:48:22.377 I/ActivityManager( 1351): com.google.android.packageinstaller is exempt from freezer
01-29 14:48:22.377 D/CompatibilityChangeReporter( 1351): Compat change id reported: 135634846; UID 10061; state: DISABLED
01-29 14:48:22.377 D/CompatibilityChangeReporter( 1351): Compat change id reported: 177438394; UID 10061; state: DISABLED
01-29 14:48:22.377 D/CompatibilityChangeReporter( 1351): Compat change id reported: 135772972; UID 10061; state: DISABLED
01-29 14:48:22.377 D/CompatibilityChangeReporter( 1351): Compat change id reported: 135754954; UID 10061; state: ENABLED
