01-29 14:30:45.704 I/WindowManager( 1351): Destroying surface Surface(name=com.asc.markets/com.asc.markets.MainActivity$_6798)/@0xa807d4f called by com.android.server.wm.WindowStateAnimator.destroySurface:987 com.android.server.wm.WindowStateAnimator.destroySurfaceLocked:518 com.android.server.wm.WindowState.removeImmediately:2960 com.android.server.wm.WindowState.removeIfPossible:3151 com.android.server.wm.WindowState.removeIfPossible:2984 com.android.server.wm.WindowToken.removeAllWindowsIfPossible:241 com.android.server.wm.ActivityRecord.removeIfPossible:4304 com.android.server.wm.ActivityRecord.onRemovedFromDisplay:4394 
01-29 14:30:45.719 I/Layer   ( 1019): id=39332 removedFromDrawingState com.asc.markets/com.asc.markets.MainActivity$_6798#0 (134)
01-29 14:30:45.719 I/Layer   ( 1019): id=38794 removedFromDrawingState 25584df com.asc.markets/com.asc.markets.MainActivity#0 (134)
01-29 14:30:45.719 I/SurfaceFlinger( 1019): id=38794 Removed 25584df com.asc.markets/com.asc.markets.MainActivity#0 (134)
01-29 14:30:45.720 I/Layer   ( 1019): id=38794 Destroyed 25584df com.asc.markets/com.asc.markets.MainActivity#0
01-29 14:30:45.731 I/SurfaceFlinger( 1019): id=39332 Removed com.asc.markets/com.asc.markets.MainActivity$_6798#0 (133)
01-29 14:30:45.736 I/Layer   ( 1019): id=39332 Destroyed com.asc.markets/com.asc.markets.MainActivity$_6798#0
01-29 14:30:46.334 I/Layer   ( 1019): id=38793 removedFromDrawingState ActivityRecord{de8027d u0 com.asc.markets/.MainActivity t11094}#0 (131)
01-29 14:30:46.334 I/SurfaceFlinger( 1019): id=38793 Removed ActivityRecord{de8027d u0 com.asc.markets/.MainActivity t11094}#0 (131)
01-29 14:30:46.335 I/Layer   ( 1019): id=38793 Destroyed ActivityRecord{de8027d u0 com.asc.markets/.MainActivity t11094}#0
01-29 14:30:46.392 E/cutils  ( 1183): Failed to open(/data/misc/profiles/cur/150/com.asc.markets/primary.prof): No such file or directory
01-29 14:30:46.392 E/installd( 1183): Failed to prepare /data/misc/profiles/cur/150/com.asc.markets/primary.prof: No such file or directory
01-29 14:30:46.392 E/ArtManagerService( 1351): Failed to prepare profile for com.asc.markets:/data/app/~~-G7GgZvhENoMhEVyTIeA9A==/com.asc.markets-q4BQ8wfk-I3MgmV2rhDYAQ==/base.apk
01-29 14:30:46.420 I/MultiUserInstallPolicy( 1351): applyInstallPolicyPackageInternalLPw : com.asc.markets
01-29 14:30:46.445 V/ActivityManager( 1351): Got obituary of 6798:com.asc.markets
01-29 14:30:46.800 I/ActivityManager( 1351): Force stopping com.asc.markets appid=10268 user=0: pkg removed
01-29 14:30:46.842 D/OverlayManager( 1351): reconcileSettingsForPackage pkgName=com.asc.markets userId=0
01-29 14:30:46.842 I/OverlayManager( 1351): updateOverlaysForTarget() called with: targetPackage = [com.asc.markets], userId = [0], flags = [2], skipUpdateState = [false]
01-29 14:30:46.845 W/MediaProvider( 4594): WorkProfileOwnerApps cache miss for package com.asc.markets
01-29 14:30:46.854 D/TileServices( 2286): mUninstallReceiver onReceive = Intent { act=android.intent.action.PACKAGE_REMOVED dat=package:com.asc.markets flg=0x4000010 (has extras) }
01-29 14:30:46.857 I/VvmPkgInstalledRcvr( 2268): packageName: com.asc.markets, systemDialer: com.samsung.android.dialer
01-29 14:30:46.859 I/PackageInfoManager_FLP( 3204): action : ACTION_PACKAGE_REMOVED, packageName = com.asc.markets
01-29 14:30:46.866 D/FaceWidgetMusicViewModel( 2286): onPackageRemoved() pkg = com.asc.markets, r = true
01-29 14:30:46.884 I/SCS@AiSearch user 0(27631): (PackageBroadcastReceiver) packageName: com.asc.markets
01-29 14:30:46.884 I/SCS@AiSearch user 0(27631): (PackageBroadcastReceiver) Packages changed: [com.asc.markets]
01-29 14:30:46.890 D/FaceWidgetMetadataParser( 2286): removePackage() key = com.asc.markets
01-29 14:30:46.960 I/VvmPkgInstalledRcvr( 2268):  NOT contains : com.asc.markets
01-29 14:30:46.977 I/SGM:GameManager( 1351): PkgUpdateReceiver, onPackageRemoved : com.asc.markets userHandle : UserHandle{0} userID : 0
01-29 14:30:46.980 D/SGM:GosNotifyThread( 1351): notifyPackageChangedToGos(), before send intent to GOS. type:15, changeType: 1, pkgName:com.asc.markets, userHandleId:0
01-29 14:30:46.985 D/MetaDataCollector( 1351): onReceive: done pkgName=com.asc.markets
01-29 14:30:47.003 I/VvmPkgInstalledRcvr( 2268):  NOT contains : com.asc.markets
01-29 14:30:47.115 D/OverlayManager( 1351): reconcileSettingsForPackage pkgName=com.asc.markets userId=0
01-29 14:30:47.115 I/OverlayManager( 1351): updateOverlaysForTarget() called with: targetPackage = [com.asc.markets], userId = [0], flags = [0], skipUpdateState = [false]
01-29 14:30:47.115 I/SWT_ThemeManager( 1351): com.asc.markets doesn't have metadata
01-29 14:30:47.115 I/SWT_ThemeManager( 1351): update color theme overlay, pkg = com.asc.markets, overlay = null
01-29 14:30:47.115 D/CompanionDeviceManagerService( 1351): onPackageModified(packageName = com.asc.markets)
01-29 14:30:47.121 I/PackageInfoManager_FLP( 3204): action : ACTION_PACKAGE_ADDED, packageName = com.asc.markets
01-29 14:30:47.123 D/FaceWidgetMetadataParser( 2286): updatePackage() com.asc.markets true
01-29 14:30:47.126 D/FaceWidgetMetadataParser( 2286): removePackage() key = com.asc.markets
01-29 14:30:47.135 I/SCS@AiSearch user 0(27631): (PackageBroadcastReceiver) packageName: com.asc.markets
01-29 14:30:47.135 I/SCS@AiSearch user 0(27631): (PackageBroadcastReceiver) Packages changed: [com.asc.markets]
01-29 14:30:47.233 I/VvmPkgInstalledRcvr( 2268): packageName: com.asc.markets, systemDialer: com.samsung.android.dialer
01-29 14:30:47.261 I/VvmPkgInstalledRcvr( 2268):  NOT contains : com.asc.markets
01-29 14:30:47.268 I/ResourceOverlayService_0(29236): onStartCommand: Package changed intent. Data = package:com.asc.markets
01-29 14:30:47.268 E/ResourceOverlayService_0(29236): requestPendingAction sending bundle Bundle[{changed_package=com.asc.markets, pending_action=com.samsung.android.localeoverlaymanager.action.PACKAGE_REMOVED}]
01-29 14:30:47.268 I/LocaleOverlayManager_0(29236): handleMessage false msg { when=0 what=1 obj=Bundle[{changed_package=com.asc.markets, pending_action=com.samsung.android.localeoverlaymanager.action.PACKAGE_REMOVED}] target=com.samsung.android.localeoverlaymanager.LocaleOverlayManager$OverlayHandler }
01-29 14:30:47.268 I/LocaleOverlayManager_0(29236): handleMessage false msg { when=0 what=3 obj=Bundle[{changed_package=com.asc.markets, is_package_added=false, pending_action=com.samsung.android.localeoverlaymanager.action.PACKAGE_REMOVED}] target=com.samsung.android.localeoverlaymanager.LocaleOverlayManager$OverlayHandler }
01-29 14:30:47.268 I/LocaleOverlayManager_0(29236): handleMessage: MESSAGE_PARSE_SINGLE_PACKAGE. PackageName = [com.asc.markets], Added = [false]
01-29 14:30:47.271 I/ResourceOverlayService_0(29236): handlePendingTask- packageName: com.asc.markets
01-29 14:30:47.271 I/ResourceOverlayService_0(29236): onStartCommand: Package changed intent. Data = package:com.asc.markets
01-29 14:30:47.309 I/VvmPkgInstalledRcvr( 2268):  NOT contains : com.asc.markets
01-29 14:30:47.309 D/ImsResolver( 2268): maybeAddedImsService, packageName: com.asc.markets
01-29 14:30:47.328 I/DomainFilter( 1351): onReceive() - Intent { act=android.intent.action.PACKAGE_REMOVED dat=package:com.asc.markets flg=0x4000010 (has extras) }
01-29 14:30:47.328 I/DomainFilter( 1351): packageRemoved() - packageName: com.asc.markets uid: 0
01-29 14:30:47.329 I/Firewall( 1351): onReceive() - Intent { act=android.intent.action.PACKAGE_REMOVED dat=package:com.asc.markets flg=0x4000010 (has extras) }
01-29 14:30:47.334 D/SdpManagerImpl.receiver( 1351): On android.intent.action.PACKAGE_REMOVED : DATA = package:com.asc.markets, UID = 10268, UserId = 0, Is replacing? true
01-29 14:30:47.368 I/Telecom ( 1351): CarModeTracker: Package com.asc.markets is not tracked.: SSH.oR@OHU
01-29 14:30:47.443 D/SGM:GameManager( 1351): identifyGamePackage. com.asc.markets, mCurrentUserId: 0, callerUserId: 0, callingMethodInfo: com.samsung.android.game.SemGameManager.isGamePackage(SemGameManager.java:104)
01-29 14:30:47.443 D/SGM:PkgDataHelper( 1351): getGamePkgData(). com.asc.markets
01-29 14:30:47.443 D/SGM:SemGameManager( 1351): isGamePackage(), pkgName=com.asc.markets, ret=false
01-29 14:30:47.446 I/DomainFilter( 1351): onReceive() - Intent { act=android.intent.action.PACKAGE_ADDED dat=package:com.asc.markets flg=0x4000010 (has extras) }
01-29 14:30:47.449 I/DomainFilter( 1351): packageAdded() - packageName: com.asc.markets, uid: 0
01-29 14:30:47.452 I/Firewall( 1351): onReceive() - Intent { act=android.intent.action.PACKAGE_ADDED dat=package:com.asc.markets flg=0x4000010 (has extras) }
01-29 14:30:47.457 D/SGM:GameManager( 1351): identifyGamePackage. com.asc.markets, mCurrentUserId: 0, callerUserId: 0, callingMethodInfo: com.samsung.android.game.SemGameManager.isGamePackage(SemGameManager.java:104)
01-29 14:30:47.457 D/SGM:PkgDataHelper( 1351): getGamePkgData(). com.asc.markets
01-29 14:30:47.457 D/SGM:SemGameManager( 1351): isGamePackage(), pkgName=com.asc.markets, ret=false
01-29 14:30:47.469 I/Telecom:SamsungCommonPolicyPackageBroadcastReceiver( 1351): action : android.intent.action.PACKAGE_ADDED / packageName : com.asc.markets
01-29 14:30:47.636 E/VerityUtils( 1351): Failed to measure fs-verity, errno 1: /data/app/~~-G7GgZvhENoMhEVyTIeA9A==/com.asc.markets-q4BQ8wfk-I3MgmV2rhDYAQ==/base.apk
01-29 14:30:47.647 I/DomainFilter( 1351): onReceive() - Intent { act=android.intent.action.PACKAGE_REPLACED dat=package:com.asc.markets flg=0x4000010 (has extras) }
01-29 14:30:47.647 I/DomainFilter( 1351): packageReplaced() - packageName: com.asc.markets oldUid: 10268 newUid:10268
01-29 14:30:47.672 E/ResourceOverlayService_0(29236): requestPendingAction sending bundle Bundle[{changed_package=com.asc.markets, pending_action=com.samsung.android.localeoverlaymanager.action.PACKAGE_ADDED}]
01-29 14:30:47.672 I/LocaleOverlayManager_0(29236): handleMessage false msg { when=0 what=1 obj=Bundle[{changed_package=com.asc.markets, pending_action=com.samsung.android.localeoverlaymanager.action.PACKAGE_ADDED}] target=com.samsung.android.localeoverlaymanager.LocaleOverlayManager$OverlayHandler }
01-29 14:30:47.672 I/LocaleOverlayManager_0(29236): handleMessage false msg { when=0 what=3 obj=Bundle[{changed_package=com.asc.markets, is_package_added=true, pending_action=com.samsung.android.localeoverlaymanager.action.PACKAGE_ADDED}] target=com.samsung.android.localeoverlaymanager.LocaleOverlayManager$OverlayHandler }
01-29 14:30:47.672 I/LocaleOverlayManager_0(29236): handleMessage: MESSAGE_PARSE_SINGLE_PACKAGE. PackageName = [com.asc.markets], Added = [true]
01-29 14:30:47.677 I/LocaleOverlayManager_0(29236): hasZippedOverlaysPackage: com.asc.markets -- false
01-29 14:30:47.677 I/LocaleOverlayManager_0(29236): Package is not supported for Locale Overlays: com.asc.markets
01-29 14:30:47.677 I/LocaleOverlayManager_0(29236): cleanLocaleOverlayForDisable: com.samsung.android.localeoverlaymanager.OverlayManager@4892a5a, packageName : com.asc.markets
01-29 14:30:47.709 I/SGM:GameManager( 1351): PkgUpdateReceiver, onPackageAdded : com.asc.markets userHandle : UserHandle{0} userId : 0
01-29 14:30:47.709 D/SGM:GosNotifyThread( 1351): notifyPackageChangedToGos(), before send intent to GOS. type:15, changeType: 0, pkgName:com.asc.markets, userHandleId:0
01-29 14:30:47.727 E/VerityUtils( 1351): Failed to measure fs-verity, errno 1: /data/app/~~-G7GgZvhENoMhEVyTIeA9A==/com.asc.markets-q4BQ8wfk-I3MgmV2rhDYAQ==/base.apk
01-29 14:30:47.759 I/GOS:GameIntentService(29257): onHandleIntent. GameIntentService. type: 15, pkgName: com.asc.markets
01-29 14:30:47.851 D/EnterpriseDeviceManagerService( 1351): onPackageUpdateFinished - packageName: com.asc.markets, uid: 10268
01-29 14:30:47.852 D/MetaDataCollector( 1351): onReceive: done pkgName=com.asc.markets
01-29 14:30:47.853 I/PackageUpdatedTask( 2785): mAllAppsList.updatePackage com.asc.markets
01-29 14:30:47.881 I/SGM:GameManager( 1351): PkgUpdateReceiver, onPackageReplaced : com.asc.markets userID : UserHandle{0}
01-29 14:30:47.881 D/MetaDataCollector( 1351): onReceive: done pkgName=com.asc.markets
01-29 14:30:47.882 D/SGM:GosNotifyThread( 1351): notifyPackageChangedToGos(), before send intent to GOS. type:15, changeType: 8, pkgName:com.asc.markets, userHandleId:0
01-29 14:30:47.903 I/GOS:GameIntentService(29257): onPackageChanged(). extras: Bundle[{changeType=1, userId=0, pkgName=com.asc.markets, type=15, packageName=com.asc.markets}]
01-29 14:30:47.904 I/GOS:GameIntentService(29257): onPackageChanged(). changeType(REMOVED), pkgName(com.asc.markets), UserHandle(0), userId(0), Installed(true)
01-29 14:30:47.910 I/GOS:GameIntentService(29257): onHandleIntent. GameIntentService. type: 15, pkgName: com.asc.markets
01-29 14:30:47.910 I/GOS:GameIntentService(29257): onPackageChanged(). extras: Bundle[{changeType=0, userId=0, pkgName=com.asc.markets, type=15, packageName=com.asc.markets}]
01-29 14:30:47.911 I/GOS:GameIntentService(29257): onPackageChanged(). changeType(INSTALLED), pkgName(com.asc.markets), UserHandle(0), userId(0), Installed(true)
01-29 14:30:47.922 D/PkgPredictorService-IpmNapPreloadController( 1351): app:0_&_com.android.chrome die, remove from <launchTime:2026-01-29 14:30:43 hour:14 day:5 previous:[com.asc.markets, com.android.chrome, com.google.android.gm] running:com.asc.markets/com.asc.markets.MainActivity apkVersion:1.0.0-stable userId:0 screenOrientation:1 wifi:1 bt:10 predictTime:1 launching Time:350 predicted:false prediction:[0_&_com.android.chrome, 0_&_com.openai.chatgpt, 0_&_com.samsung.android.dialer] preloaded:false preloading:[0_&_com.android.chrome, 0_&_com.openai.chatgpt, 0_&_com.samsung.android.dialer]>
01-29 14:30:47.957 W/SQLiteLog(  561): (28) double-quoted string literal: "com.asc.markets"
01-29 14:30:47.993 D/PkgPredictorService-IpmNapPreloadController( 1351): app:0_&_com.samsung.android.dialer die, remove from <launchTime:2026-01-29 14:30:43 hour:14 day:5 previous:[com.asc.markets, com.android.chrome, com.google.android.gm] running:com.asc.markets/com.asc.markets.MainActivity apkVersion:1.0.0-stable userId:0 screenOrientation:1 wifi:1 bt:10 predictTime:1 launching Time:350 predicted:false prediction:[0_&_com.android.chrome, 0_&_com.openai.chatgpt, 0_&_com.samsung.android.dialer] preloaded:false preloading:[0_&_com.openai.chatgpt, 0_&_com.samsung.android.dialer]>
01-29 14:30:47.997 I/GOS:GameIntentService(29257): onHandleIntent. GameIntentService. type: 15, pkgName: com.asc.markets
01-29 14:30:48.015 I/GOS:GameIntentService(29257): onPackageChanged(). extras: Bundle[{changeType=8, userId=0, pkgName=com.asc.markets, type=15, packageName=com.asc.markets}]
01-29 14:30:48.015 I/GOS:GameIntentService(29257): onPackageChanged(). changeType(REPLACED), pkgName(com.asc.markets), UserHandle(0), userId(0), Installed(true)
01-29 14:30:48.088 I/AppIconSolution( 2785): getThemeIconWithBG called with public API, pkg = com.asc.markets
01-29 14:30:48.088 I/AppIconSolution( 2785): return adaptive icon for com.asc.markets, isNight = true
01-29 14:30:48.090 I/LauncherActivityInfo( 2785): packageName: com.asc.markets, useThemeIcon: false, height: 189, width: 189, density: 640
01-29 14:30:48.175 W/BroadcastQueue( 1351): Background execution not allowed: receiving Intent { act=android.intent.action.PACKAGE_REMOVED dat=package:com.asc.markets flg=0x4000010 (has extras) } to com.samsung.android.applock/.settings.PackageActionReceiver
01-29 14:30:48.178 W/BroadcastQueue( 1351): Background execution not allowed: receiving Intent { act=android.intent.action.PACKAGE_REMOVED dat=package:com.asc.markets flg=0x4000010 (has extras) } to android/com.kddi.android.CpaNotiReceiver
01-29 14:30:48.178 W/BroadcastQueue( 1351): Background execution not allowed: receiving Intent { act=android.intent.action.PACKAGE_REMOVED dat=package:com.asc.markets flg=0x4000010 (has extras) } to com.android.vending/com.google.android.finsky.packagemonitor.impl.PackageMonitorReceiverImpl$RegisteredReceiver
01-29 14:30:48.179 W/BroadcastQueue( 1351): Background execution not allowed: receiving Intent { act=android.intent.action.PACKAGE_REMOVED dat=package:com.asc.markets flg=0x4000010 (has extras) } to com.android.vending/com.google.android.finsky.packagemonitor.backgroundimpl.BackgroundPackageMonitorReceiverImpl$RegisteredReceiver
01-29 14:30:48.184 W/BroadcastQueue( 1351): Background execution not allowed: receiving Intent { act=android.intent.action.PACKAGE_REMOVED dat=package:com.asc.markets flg=0x4000010 (has extras) } to com.android.vending/com.google.android.finsky.instantapps.appmanagement.InstantAppRemoveMonitor
01-29 14:30:48.184 W/BroadcastQueue( 1351): Background execution not allowed: receiving Intent { act=android.intent.action.PACKAGE_REMOVED dat=package:com.asc.markets flg=0x4000010 (has extras) } to com.aura.oobe.samsung/com.ironsource.aura.profiler_integrator.internal.client.event_producer.apps.ChangedPackagesReceiver
01-29 14:30:48.186 W/BroadcastQueue( 1351): Background execution not allowed: receiving Intent { act=android.intent.action.PACKAGE_REMOVED dat=package:com.asc.markets flg=0x4000010 (has extras) } to com.google.android.gms/.chimera.GmsIntentOperationService$PersistentTrustedReceiver
01-29 14:30:48.187 W/BroadcastQueue( 1351): Background execution not allowed: receiving Intent { act=android.intent.action.PACKAGE_REMOVED dat=package:com.asc.markets flg=0x4000010 (has extras) } to com.samsung.android.app.taskedge/.edgepanel.TaskEdgePanelProvider
01-29 14:30:48.187 W/BroadcastQueue( 1351): Background execution not allowed: receiving Intent { act=android.intent.action.PACKAGE_REMOVED dat=package:com.asc.markets flg=0x4000010 (has extras) } to com.samsung.android.mfi/.ui.PackageReceiver
01-29 14:30:48.188 W/BroadcastQueue( 1351): Background execution not allowed: receiving Intent { act=android.intent.action.PACKAGE_REMOVED dat=package:com.asc.markets flg=0x4000010 (has extras) } to com.samsung.cmh/.core.receiver.ClearDataReceiver
01-29 14:30:48.188 W/BroadcastQueue( 1351): Background execution not allowed: receiving Intent { act=android.intent.action.PACKAGE_REMOVED dat=package:com.asc.markets flg=0x4000010 (has extras) } to com.sec.android.app.samsungapps/com.samsung.android.iap.receiver.IapReceiver
01-29 14:30:48.189 W/BroadcastQueue( 1351): Background execution not allowed: receiving Intent { act=android.intent.action.PACKAGE_REMOVED dat=package:com.asc.markets flg=0x4000010 (has extras) } to com.sec.imsservice/com.sec.internal.ims.imsservice.ImsIntentReceiver
01-29 14:30:48.434 I/PackageUpdatedTask( 2785): modified, appInfo : AppInfo(id=565 type=APP hidden=0 container=all_apps screen=0 rank=14 rankOfList=-1 user=UserHandle{0} title=ASC componentName=ComponentInfo{com.asc.markets/com.asc.markets.MainActivity} screenType=0)
01-29 14:30:48.551 I/PostPositionOperator( 2785): addItem() - com.asc.markets, isWidgetOnly : true
01-29 14:30:48.566 I/FILP/PackageIntentReceiver(29387): pkgName : com.asc.markets
01-29 14:30:48.579 W/BroadcastQueue( 1351): Background execution not allowed: receiving Intent { act=android.intent.action.PACKAGE_ADDED dat=package:com.asc.markets flg=0x4000010 (has extras) } to com.samsung.android.applock/.settings.PackageActionReceiver
01-29 14:30:48.583 W/BroadcastQueue( 1351): Background execution not allowed: receiving Intent { act=android.intent.action.PACKAGE_ADDED dat=package:com.asc.markets flg=0x4000010 (has extras) } to com.google.android.packageinstaller/com.android.packageinstaller.PackageInstalledReceiver
01-29 14:30:48.584 W/BroadcastQueue( 1351): Background execution not allowed: receiving Intent { act=android.intent.action.PACKAGE_ADDED dat=package:com.asc.markets flg=0x4000010 (has extras) } to com.android.vending/com.google.android.finsky.packagemonitor.impl.PackageMonitorReceiverImpl$RegisteredReceiver
01-29 14:30:48.584 W/BroadcastQueue( 1351): Background execution not allowed: receiving Intent { act=android.intent.action.PACKAGE_ADDED dat=package:com.asc.markets flg=0x4000010 (has extras) } to com.android.vending/com.google.android.finsky.packagemonitor.backgroundimpl.BackgroundPackageMonitorReceiverImpl$RegisteredReceiver
01-29 14:30:48.584 W/BroadcastQueue( 1351): Background execution not allowed: receiving Intent { act=android.intent.action.PACKAGE_ADDED dat=package:com.asc.markets flg=0x4000010 (has extras) } to com.aura.oobe.samsung/com.ironsource.appmanager.receivers.ExportedBroadcastReceiver
01-29 14:30:48.584 W/BroadcastQueue( 1351): Background execution not allowed: receiving Intent { act=android.intent.action.PACKAGE_ADDED dat=package:com.asc.markets flg=0x4000010 (has extras) } to com.aura.oobe.samsung/com.ironsource.aura.profiler_integrator.internal.client.event_producer.apps.ChangedPackagesReceiver
01-29 14:30:48.584 W/BroadcastQueue( 1351): Background execution not allowed: receiving Intent { act=android.intent.action.PACKAGE_ADDED dat=package:com.asc.markets flg=0x4000010 (has extras) } to com.aura.oobe.samsung/com.ironsource.aura.sdk.feature.delivery.TrackPackagesBroadcastReceiver
01-29 14:30:48.584 W/BroadcastQueue( 1351): Background execution not allowed: receiving Intent { act=android.intent.action.PACKAGE_ADDED dat=package:com.asc.markets flg=0x4000010 (has extras) } to com.google.android.ext.services/com.android.adservices.service.common.PackageChangedReceiver
01-29 14:30:48.585 W/BroadcastQueue( 1351): Background execution not allowed: receiving Intent { act=android.intent.action.PACKAGE_ADDED dat=package:com.asc.markets flg=0x4000010 (has extras) } to com.google.android.gms/.chimera.GmsIntentOperationService$PersistentTrustedReceiver
01-29 14:30:48.585 W/BroadcastQueue( 1351): Background execution not allowed: receiving Intent { act=android.intent.action.PACKAGE_ADDED dat=package:com.asc.markets flg=0x4000010 (has extras) } to com.google.android.gms/.gass.chimera.PackageChangeBroadcastReceiver
01-29 14:30:48.585 W/BroadcastQueue( 1351): Background execution not allowed: receiving Intent { act=android.intent.action.PACKAGE_ADDED dat=package:com.asc.markets flg=0x4000010 (has extras) } to com.samsung.android.app.taskedge/.edgepanel.TaskEdgePanelProvider
01-29 14:30:48.585 W/BroadcastQueue( 1351): Background execution not allowed: receiving Intent { act=android.intent.action.PACKAGE_ADDED dat=package:com.asc.markets flg=0x4000010 (has extras) } to com.samsung.android.mfi/.ui.PackageReceiver
01-29 14:30:48.585 W/BroadcastQueue( 1351): Background execution not allowed: receiving Intent { act=android.intent.action.PACKAGE_ADDED dat=package:com.asc.markets flg=0x4000010 (has extras) } to com.sec.android.app.samsungapps/.receiver.PackageAddedReceiver
01-29 14:30:48.587 W/BroadcastQueue( 1351): Background execution not allowed: receiving Intent { act=android.intent.action.PACKAGE_ADDED dat=package:com.asc.markets flg=0x4000010 (has extras) } to com.sec.imsservice/com.sec.internal.ims.imsservice.ImsIntentReceiver
01-29 14:30:48.588 W/BroadcastQueue( 1351): Background execution not allowed: receiving Intent { act=android.intent.action.PACKAGE_ADDED dat=package:com.asc.markets flg=0x4000010 (has extras) } to com.facebook.katana/com.facebook.feed.platformads.AppInstallReceiver
01-29 14:30:48.589 W/BroadcastQueue( 1351): Background execution not allowed: receiving Intent { act=android.intent.action.PACKAGE_ADDED dat=package:com.asc.markets flg=0x4000010 (has extras) } to com.zhiliaoapp.musically/com.ss.android.common.applog.HotsoonReceiver
01-29 14:30:48.598 I/FILP/c  (29387): removeFromFS : com.asc.markets, cursor size : 0
01-29 14:30:48.600 I/FILP/c  (29387): Delete DB result : com.asc.markets, 0
01-29 14:30:49.686 I/FILP/PackageIntentReceiver(29387): pkgName : com.asc.markets
01-29 14:30:49.688 W/BroadcastQueue( 1351): Background execution not allowed: receiving Intent { act=android.intent.action.PACKAGE_REPLACED dat=package:com.asc.markets flg=0x4000010 (has extras) } to com.samsung.android.applock/.settings.PackageActionReceiver
01-29 14:30:49.693 W/BroadcastQueue( 1351): Background execution not allowed: receiving Intent { act=android.intent.action.PACKAGE_REPLACED dat=package:com.asc.markets flg=0x4000010 (has extras) } to com.google.android.gms/.chimera.GmsIntentOperationService$PersistentTrustedReceiver
01-29 14:30:49.693 W/BroadcastQueue( 1351): Background execution not allowed: receiving Intent { act=android.intent.action.PACKAGE_REPLACED dat=package:com.asc.markets flg=0x4000010 (has extras) } to com.google.android.gms/.gass.chimera.PackageChangeBroadcastReceiver
01-29 14:30:49.693 W/BroadcastQueue( 1351): Background execution not allowed: receiving Intent { act=android.intent.action.PACKAGE_REPLACED dat=package:com.asc.markets flg=0x4000010 (has extras) } to com.samsung.android.calendar/com.samsung.android.app.calendar.model.settings.receiver.UpdateReceiver
01-29 14:30:49.694 W/BroadcastQueue( 1351): Background execution not allowed: receiving Intent { act=android.intent.action.PACKAGE_REPLACED dat=package:com.asc.markets flg=0x4000010 (has extras) } to com.samsung.memorysaver/.receiver.PackageReplacedReceiver
01-29 14:30:49.694 W/BroadcastQueue( 1351): Background execution not allowed: receiving Intent { act=android.intent.action.PACKAGE_REPLACED dat=package:com.asc.markets flg=0x4000010 (has extras) } to com.sec.android.app.samsungapps/.receiver.PackageAddedReceiver
01-29 14:30:49.694 W/BroadcastQueue( 1351): Background execution not allowed: receiving Intent { act=android.intent.action.PACKAGE_REPLACED dat=package:com.asc.markets flg=0x4000010 (has extras) } to com.sec.android.app.samsungapps/com.samsung.android.iap.receiver.IapReceiver
01-29 14:30:49.695 W/BroadcastQueue( 1351): Background execution not allowed: receiving Intent { act=android.intent.action.PACKAGE_REPLACED dat=package:com.asc.markets flg=0x4000010 (has extras) } to com.sec.imsservice/com.sec.internal.ims.servicemodules.tapi.service.receiver.PackageEventReceiver
01-29 14:30:49.695 W/BroadcastQueue( 1351): Background execution not allowed: receiving Intent { act=android.intent.action.PACKAGE_REPLACED dat=package:com.asc.markets flg=0x4000010 (has extras) } to com.sec.imsservice/com.sec.internal.ims.imsservice.ImsIntentReceiver
01-29 14:30:49.903 W/SemWifiTransportLayerUtils( 1351): getApplicationCategory - IOException com.asc.markets
01-29 14:30:49.903 W/System.err( 1351): java.io.FileNotFoundException: https://play.google.com/store/apps/details?id=com.asc.markets&hl=en
01-29 14:30:49.931 D/SGM:GameManager( 1351): identifyGamePackage. com.asc.markets, mCurrentUserId: 0, callerUserId: 0, callingMethodInfo: com.samsung.android.game.SemGameManager.isGamePackage(SemGameManager.java:104)
01-29 14:30:49.931 D/SGM:PkgDataHelper( 1351): getGamePkgData(). com.asc.markets
01-29 14:30:49.931 D/SGM:SemGameManager( 1351): isGamePackage(), pkgName=com.asc.markets, ret=false
01-29 14:30:55.565 W/Monkey  (29950): args: [-p, com.asc.markets, -c, android.intent.category.LAUNCHER, 1]
01-29 14:30:55.569 W/Monkey  (29950):  arg: "com.asc.markets"
01-29 14:30:55.570 W/Monkey  (29950): data="com.asc.markets"
01-29 14:30:55.634 I/ActivityTaskManager( 1351): START u0 {act=android.intent.action.MAIN cat=[android.intent.category.LAUNCHER] flg=0x10200000 cmp=com.asc.markets/.MainActivity} from uid 2000
01-29 14:30:55.638 D/ActivityTaskManager( 1351): TaskLaunchParamsModifier:task=null activity=ActivityRecord{aa15ad2 u0 com.asc.markets/.MainActivity display-id=0 display-windowing-mode=1 suggested-display-area=DefaultTaskDisplayArea@189201589
01-29 14:30:55.638 D/[secipm]( 1351): mSecIpmManager Preload com.asc.markets dex files
01-29 14:30:55.639 D/ActivityTaskManager( 1351): TaskLaunchParamsModifier:task=null activity=ActivityRecord{aa15ad2 u0 com.asc.markets/.MainActivity t-1} display-id=0 display-windowing-mode=1 suggested-display-area=DefaultTaskDisplayArea@189201589 non-freeform-display display-area=DefaultTaskDisplayArea@189201589 maximized-bounds
01-29 14:30:55.639 D/PkgPredictorService-IpmAdcpController( 1351): create a new DexPreloadTask pkg:com.asc.markets  path:/data/app/~~-G7GgZvhENoMhEVyTIeA9A==/com.asc.markets-q4BQ8wfk-I3MgmV2rhDYAQ==
01-29 14:30:55.649 D/ActivityTaskManager( 1351): TaskLaunchParamsModifier:task=Task{2559659 #11101 type=standard A=10268:com.asc.markets U=0 visible=false mode=fullscreen translucent=true sz=0} activity=ActivityRecord{aa15ad2 u0 com.asc.markets/.MainActivity t-1} display-from-task=0 display-id=0 display-windowing-mode=1 suggested-display-area=DefaultTaskDisplayArea@189201589 non-freeform-display display-area=DefaultTaskDisplayArea@189201589 maximized-bounds
01-29 14:30:55.651 I/SurfaceFlinger( 1019): id=39346 createSurf (0x0),-1 flag=80004, ActivityRecord{aa15ad2 u0 com.asc.markets/.MainActivity t11101}#0
01-29 14:30:55.658 D/StartingSurfaceDrawer( 2286): addSplashScreen com.asc.markets theme=7f100252 task=11101 suggestType=3
01-29 14:30:55.670 D/MARsPolicyManager( 1351): onPackageResumedFG pkgName = com.asc.markets, userId = 0
01-29 14:30:55.675 I/SurfaceFlinger( 1019): id=39347 createSurf (0x0),-1 flag=80004, 3b6d64 Splash Screen com.asc.markets#0
01-29 14:30:55.676 D/WindowManager( 1351): rotationForOrientation, orientationSource=ActivityRecord{aa15ad2 u0 com.asc.markets/.MainActivity t11101}
01-29 14:30:55.679 D/WindowManager( 1351): rotationForOrientation, orientationSource=ActivityRecord{aa15ad2 u0 com.asc.markets/.MainActivity t11101}
01-29 14:30:55.681 V/WindowManager( 1351): Relayout Window{3b6d64 u0 Splash Screen com.asc.markets}: viewVisibility=0 req=1080x2400 d0
01-29 14:30:55.681 I/SurfaceFlinger( 1019): id=39348 createSurf (1080x2400),-3 flag=40004, Splash Screen com.asc.markets$_2286#0
01-29 14:30:55.682 D/WindowManager( 1351): makeSurface duration=1 name=Splash Screen com.asc.markets$_2286
01-29 14:30:55.684 D/WindowManager( 1351): rotationForOrientation, orientationSource=ActivityRecord{aa15ad2 u0 com.asc.markets/.MainActivity t11101}
01-29 14:30:55.696 D/WindowManager( 1351): rotationForOrientation, orientationSource=ActivityRecord{aa15ad2 u0 com.asc.markets/.MainActivity t11101}
01-29 14:30:55.703 I/ActivityManager( 1351): Start proc 30096:com.asc.markets/u0a268 for pre-top-activity {com.asc.markets/com.asc.markets.MainActivity}
01-29 14:30:55.703 D/ActivityManager( 1351): [SecIpm] it's a ML_TYPE_EMPTYPROCESS protected process com.asc.markets
01-29 14:30:55.709 D/WindowManager( 1351): finishDrawingWindow: Window{3b6d64 u0 Splash Screen com.asc.markets} mDrawState=DRAW_PENDING
01-29 14:30:55.764 D/SurfaceFlinger( 1019):      DEVICE | 0xb400007a5a8f2a20 | 0100 | RGBA_8888    |    0.0    0.0 1080.0 2400.0 |   67  150 1013 2250 | Splash Screen com.asc.markets$_2286#0
01-29 14:30:55.794 E/USNET   (30096): USNET: appName: com.asc.markets
01-29 14:30:55.808 I/ActivityManager( 1351): DSS OFF for com.asc.markets
01-29 14:30:55.812 D/ActivityManager( 1351): attachApplicationLocked() app=ProcessRecord{47b74e8 30096:com.asc.markets/u0a268} app.isolatedEntryPoint=null instr2=null
01-29 14:30:55.813 D/WindowManager( 1351): rotationForOrientation, orientationSource=ActivityRecord{aa15ad2 u0 com.asc.markets/.MainActivity t11101}
01-29 14:30:55.816 D/SGM:PkgDataHelper( 1351): notifyAppCreate(), pkgName: com.asc.markets, userId: 0, sendRet: true
01-29 14:30:55.816 D/SGM:GameManager( 1351): onLooperPrepared(), msg: MSG_APP_CREATE, pkgName: com.asc.markets, userId: 0
01-29 14:30:55.816 D/MARsPolicyManager( 1351): onPackageResumedFG pkgName = com.asc.markets, userId = 0
01-29 14:30:55.817 D/SGM:GameManager( 1351):   sendRunningComponentFocus(), pkgName: com.asc.markets, userId: 0
01-29 14:30:55.817 D/SGM:GameManager( 1351): onLooperPrepared(), msg: MSG_TASK_FOCUSED, pkgName: com.asc.markets, userId: 0
01-29 14:30:55.817 D/SGM:GameManager( 1351):   handleTaskFocused(), pkgName: com.asc.markets, userID:0
01-29 14:30:55.817 D/SGM:GameManager( 1351):   handleResume(). pkgName: com.asc.markets, userId: 0, isTunableApp: null
01-29 14:30:55.817 D/SGM:GameManager( 1351): notifyFocusInOut(). of pkg: com.asc.markets, type: 4, isMinimized: false, isTunableApp: false, userId: 0
01-29 14:30:55.819 V/ActivityManager( 1351): Changed top to ProcessRecord{47b74e8 30096:com.asc.markets/u0a268}
01-29 14:30:55.829 D/SGM:GameManager( 1351): identifyForegroundApp. com.asc.markets, mCurrentUserId: 0, callerUserId: 0
01-29 14:30:55.829 D/SGM:PkgDataHelper( 1351): getGamePkgData(). com.asc.markets
01-29 14:30:55.831 D/SGM:GameManager( 1351): identifyGamePackage. com.asc.markets, mCurrentUserId: 0, callerUserId: 0, callingMethodInfo: com.samsung.android.game.IGameManagerService$Stub.onTransact(IGameManagerService.java:242)
01-29 14:30:55.831 D/SGM:PkgDataHelper( 1351): getGamePkgData(). com.asc.markets
01-29 14:30:55.833 D/ActivityThread(30096): handleBindApplication()++ app=com.asc.markets
01-29 14:30:55.847 I/GameSDK@LifeCycle( 1351): noteResumeComponent(): package name  : com.asc.markets
01-29 14:30:55.849 D/SGM:GameManager( 1351): identifyGamePackage. com.asc.markets, mCurrentUserId: 0, callerUserId: 0, callingMethodInfo: com.android.server.ssrm.fgapps.GameAppUtils.isGame(GameAppUtils.java:84)
01-29 14:30:55.849 D/SGM:PkgDataHelper( 1351): getGamePkgData(). com.asc.markets
01-29 14:30:55.850 D/SGM:GameManager( 1351): identifyGamePackage. com.asc.markets, mCurrentUserId: 0, callerUserId: 0, callingMethodInfo: com.android.server.ssrm.SortingMachine.isGame(SortingMachine.java:162)
01-29 14:30:55.850 D/SGM:PkgDataHelper( 1351): getGamePkgData(). com.asc.markets
01-29 14:30:55.850 D/SGM:GameManager( 1351): noteResumeComponent(), received pkgName: com.asc.markets, userId: 0
01-29 14:30:55.850 D/SGM:GameManager( 1351): onLooperPrepared(), msg: MSG_APP_RESUME, pkgName: com.asc.markets, userid: 0
01-29 14:30:55.850 D/SGM:GameManager( 1351):   handleResume(). pkgName: com.asc.markets, userId: 0, isTunableApp: null
01-29 14:30:55.850 D/SGM:GameManager( 1351): notifyFocusInOut(). of pkg: com.asc.markets, type: 4, isMinimized: false, isTunableApp: false, userId: 0
01-29 14:30:55.955 D/MdnieScenarioControlService( 1351):  packageName : com.asc.markets    className : com.asc.markets.MainActivity
01-29 14:30:56.097 D/SurfaceFlinger( 1019):      DEVICE | 0xb400007a5a8f2a20 | 0100 | RGBA_8888    |    0.0    0.0 1080.0 2400.0 |    0    0 1080 2400 | Splash Screen com.asc.markets$_2286#0
01-29 14:30:56.384 D/nativeloader(30096): Configuring clns-4 for other apk /data/app/~~-G7GgZvhENoMhEVyTIeA9A==/com.asc.markets-q4BQ8wfk-I3MgmV2rhDYAQ==/base.apk. target_sdk_version=34, uses_libraries=, library_path=/data/app/~~-G7GgZvhENoMhEVyTIeA9A==/com.asc.markets-q4BQ8wfk-I3MgmV2rhDYAQ==/lib/arm64, permitted_path=/data:/mnt/expand:/data/user/0/com.asc.markets
01-29 14:30:56.396 V/GraphicsEnvironment(30096): ANGLE Developer option for 'com.asc.markets' set to: 'default'
01-29 14:30:56.398 D/LoadedApk(30096): LoadedApk::makeApplication() appContext.mOpPackageName=com.asc.markets appContext.mBasePackageName=com.asc.markets
01-29 14:30:56.561 I/SurfaceFlinger( 1019): id=39353 createSurf (0x0),-1 flag=80004, e58c767 com.asc.markets/com.asc.markets.MainActivity#0
01-29 14:30:56.819 V/WindowManager( 1351): Relayout Window{e58c767 u0 com.asc.markets/com.asc.markets.MainActivity}: viewVisibility=0 req=1080x2400 d0
01-29 14:30:56.820 I/SurfaceFlinger( 1019): id=39354 createSurf (1x1),-3 flag=40004, com.asc.markets/com.asc.markets.MainActivity$_30096#0
01-29 14:30:56.821 D/WindowManager( 1351): makeSurface duration=1 name=com.asc.markets/com.asc.markets.MainActivity$_30096
01-29 14:30:56.822 V/WindowManager( 1351): Changing focus from null to Window{e58c767 u0 com.asc.markets/com.asc.markets.MainActivity} displayId=0 Callers=com.android.server.wm.RootWindowContainer.updateFocusedWindowLocked:583 com.android.server.wm.WindowManagerService.updateFocusedWindowLocked:6480 com.android.server.wm.WindowManagerService.relayoutWindow:2750 com.android.server.wm.Session.relayout:242 
01-29 14:30:56.822 D/MARsPolicyManager( 1351): onPackageResumedFG pkgName = com.asc.markets, userId = 0
01-29 14:30:56.859 D/InputDispatcher( 1351): Focus request (0): e58c767 com.asc.markets/com.asc.markets.MainActivity but waiting because NOT_VISIBLE
01-29 14:30:56.873 D/WindowManager( 1351): finishDrawingWindow: Window{e58c767 u0 com.asc.markets/com.asc.markets.MainActivity} mDrawState=DRAW_PENDING
01-29 14:30:56.887 I/PkgPredictorService-SecIpmManagerServiceImpl( 1351): reportToNAP uid:10268 com.asc.markets/com.asc.markets.MainActivity thisTime:1250
01-29 14:30:56.890 I/WindowManager( 1351): Reparenting to leash, surface=Surface(name=e58c767 com.asc.markets/com.asc.markets.MainActivity)/@0xf35daba, leashParent=Surface(name=ActivityRecord{aa15ad2 u0 com.asc.markets/.MainActivity t11101})/@0x86efd6b
01-29 14:30:56.891 I/SurfaceFlinger( 1019): id=39357 createSurf (0x0),-1 flag=24000, Surface(name=e58c767 com.asc.markets/com.asc.markets.MainActivity)/@0xf35daba - animation-leash of starting_reveal#0
01-29 14:30:56.892 D/InputDispatcher( 1351): Focus entered window (0): e58c767 com.asc.markets/com.asc.markets.MainActivity
01-29 14:30:56.892 D/WindowManager( 1351): makeSurface duration=1 leash=Surface(name=Surface(name=e58c767 com.asc.markets/com.asc.markets.MainActivity)/@0xf35daba - animation-leash of starting_reveal)/@0xcd6e886
01-29 14:30:56.896 D/SurfaceFlinger( 1019):      DEVICE | 0xb400007a5a905560 | 0102 | RGBA_8888    |    0.0    0.0 1080.0 2400.0 |    0    0 1080 2400 | com.asc.markets/com.asc.markets.MainActivity$_30096#0
01-29 14:30:56.896 D/SurfaceFlinger( 1019):      DEVICE | 0xb400007a5a8f2a20 | 0100 | RGBA_8888    |    0.0    0.0 1080.0 2400.0 |    0    0 1080 2400 | Splash Screen com.asc.markets$_2286#0
01-29 14:30:56.938 I/ActivityTaskManager( 1351): Displayed com.asc.markets/.MainActivity: +1s250ms
01-29 14:30:56.960 V/WindowManager( 1351): Relayout Window{3b6d64 u0 Splash Screen com.asc.markets}: viewVisibility=8 req=1080x2400 d0
01-29 14:30:56.961 I/WindowManager( 1351): Reparenting to leash, surface=Surface(name=3b6d64 Splash Screen com.asc.markets)/@0x948077d, leashParent=Surface(name=ActivityRecord{aa15ad2 u0 com.asc.markets/.MainActivity t11101})/@0x86efd6b
01-29 14:30:56.961 I/SurfaceFlinger( 1019): id=39359 createSurf (0x0),-1 flag=24000, Surface(name=3b6d64 Splash Screen com.asc.markets)/@0x948077d - animation-leash of window_animation#0
01-29 14:30:56.962 D/WindowManager( 1351): makeSurface duration=1 leash=Surface(name=Surface(name=3b6d64 Splash Screen com.asc.markets)/@0x948077d - animation-leash of window_animation)/@0xda17672
01-29 14:30:56.967 I/WindowManager( 1351): Cancelling animation restarting=false, leash=Surface(name=Surface(name=e58c767 com.asc.markets/com.asc.markets.MainActivity)/@0xf35daba - animation-leash of starting_reveal)/@0xcd6e886
01-29 14:30:56.967 I/WindowManager( 1351): Reparenting to original parent: Surface(name=ActivityRecord{aa15ad2 u0 com.asc.markets/.MainActivity t11101})/@0x86efd6b, destroy=false, surface=Surface(name=e58c767 com.asc.markets/com.asc.markets.MainActivity)/@0xf35daba
01-29 14:30:56.967 W/InputManager-JNI( 1351): Input channel object '3b6d64 Splash Screen com.asc.markets (client)' was disposed without first being removed with the input manager!
01-29 14:30:56.974 I/Layer   ( 1019): id=39357 removedFromDrawingState Surface(name=e58c767 com.asc.markets/com.asc.markets.MainActivity)/@0xf35daba - animation-leash of starting_reveal#0 (140)
01-29 14:30:57.025 I/WindowManager( 1351): Reparenting to original parent: Surface(name=ActivityRecord{aa15ad2 u0 com.asc.markets/.MainActivity t11101})/@0x86efd6b, destroy=true, surface=Surface(name=3b6d64 Splash Screen com.asc.markets)/@0x948077d
01-29 14:30:57.025 E/WindowManager( 1351): win=Window{3b6d64 u0 Splash Screen com.asc.markets EXITING} destroySurfaces: appStopped=false win.mWindowRemovalAllowed=true win.mRemoveOnExit=true win.mViewVisibility=8 caller=com.android.server.wm.ActivityRecord.destroySurfaces:5867 com.android.server.wm.ActivityRecord.destroySurfaces:5848 com.android.server.wm.WindowState.onExitAnimationDone:5983 com.android.server.wm.WindowStateAnimator.onAnimationFinished:242 com.android.server.wm.WindowState.onAnimationFinished:6236 com.android.server.wm.WindowContainer$$ExternalSyntheticLambda0.onAnimationFinished:2 com.android.server.wm.SurfaceAnimator.lambda$getFinishedCallback$0$SurfaceAnimator:113 
01-29 14:30:57.026 I/WindowManager( 1351): Destroying surface Surface(name=Splash Screen com.asc.markets$_2286)/@0x9958d2b called by com.android.server.wm.WindowStateAnimator.destroySurface:987 com.android.server.wm.WindowStateAnimator.destroySurfaceLocked:518 com.android.server.wm.WindowState.destroySurfaceUnchecked:4229 com.android.server.wm.WindowState.destroySurface:4203 com.android.server.wm.ActivityRecord.destroySurfaces:5867 com.android.server.wm.ActivityRecord.destroySurfaces:5848 com.android.server.wm.WindowState.onExitAnimationDone:5983 com.android.server.wm.WindowStateAnimator.onAnimationFinished:242 
01-29 14:30:57.040 I/Layer   ( 1019): id=39348 removedFromDrawingState Splash Screen com.asc.markets$_2286#0 (138)
01-29 14:30:57.040 I/Layer   ( 1019): id=39347 removedFromDrawingState 3b6d64 Splash Screen com.asc.markets#0 (138)
01-29 14:30:57.040 I/Layer   ( 1019): id=39359 removedFromDrawingState Surface(name=3b6d64 Splash Screen com.asc.markets)/@0x948077d - animation-leash of window_animation#0 (138)
01-29 14:30:57.041 I/SurfaceFlinger( 1019): id=39347 Removed 3b6d64 Splash Screen com.asc.markets#0 (138)
01-29 14:30:57.041 I/SurfaceFlinger( 1019): id=39348 Removed Splash Screen com.asc.markets$_2286#0 (138)
01-29 14:30:57.041 I/SurfaceFlinger( 1019): id=39359 Removed Surface(name=3b6d64 Splash Screen com.asc.markets)/@0x948077d - animation-leash of window_animation#0 (138)
01-29 14:30:57.041 I/Layer   ( 1019): id=39359 Destroyed Surface(name=3b6d64 Splash Screen com.asc.markets)/@0x948077d - animation-leash of window_animation#0
01-29 14:30:57.041 I/Layer   ( 1019): id=39347 Destroyed 3b6d64 Splash Screen com.asc.markets#0
01-29 14:30:57.045 I/Layer   ( 1019): id=39348 Destroyed Splash Screen com.asc.markets$_2286#0
01-29 14:30:57.048 D/SurfaceFlinger( 1019):      DEVICE | 0xb400007a5a9192a0 | 0102 | RGBA_8888    |    0.0    0.0 1080.0 2400.0 |    0    0 1080 2400 | com.asc.markets/com.asc.markets.MainActivity$_30096#0
01-29 14:30:57.102 D/MdnieScenarioControlService( 1351):  packageName : com.asc.markets    className : com.asc.markets.MainActivity
01-29 14:30:57.417 D/SGM:GameManager( 1351): identifyForegroundApp. com.asc.markets, mCurrentUserId: 0, callerUserId: 0
01-29 14:30:57.417 D/SGM:PkgDataHelper( 1351): getGamePkgData(). com.asc.markets
01-29 14:30:57.489 W/SemWifiTransportLayerUtils( 1351): getApplicationCategory - IOException com.asc.markets
01-29 14:30:57.489 W/System.err( 1351): java.io.FileNotFoundException: https://play.google.com/store/apps/details?id=com.asc.markets&hl=en
01-29 14:31:01.874 D/SGM:GameManager( 1351): identifyGamePackage. com.asc.markets, mCurrentUserId: 0, callerUserId: 0, callingMethodInfo: com.android.server.ssrm.SortingMachine.isGame(SortingMachine.java:162)
01-29 14:31:01.874 D/SGM:PkgDataHelper( 1351): getGamePkgData(). com.asc.markets
01-29 14:31:01.877 D/ProfileInstaller(30096): Installing profile for com.asc.markets
01-29 14:31:02.151 I/SurfaceFlinger( 1019): id=39357 Removed Surface(name=e58c767 com.asc.markets/com.asc.markets.MainActivity)/@0xf35daba - animation-leash of starting_reveal#0 (135)
01-29 14:31:02.153 I/Layer   ( 1019): id=39357 Destroyed Surface(name=e58c767 com.asc.markets/com.asc.markets.MainActivity)/@0xf35daba - animation-leash of starting_reveal#0
01-29 14:31:15.162 D/SurfaceFlinger( 1019):      DEVICE | 0xb400007a5a9192a0 | 0102 | RGBA_8888    |    0.0    0.0 1080.0 2400.0 |    0    0 1080 2400 | com.asc.markets/com.asc.markets.MainActivity$_30096#0
01-29 14:31:21.291 D/SurfaceFlinger( 1019):      DEVICE | 0xb400007a5a9192a0 | 0102 | RGBA_8888    |    0.0    0.0 1080.0 2400.0 |    0    0 1080 2400 | com.asc.markets/com.asc.markets.MainActivity$_30096#0
01-29 14:31:54.210 I/RecentsView( 2785): onGestureAnimationStart, runningTaskInfo : TaskInfo{userId=0 taskId=11101 displayId=0 isRunning=true baseIntent=Intent { act=android.intent.action.MAIN cat=[android.intent.category.LAUNCHER] flg=0x10200000 cmp=com.asc.markets/.MainActivity } baseActivity=ComponentInfo{com.asc.markets/com.asc.markets.MainActivity} topActivity=ComponentInfo{com.asc.markets/com.asc.markets.MainActivity} origActivity=null realActivity=ComponentInfo{com.asc.markets/com.asc.markets.MainActivity} numActivities=1 lastActiveTime=199937019 supportsSplitScreenMultiWindow=true supportsMultiWindow=true resizeMode=1 isResizeable=true token=WCT{android.window.IWindowContainerToken$Stub$Proxy@3e88f44} topActivityType=1 pictureInPictureParams=PictureInPictureParams( aspectRatio=null sourceRectHint=null hasSetActions=false isAutoPipEnabled=false isSeamlessResizeEnabled=true) displayCutoutSafeInsets=Rect(0, 91 - 0, 0) topActivityInfo=ActivityInfo{843e82d com.asc.markets.MainActivity} launchCookies=[] positionInParent=Point(0, 0) parentTaskId=-1 isFocused=true isVisible=true topActivityInSizeCompat=false locusId= null topLaunchHome=false launchSplitWindowingMode=0 isPairTask=false pairedTaskIds=[] pairWindowingMode=0 pairDockSide=0 isAnimatingByRecent=false originallySupportedSplitScreen=true isAnimatingFreeformToFullscreen=false topActivityInFixedAspectRatio=false isTopTransparentActivity=false}
01-29 14:31:54.229 I/RecentsView( 2785): showCurrentTask : TaskInfo{userId=0 taskId=11101 displayId=0 isRunning=true baseIntent=Intent { act=android.intent.action.MAIN cat=[android.intent.category.LAUNCHER] flg=0x10200000 cmp=com.asc.markets/.MainActivity } baseActivity=ComponentInfo{com.asc.markets/com.asc.markets.MainActivity} topActivity=ComponentInfo{com.asc.markets/com.asc.markets.MainActivity} origActivity=null realActivity=ComponentInfo{com.asc.markets/com.asc.markets.MainActivity} numActivities=1 lastActiveTime=199937019 supportsSplitScreenMultiWindow=true supportsMultiWindow=true resizeMode=1 isResizeable=true token=WCT{android.window.IWindowContainerToken$Stub$Proxy@3e88f44} topActivityType=1 pictureInPictureParams=PictureInPictureParams( aspectRatio=null sourceRectHint=null hasSetActions=false isAutoPipEnabled=false isSeamlessResizeEnabled=true) displayCutoutSafeInsets=Rect(0, 91 - 0, 0) topActivityInfo=ActivityInfo{843e82d com.asc.markets.MainActivity} launchCookies=[] positionInParent=Point(0, 0) parentTaskId=-1 isFocused=true isVisible=true topActivityInSizeCompat=false locusId= null topLaunchHome=false launchSplitWindowingMode=0 isPairTask=false pairedTaskIds=[] pairWindowingMode=0 pairDockSide=0 isAnimatingByRecent=false originallySupportedSplitScreen=true isAnimatingFreeformToFullscreen=false topActivityInFixedAspectRatio=false isTopTransparentActivity=false}
01-29 14:31:54.240 I/RecentsView( 2785): onGestureAnimationStart, runningTaskInfo : TaskInfo{userId=0 taskId=11101 displayId=0 isRunning=true baseIntent=Intent { act=android.intent.action.MAIN cat=[android.intent.category.LAUNCHER] flg=0x10200000 cmp=com.asc.markets/.MainActivity } baseActivity=ComponentInfo{com.asc.markets/com.asc.markets.MainActivity} topActivity=ComponentInfo{com.asc.markets/com.asc.markets.MainActivity} origActivity=null realActivity=ComponentInfo{com.asc.markets/com.asc.markets.MainActivity} numActivities=1 lastActiveTime=199937019 supportsSplitScreenMultiWindow=true supportsMultiWindow=true resizeMode=1 isResizeable=true token=WCT{android.window.IWindowContainerToken$Stub$Proxy@3e88f44} topActivityType=1 pictureInPictureParams=PictureInPictureParams( aspectRatio=null sourceRectHint=null hasSetActions=false isAutoPipEnabled=false isSeamlessResizeEnabled=true) displayCutoutSafeInsets=Rect(0, 91 - 0, 0) topActivityInfo=ActivityInfo{843e82d com.asc.markets.MainActivity} launchCookies=[] positionInParent=Point(0, 0) parentTaskId=-1 isFocused=true isVisible=true topActivityInSizeCompat=false locusId= null topLaunchHome=false launchSplitWindowingMode=0 isPairTask=false pairedTaskIds=[] pairWindowingMode=0 pairDockSide=0 isAnimatingByRecent=false originallySupportedSplitScreen=true isAnimatingFreeformToFullscreen=false topActivityInFixedAspectRatio=false isTopTransparentActivity=false}
01-29 14:31:54.240 I/RecentsView( 2785): showCurrentTask : TaskInfo{userId=0 taskId=11101 displayId=0 isRunning=true baseIntent=Intent { act=android.intent.action.MAIN cat=[android.intent.category.LAUNCHER] flg=0x10200000 cmp=com.asc.markets/.MainActivity } baseActivity=ComponentInfo{com.asc.markets/com.asc.markets.MainActivity} topActivity=ComponentInfo{com.asc.markets/com.asc.markets.MainActivity} origActivity=null realActivity=ComponentInfo{com.asc.markets/com.asc.markets.MainActivity} numActivities=1 lastActiveTime=199937019 supportsSplitScreenMultiWindow=true supportsMultiWindow=true resizeMode=1 isResizeable=true token=WCT{android.window.IWindowContainerToken$Stub$Proxy@3e88f44} topActivityType=1 pictureInPictureParams=PictureInPictureParams( aspectRatio=null sourceRectHint=null hasSetActions=false isAutoPipEnabled=false isSeamlessResizeEnabled=true) displayCutoutSafeInsets=Rect(0, 91 - 0, 0) topActivityInfo=ActivityInfo{843e82d com.asc.markets.MainActivity} launchCookies=[] positionInParent=Point(0, 0) parentTaskId=-1 isFocused=true isVisible=true topActivityInSizeCompat=false locusId= null topLaunchHome=false launchSplitWindowingMode=0 isPairTask=false pairedTaskIds=[] pairWindowingMode=0 pairDockSide=0 isAnimatingByRecent=false originallySupportedSplitScreen=true isAnimatingFreeformToFullscreen=false topActivityInFixedAspectRatio=false isTopTransparentActivity=false}
01-29 14:31:54.245 D/WindowManager( 1351): Moved rootTask=Task{c9270b6 #1 type=home ?? U=0 visible=false mode=fullscreen translucent=true sz=1} behind rootTask=Task{2559659 #11101 type=standard A=10268:com.asc.markets U=0 visible=true mode=fullscreen translucent=false sz=1}
01-29 14:31:54.250 D/WindowManager( 1351): rotationForOrientation, orientationSource=ActivityRecord{aa15ad2 u0 com.asc.markets/.MainActivity t11101}
