01-29 14:37:12.855 D/SGM:GameManager( 1351): identifyGamePackage. com.asc.markets, mCurrentUserId: 0, callerUserId: 0, callingMethodInfo: com.android.server.ssrm.SortingMachine.isGame(SortingMachine.java:162)
01-29 14:37:12.855 D/SGM:PkgDataHelper( 1351): getGamePkgData(). com.asc.markets
01-29 14:37:12.855 D/SGM:GameManager( 1351): noteResumeComponent(), received pkgName: com.asc.markets, userId: 0
01-29 14:37:12.855 D/SGM:GameManager( 1351): onLooperPrepared(), msg: MSG_APP_RESUME, pkgName: com.asc.markets, userid: 0
01-29 14:37:12.856 D/SGM:GameManager( 1351):   handleResume(). pkgName: com.asc.markets, userId: 0, isTunableApp: null
01-29 14:37:12.856 D/SGM:GameManager( 1351): notifyFocusInOut(). of pkg: com.asc.markets, type: 4, isMinimized: false, isTunableApp: false, userId: 0
01-29 14:37:12.869 D/InputDispatcher( 1351): Focus request (0): ef4a964 com.asc.markets/com.asc.markets.MainActivity but waiting because NOT_VISIBLE
01-29 14:37:12.893 D/SGM:GameManager( 1351): identifyForegroundApp. com.asc.markets, mCurrentUserId: 0, callerUserId: 0
01-29 14:37:12.893 D/SGM:PkgDataHelper( 1351): getGamePkgData(). com.asc.markets
01-29 14:37:12.896 D/SGM:GameManager( 1351): identifyGamePackage. com.asc.markets, mCurrentUserId: 0, callerUserId: 0, callingMethodInfo: com.samsung.android.game.IGameManagerService$Stub.onTransact(IGameManagerService.java:242)
01-29 14:37:12.897 D/SGM:PkgDataHelper( 1351): getGamePkgData(). com.asc.markets
01-29 14:37:12.915 D/WindowManager( 1351): finishDrawingWindow: Window{ef4a964 u0 com.asc.markets/com.asc.markets.MainActivity} mDrawState=DRAW_PENDING
01-29 14:37:12.919 I/WindowManager( 1351): Reparenting to leash, surface=Surface(name=4348a20 SnapshotStartingWindow for taskId=11102)/@0x9b7c7ae, leashParent=Surface(name=ActivityRecord{f66ec0 u0 com.asc.markets/.MainActivity t11102})/@0xcae60df
01-29 14:37:12.923 D/InputDispatcher( 1351): Focus entered window (0): ef4a964 com.asc.markets/com.asc.markets.MainActivity
01-29 14:37:12.931 D/SurfaceFlinger( 1019):      CLIENT | 0xb400007a5a8fca70 | 0100 | RGBA_8888    |    0.0   66.0 1080.0 2309.0 |  156  299  921 1887 | com.asc.markets/com.asc.markets.MainActivity$_31324#0
01-29 14:37:12.954 I/PkgPredictorService-SecIpmManagerServiceImpl( 1351): reportToNAP uid:10268 com.asc.markets/com.asc.markets.MainActivity thisTime:177
01-29 14:37:12.988 I/WindowManager( 1351): Reparenting to original parent: Surface(name=ActivityRecord{f66ec0 u0 com.asc.markets/.MainActivity t11102})/@0xcae60df, destroy=true, surface=Surface(name=4348a20 SnapshotStartingWindow for taskId=11102)/@0x9b7c7ae
01-29 14:37:13.007 D/MdnieScenarioControlService( 1351):  packageName : com.asc.markets    className : com.asc.markets.MainActivity
01-29 14:37:13.014 D/SurfaceFlinger( 1019):      CLIENT | 0xb400007a5a9108d0 | 0100 | RGBA_8888    |    0.0   20.0 1080.0 2372.0 |   48   93 1029 2229 | com.asc.markets/com.asc.markets.MainActivity$_31324#0
01-29 14:37:13.226 D/WindowManager( 1351): 	container=Task{72bd7f9 #11102 type=standard A=10268:com.asc.markets U=0 visible=true mode=fullscreen translucent=false sz=1}
01-29 14:37:13.261 D/SurfaceFlinger( 1019):      DEVICE | 0xb400007a5a9108d0 | 0100 | RGBA_8888    |    0.0    0.0 1080.0 2400.0 |    0    0 1080 2400 | com.asc.markets/com.asc.markets.MainActivity$_31324#0
01-29 14:37:13.424 D/MdnieScenarioControlService( 1351):  packageName : com.asc.markets    className : com.asc.markets.MainActivity
01-29 14:37:13.450 D/SGM:GameManager( 1351): identifyForegroundApp. com.asc.markets, mCurrentUserId: 0, callerUserId: 0
01-29 14:37:13.450 D/SGM:PkgDataHelper( 1351): getGamePkgData(). com.asc.markets
01-29 14:37:14.210 D/SurfaceFlinger( 1019):      DEVICE | 0xb400007a5a9108d0 | 0100 | RGBA_8888    |    0.0    0.0 1080.0 2400.0 |    0    0 1080 2400 | com.asc.markets/com.asc.markets.MainActivity$_31324#0
01-29 14:37:18.876 D/SGM:GameManager( 1351): identifyGamePackage. com.asc.markets, mCurrentUserId: 0, callerUserId: 0, callingMethodInfo: com.android.server.ssrm.SortingMachine.isGame(SortingMachine.java:162)
01-29 14:37:18.876 D/SGM:PkgDataHelper( 1351): getGamePkgData(). com.asc.markets
01-29 14:38:24.287 V/WindowManager( 1351): Changing focus from Window{ef4a964 u0 com.asc.markets/com.asc.markets.MainActivity} to null displayId=0 Callers=com.android.server.wm.RootWindowContainer.updateFocusedWindowLocked:583 com.android.server.wm.WindowManagerService.updateFocusedWindowLocked:6480 com.android.server.wm.ActivityTaskManagerService.setResumedActivityUncheckLocked:5509 com.android.server.wm.Task.onActivityStateChanged:2912 
01-29 14:38:24.287 D/MARsPolicyManager( 1351): onPackageResumedFG pkgName = com.asc.markets, userId = 0
01-29 14:38:24.295 D/SGM:GameManager( 1351): notePauseComponent(), received pkgName: com.asc.markets, userId: 0
01-29 14:38:24.313 D/InputDispatcher( 1351): Focus left window (0): ef4a964 com.asc.markets/com.asc.markets.MainActivity
01-29 14:38:24.435 D/SurfaceFlinger( 1019):      DEVICE | 0xb400007a5a915820 | 0100 | RGBA_8888    |    0.0    0.0 1080.0 2400.0 |    0    0 1080 2400 | com.asc.markets/com.asc.markets.MainActivity$_31324#0
01-29 14:38:24.750 D/SurfaceFlinger( 1019):      DEVICE | 0xb400007a5a9108d0 | 0100 | RGBA_8888    |    0.0    0.0 1080.0 2400.0 |    0    0 1080 2400 | com.asc.markets/com.asc.markets.MainActivity$_31324#0
01-29 14:38:24.766 D/SurfaceFlinger( 1019):      DEVICE | 0xb400007a5a8fca70 | 0100 | RGBA_8888    |    0.0    0.0 1080.0 2400.0 |    0    0 1080 2400 | com.asc.markets/com.asc.markets.MainActivity$_31324#0
01-29 14:38:25.411 V/WindowManager( 1351): Setting visibility of Window{ef4a964 u0 com.asc.markets/com.asc.markets.MainActivity}: false, caller=com.android.server.wm.WindowContainer.sendAppVisibilityToClients:1110 com.android.server.wm.WindowToken.setClientVisible:448 com.android.server.wm.ActivityRecord.setClientVisible:7010 com.android.server.wm.ActivityRecord.onAnimationFinished:7897 com.android.server.wm.WindowContainer.doAnimationFinished:3107 
01-29 14:38:25.439 V/WindowManager( 1351): Relayout Window{ef4a964 u0 com.asc.markets/com.asc.markets.MainActivity}: viewVisibility=8 req=1080x2400 d0
01-29 14:38:25.452 E/WindowManager( 1351): win=Window{ef4a964 u0 com.asc.markets/com.asc.markets.MainActivity} destroySurfaces: appStopped=true win.mWindowRemovalAllowed=false win.mRemoveOnExit=false win.mViewVisibility=8 caller=com.android.server.wm.ActivityRecord.destroySurfaces:5867 com.android.server.wm.ActivityRecord.destroySurfaces:5848 com.android.server.wm.ActivityRecord.notifyAppStopped:5912 com.android.server.wm.ActivityRecord.activityStopped:6538 com.android.server.wm.ActivityClientController.activityStopped:254 android.app.IActivityClientController$Stub.onTransact:596 com.android.server.wm.ActivityClientController.onTransact:130 
01-29 14:38:25.452 I/WindowManager( 1351): Destroying surface Surface(name=com.asc.markets/com.asc.markets.MainActivity$_31324)/@0xef4e67f called by com.android.server.wm.WindowStateAnimator.destroySurface:987 com.android.server.wm.WindowStateAnimator.destroySurfaceLocked:518 com.android.server.wm.WindowState.destroySurfaceUnchecked:4229 com.android.server.wm.WindowState.destroySurface:4203 com.android.server.wm.ActivityRecord.destroySurfaces:5867 com.android.server.wm.ActivityRecord.destroySurfaces:5848 com.android.server.wm.ActivityRecord.notifyAppStopped:5912 com.android.server.wm.ActivityRecord.activityStopped:6538 
01-29 14:38:25.460 I/Layer   ( 1019): id=39525 removedFromDrawingState com.asc.markets/com.asc.markets.MainActivity$_31324#0 (134)
01-29 14:38:25.460 I/SurfaceFlinger( 1019): id=39525 Removed com.asc.markets/com.asc.markets.MainActivity$_31324#0 (134)
01-29 14:38:25.461 I/Layer   ( 1019): id=39525 Destroyed com.asc.markets/com.asc.markets.MainActivity$_31324#0
01-29 14:40:24.330 D/FreecessController( 1351): com.asc.markets(10268) is important[13]
01-29 14:40:34.331 D/FreecessController( 1351): com.asc.markets(10268) is important[13]
01-29 14:40:44.342 D/FreecessController( 1351): com.asc.markets(10268) is important[13]
01-29 14:40:50.556 V/ActivityManager( 1351): Changed top to ProcessRecord{fa4119a 31324:com.asc.markets/u0a268}
01-29 14:40:50.629 D/SGM:GameManager( 1351): identifyGamePackage. com.asc.markets, mCurrentUserId: 0, callerUserId: 0, callingMethodInfo: com.samsung.android.game.IGameManagerService$Stub.onTransact(IGameManagerService.java:242)
01-29 14:40:50.629 D/SGM:PkgDataHelper( 1351): getGamePkgData(). com.asc.markets
01-29 14:40:50.743 D/MdnieScenarioControlService( 1351):  packageName : com.asc.markets    className : com.asc.markets.MainActivity
01-29 14:40:51.770 D/MARsPolicyManager( 1351): onPackageResumedFG pkgName = com.asc.markets, userId = 0
01-29 14:40:51.771 V/WindowManager( 1351): Setting visibility of Window{ef4a964 u0 com.asc.markets/com.asc.markets.MainActivity}: true, caller=com.android.server.wm.WindowContainer.sendAppVisibilityToClients:1110 com.android.server.wm.WindowToken.setClientVisible:448 com.android.server.wm.ActivityRecord.setClientVisible:7010 com.android.server.wm.ActivityRecord.setVisibility:5449 com.android.server.wm.ActivityRecord.setVisibility:5344 
01-29 14:40:51.772 D/SGM:GameManager( 1351):   sendRunningComponentFocus(), pkgName: com.asc.markets, userId: 0
01-29 14:40:51.772 D/SGM:GameManager( 1351): onLooperPrepared(), msg: MSG_TASK_FOCUSED, pkgName: com.asc.markets, userId: 0
01-29 14:40:51.772 D/SGM:GameManager( 1351):   handleTaskFocused(), pkgName: com.asc.markets, userID:0 mResumedPkgMap does not containsKey.
01-29 14:40:51.777 D/WindowManager( 1351): rotationForOrientation, orientationSource=ActivityRecord{f66ec0 u0 com.asc.markets/.MainActivity t11102}
01-29 14:40:51.777 D/WindowManager( 1351): rotationForOrientation, orientationSource=ActivityRecord{f66ec0 u0 com.asc.markets/.MainActivity t11102}
01-29 14:40:51.778 D/WindowManager( 1351): rotationForOrientation, orientationSource=ActivityRecord{f66ec0 u0 com.asc.markets/.MainActivity t11102}
01-29 14:40:51.784 D/WindowManager( 1351): rotationForOrientation, orientationSource=ActivityRecord{f66ec0 u0 com.asc.markets/.MainActivity t11102}
01-29 14:40:51.789 D/StartingSurfaceDrawer( 2286): addTaskSnapshotStartingWindow: snapshot=TaskSnapshot{ mId=1769693904388 mTopActivityComponent=com.asc.markets/.MainActivity mSnapshot=android.hardware.HardwareBuffer@9d90cb5 (1080x2400) mColorSpace=sRGB IEC61966-2.1 (id=0, model=RGB) mOrientation=1 mRotation=0 mTaskSize=Point(1080, 2400) mContentInsets=[0,91][0,126] mIsLowResolution=false mIsRealSnapshot=true mWindowingMode=1 mAppearance=0 mIsTranslucent=false mHasImeSurface=false desc=TaskDescription Label: null Icon: null IconFilename: null colorPrimary: -4487428 colorBackground: -15592942 statusBarColor: -13172557 navigationBarColor: -16711423 (contrast when transparent) resizeMode: RESIZE_MODE_RESIZEABLE_VIA_SDK_VERSION minWidth: -1 minHeight: -1 colorBackgrounFloating: -12434878
01-29 14:40:51.800 V/WindowManager( 1351): Relayout Window{ef4a964 u0 com.asc.markets/com.asc.markets.MainActivity}: viewVisibility=4 req=1080x2400 d0
01-29 14:40:51.830 I/GameSDK@LifeCycle( 1351): noteResumeComponent(): package name  : com.asc.markets
01-29 14:40:51.833 D/SGM:GameManager( 1351): identifyGamePackage. com.asc.markets, mCurrentUserId: 0, callerUserId: 0, callingMethodInfo: com.android.server.ssrm.fgapps.GameAppUtils.isGame(GameAppUtils.java:84)
01-29 14:40:51.833 D/SGM:PkgDataHelper( 1351): getGamePkgData(). com.asc.markets
01-29 14:40:51.834 D/SGM:GameManager( 1351): identifyGamePackage. com.asc.markets, mCurrentUserId: 0, callerUserId: 0, callingMethodInfo: com.android.server.ssrm.SortingMachine.isGame(SortingMachine.java:162)
01-29 14:40:51.834 D/SGM:PkgDataHelper( 1351): getGamePkgData(). com.asc.markets
01-29 14:40:51.834 D/SGM:GameManager( 1351): noteResumeComponent(), received pkgName: com.asc.markets, userId: 0
01-29 14:40:51.834 D/SGM:GameManager( 1351): onLooperPrepared(), msg: MSG_APP_RESUME, pkgName: com.asc.markets, userid: 0
01-29 14:40:51.846 V/WindowManager( 1351): Relayout Window{ef4a964 u0 com.asc.markets/com.asc.markets.MainActivity}: viewVisibility=0 req=1080x2400 d0
01-29 14:40:51.847 I/SurfaceFlinger( 1019): id=39553 createSurf (1080x2400),-3 flag=40004, com.asc.markets/com.asc.markets.MainActivity$_31324#0
01-29 14:40:51.847 D/WindowManager( 1351): makeSurface duration=1 name=com.asc.markets/com.asc.markets.MainActivity$_31324
01-29 14:40:51.900 D/WindowManager( 1351): finishDrawingWindow: Window{ef4a964 u0 com.asc.markets/com.asc.markets.MainActivity} mDrawState=DRAW_PENDING
01-29 14:40:51.998 V/WindowManager( 1351): Changing focus from Window{3de257e u0 NotificationShade} to Window{ef4a964 u0 com.asc.markets/com.asc.markets.MainActivity} displayId=0 Callers=com.android.server.wm.RootWindowContainer.updateFocusedWindowLocked:583 com.android.server.wm.WindowManagerService.updateFocusedWindowLocked:6480 com.android.server.wm.WindowManagerService.relayoutWindow:2750 com.android.server.wm.Session.relayout:242 
01-29 14:40:51.998 D/MARsPolicyManager( 1351): onPackageResumedFG pkgName = com.asc.markets, userId = 0
01-29 14:40:52.023 D/InputDispatcher( 1351): Focus entered window (0): ef4a964 com.asc.markets/com.asc.markets.MainActivity
01-29 14:40:52.054 D/SGM:GameManager( 1351): identifyGamePackage. com.asc.markets, mCurrentUserId: 0, callerUserId: 0, callingMethodInfo: com.samsung.android.game.IGameManagerService$Stub.onTransact(IGameManagerService.java:242)
01-29 14:40:52.054 D/SGM:PkgDataHelper( 1351): getGamePkgData(). com.asc.markets
01-29 14:40:52.080 D/SurfaceFlinger( 1019):      DEVICE | 0xb400007a5a905320 | 0100 | RGBA_8888    |   68.0  138.0 1012.0 2234.0 |    0    0 1080 2400 | com.asc.markets/com.asc.markets.MainActivity$_31324#0
01-29 14:40:52.107 I/WindowManager( 1351): Reparenting to leash, surface=Surface(name=7bccba SnapshotStartingWindow for taskId=11102)/@0x780c17d, leashParent=Surface(name=ActivityRecord{f66ec0 u0 com.asc.markets/.MainActivity t11102})/@0xcae60df
01-29 14:40:52.124 D/MdnieScenarioControlService( 1351):  packageName : com.asc.markets    className : com.asc.markets.MainActivity
01-29 14:40:52.126 D/SGM:GameManager( 1351):   handleUserPresent(). resume signal is needed for com.asc.markets
01-29 14:40:52.149 D/MdnieScenarioControlService( 1351):  packageName : com.asc.markets    className : com.asc.markets.MainActivity
01-29 14:40:52.155 D/SGM:GameManager( 1351):   handleUserPresent(). resume signal is needed for com.asc.markets
01-29 14:40:52.169 I/WindowManager( 1351): Reparenting to original parent: Surface(name=ActivityRecord{f66ec0 u0 com.asc.markets/.MainActivity t11102})/@0xcae60df, destroy=true, surface=Surface(name=7bccba SnapshotStartingWindow for taskId=11102)/@0x780c17d
01-29 14:40:52.191 D/SurfaceFlinger( 1019):      DEVICE | 0xb400007a5a90ecb0 | 0100 | RGBA_8888    |   19.0   39.0 1061.0 2354.0 |    0    0 1080 2400 | com.asc.markets/com.asc.markets.MainActivity$_31324#0
01-29 14:40:52.307 D/SurfaceFlinger( 1019):      DEVICE | 0xb400007a5a905320 | 0100 | RGBA_8888    |    2.0    5.0 1078.0 2395.0 |    0    0 1080 2400 | com.asc.markets/com.asc.markets.MainActivity$_31324#0
01-29 14:40:52.363 D/WindowManager( 1351): rotationForOrientation, orientationSource=ActivityRecord{f66ec0 u0 com.asc.markets/.MainActivity t11102}
01-29 14:40:52.592 D/SGM:GameManager( 1351): identifyForegroundApp. com.asc.markets, mCurrentUserId: 0, callerUserId: 0
01-29 14:40:52.592 D/SGM:PkgDataHelper( 1351): getGamePkgData(). com.asc.markets
01-29 14:40:52.865 D/WindowManager( 1351): requestTransientBars: swipeTarget=Window{bd953eb u0 StatusBar}, controlTarget=Window{ef4a964 u0 com.asc.markets/com.asc.markets.MainActivity}, canShowTransient=false, restorePositionTypes=0x3, from=com.android.server.wm.DisplayPolicy.access$100:227 com.android.server.wm.DisplayPolicy$1.onSwipeFromTop:570 
01-29 14:40:52.902 D/WindowManager( 1351): takeScreenshotToTargetWindow: targetSurface=Surface(name=ef4a964 com.asc.markets/com.asc.markets.MainActivity)/@0x357937e, sourceCrop=Rect(0, 0 - 0, 0)
01-29 14:40:52.920 V/WindowManager( 1351): Changing focus from Window{ef4a964 u0 com.asc.markets/com.asc.markets.MainActivity} to Window{3de257e u0 NotificationShade} displayId=0 Callers=com.android.server.wm.RootWindowContainer.updateFocusedWindowLocked:583 com.android.server.wm.WindowManagerService.updateFocusedWindowLocked:6480 com.android.server.wm.WindowManagerService.relayoutWindow:2750 com.android.server.wm.Session.relayout:242 
01-29 14:40:52.937 D/InputDispatcher( 1351): Focus left window (0): ef4a964 com.asc.markets/com.asc.markets.MainActivity
01-29 14:40:52.972 D/SurfaceFlinger( 1019):      DEVICE | 0xb400007a5a9198d0 | 0100 | RGBA_8888    |    0.0    0.0 1080.0 2400.0 |    0    0 1080 2400 | com.asc.markets/com.asc.markets.MainActivity$_31324#0
01-29 14:40:53.629 D/WindowManager( 1351): rotationForOrientation, orientationSource=ActivityRecord{f66ec0 u0 com.asc.markets/.MainActivity t11102}
01-29 14:40:53.668 D/WindowManager( 1351): rotationForOrientation, orientationSource=ActivityRecord{f66ec0 u0 com.asc.markets/.MainActivity t11102}
01-29 14:40:53.924 D/WindowManager( 1351): rotationForOrientation, orientationSource=ActivityRecord{f66ec0 u0 com.asc.markets/.MainActivity t11102}
01-29 14:40:53.970 D/WindowManager( 1351): rotationForOrientation, orientationSource=ActivityRecord{f66ec0 u0 com.asc.markets/.MainActivity t11102}
01-29 14:40:54.023 D/WindowManager( 1351): rotationForOrientation, orientationSource=ActivityRecord{f66ec0 u0 com.asc.markets/.MainActivity t11102}
01-29 14:40:54.345 D/FreecessController( 1351): com.asc.markets(10268) is important[13]
01-29 14:40:57.863 D/SGM:GameManager( 1351): identifyGamePackage. com.asc.markets, mCurrentUserId: 0, callerUserId: 0, callingMethodInfo: com.android.server.ssrm.SortingMachine.isGame(SortingMachine.java:162)
01-29 14:40:57.864 D/SGM:PkgDataHelper( 1351): getGamePkgData(). com.asc.markets
01-29 14:41:04.346 D/FreecessController( 1351): com.asc.markets(10268) is important[13]
01-29 14:41:14.347 D/FreecessController( 1351): com.asc.markets(10268) is important[13]
01-29 14:41:18.758 V/WindowManager( 1351): Changing focus from Window{3de257e u0 NotificationShade} to Window{ef4a964 u0 com.asc.markets/com.asc.markets.MainActivity} displayId=0 Callers=com.android.server.wm.RootWindowContainer.updateFocusedWindowLocked:583 com.android.server.wm.WindowManagerService.updateFocusedWindowLocked:6480 com.android.server.wm.WindowManagerService.relayoutWindow:2750 com.android.server.wm.Session.relayout:242 
01-29 14:41:18.758 D/MARsPolicyManager( 1351): onPackageResumedFG pkgName = com.asc.markets, userId = 0
01-29 14:41:18.774 V/WindowManager( 1351): Changing focus from Window{ef4a964 u0 com.asc.markets/com.asc.markets.MainActivity} to null displayId=0 Callers=com.android.server.wm.RootWindowContainer.updateFocusedWindowLocked:583 com.android.server.wm.WindowManagerService.updateFocusedWindowLocked:6480 com.android.server.wm.ActivityTaskManagerService.setResumedActivityUncheckLocked:5509 com.android.server.wm.Task.onActivityStateChanged:2912 
01-29 14:41:18.774 D/MARsPolicyManager( 1351): onPackageResumedFG pkgName = com.asc.markets, userId = 0
01-29 14:41:18.792 D/InputDispatcher( 1351): Focus entered window (0): ef4a964 com.asc.markets/com.asc.markets.MainActivity
01-29 14:41:18.807 D/SGM:GameManager( 1351): notePauseComponent(), received pkgName: com.asc.markets, userId: 0
01-29 14:41:18.827 D/InputDispatcher( 1351): Focus left window (0): ef4a964 com.asc.markets/com.asc.markets.MainActivity
01-29 14:41:18.842 D/WindowManager( 1351): prepareDimAnimOnAnimating owner = Task{72bd7f9 #11102 type=standard A=10268:com.asc.markets U=0 visible=false mode=fullscreen translucent=true sz=1}
01-29 14:41:18.843 D/WindowManager( 1351): startDimAnimation owner = Task{72bd7f9 #11102 type=standard A=10268:com.asc.markets U=0 visible=false mode=fullscreen translucent=true sz=1}
01-29 14:41:18.894 D/SurfaceFlinger( 1019):      DEVICE | 0xb400007a5a9198d0 | 0100 | RGBA_8888    |    0.0   17.0 1080.0 2400.0 |    0    0 1080 2383 | com.asc.markets/com.asc.markets.MainActivity$_31324#0
01-29 14:41:19.177 D/SurfaceFlinger( 1019):      DEVICE | 0xb400007a5a9198d0 | 0100 | RGBA_8888    |    0.0   68.0 1080.0 2400.0 |    0    0 1080 2332 | com.asc.markets/com.asc.markets.MainActivity$_31324#0
01-29 14:41:19.263 D/WindowManager( 1351): clearDimAnimation owner = Task{72bd7f9 #11102 type=standard A=10268:com.asc.markets U=0 visible=false mode=fullscreen translucent=true sz=1}, caller=com.android.server.wm.WindowContainer.onAnimationLeashLost:3129 com.android.server.wm.Task.onAnimationLeashLost:10228 com.android.server.wm.SurfaceAnimator.removeLeash:426 
01-29 14:41:19.263 V/WindowManager( 1351): Setting visibility of Window{ef4a964 u0 com.asc.markets/com.asc.markets.MainActivity}: false, caller=com.android.server.wm.WindowContainer.sendAppVisibilityToClients:1110 com.android.server.wm.WindowToken.setClientVisible:448 com.android.server.wm.ActivityRecord.setClientVisible:7010 com.android.server.wm.ActivityRecord.onAnimationFinished:7897 com.android.server.wm.WindowContainer.doAnimationFinished:3107 
01-29 14:41:19.290 V/WindowManager( 1351): Relayout Window{ef4a964 u0 com.asc.markets/com.asc.markets.MainActivity}: viewVisibility=8 req=1080x2400 d0
01-29 14:41:19.400 E/WindowManager( 1351): win=Window{ef4a964 u0 com.asc.markets/com.asc.markets.MainActivity} destroySurfaces: appStopped=true win.mWindowRemovalAllowed=false win.mRemoveOnExit=false win.mViewVisibility=8 caller=com.android.server.wm.ActivityRecord.destroySurfaces:5867 com.android.server.wm.ActivityRecord.destroySurfaces:5848 com.android.server.wm.ActivityRecord.notifyAppStopped:5912 com.android.server.wm.ActivityRecord.activityStopped:6538 com.android.server.wm.ActivityClientController.activityStopped:254 android.app.IActivityClientController$Stub.onTransact:596 com.android.server.wm.ActivityClientController.onTransact:130 
01-29 14:41:19.400 I/WindowManager( 1351): Destroying surface Surface(name=com.asc.markets/com.asc.markets.MainActivity$_31324)/@0x10074c2 called by com.android.server.wm.WindowStateAnimator.destroySurface:987 com.android.server.wm.WindowStateAnimator.destroySurfaceLocked:518 com.android.server.wm.WindowState.destroySurfaceUnchecked:4229 com.android.server.wm.WindowState.destroySurface:4203 com.android.server.wm.ActivityRecord.destroySurfaces:5867 com.android.server.wm.ActivityRecord.destroySurfaces:5848 com.android.server.wm.ActivityRecord.notifyAppStopped:5912 com.android.server.wm.ActivityRecord.activityStopped:6538 
01-29 14:41:19.405 I/Layer   ( 1019): id=39553 removedFromDrawingState com.asc.markets/com.asc.markets.MainActivity$_31324#0 (137)
01-29 14:41:19.448 I/SurfaceFlinger( 1019): id=39553 Removed com.asc.markets/com.asc.markets.MainActivity$_31324#0 (137)
01-29 14:41:19.456 I/Layer   ( 1019): id=39553 Destroyed com.asc.markets/com.asc.markets.MainActivity$_31324#0
01-29 14:42:30.087 I/AppIconSolution( 2785): getThemeIconWithBG called with public API, pkg = com.asc.markets
01-29 14:42:30.087 I/AppIconSolution( 2785): return adaptive icon for com.asc.markets, isNight = true
01-29 14:42:30.088 I/LauncherActivityInfo( 2785): packageName: com.asc.markets, useThemeIcon: false, height: 189, width: 189, density: 420
01-29 14:42:30.487 D/WindowManager( 1351): onAnimationFinished(): targetRootTask=Task{c9270b6 #1 type=home ?? U=0 visible=false mode=fullscreen translucent=false sz=1} targetActivity=ActivityRecord{4ea69b4 u0 com.sec.android.app.launcher/.activities.LauncherActivity t10761} mRestoreTargetBehindRootTask=Task{72bd7f9 #11102 type=standard A=10268:com.asc.markets U=0 visible=false mode=fullscreen translucent=true sz=1}
01-29 14:43:18.801 D/FreecessController( 1351): com.asc.markets(state: Initial -> Freezeable, Reason: uidIdle)
01-29 14:43:28.803 D/FreecessController( 1351): com.asc.markets(state: Freezeable -> Frozen, Reason: uidIdle)
01-29 14:43:28.804 D/FreecessController( 1351): FZ : com.asc.markets(31324)
01-29 14:43:28.806 D/FreecessController( 1351): FZ : com.asc.markets(0), reason: Bg
