To honour the JVM settings for this build a single-use Daemon process will be forked. For more on this, please refer to https://docs.gradle.org/8.13/userguide/gradle_daemon.html#sec:disabling_the_daemon in the Gradle documentation.
Daemon will be stopped at the end of the build 
> Task :app:preBuild UP-TO-DATE
> Task :app:preDebugBuild UP-TO-DATE
> Task :app:mergeDebugNativeDebugMetadata NO-SOURCE
> Task :app:checkKotlinGradlePluginConfigurationErrors SKIPPED
> Task :app:generateDebugBuildConfig UP-TO-DATE
> Task :app:checkDebugAarMetadata UP-TO-DATE
> Task :app:processDebugNavigationResources UP-TO-DATE
> Task :app:compileDebugNavigationResources UP-TO-DATE
> Task :app:generateDebugResValues UP-TO-DATE
> Task :app:mapDebugSourceSetPaths UP-TO-DATE
> Task :app:generateDebugResources UP-TO-DATE
> Task :app:mergeDebugResources UP-TO-DATE
> Task :app:packageDebugResources UP-TO-DATE
> Task :app:parseDebugLocalResources UP-TO-DATE
> Task :app:createDebugCompatibleScreenManifests UP-TO-DATE
> Task :app:extractDeepLinksDebug UP-TO-DATE
> Task :app:processDebugMainManifest UP-TO-DATE
> Task :app:processDebugManifest UP-TO-DATE
> Task :app:processDebugManifestForPackage UP-TO-DATE
> Task :app:processDebugResources UP-TO-DATE
> Task :app:javaPreCompileDebug UP-TO-DATE
> Task :app:mergeDebugShaders UP-TO-DATE
> Task :app:compileDebugShaders NO-SOURCE
> Task :app:generateDebugAssets UP-TO-DATE
> Task :app:mergeDebugAssets UP-TO-DATE
> Task :app:compressDebugAssets UP-TO-DATE
> Task :app:desugarDebugFileDependencies UP-TO-DATE
> Task :app:kaptGenerateStubsDebugKotlin
> Task :app:checkDebugDuplicateClasses UP-TO-DATE
> Task :app:mergeExtDexDebug UP-TO-DATE
> Task :app:mergeLibDexDebug UP-TO-DATE
> Task :app:mergeDebugJniLibFolders UP-TO-DATE
> Task :app:mergeDebugNativeLibs NO-SOURCE
> Task :app:stripDebugDebugSymbols NO-SOURCE
> Task :app:validateSigningDebug UP-TO-DATE
> Task :app:writeDebugAppMetadata UP-TO-DATE
> Task :app:writeDebugSigningConfigVersions UP-TO-DATE

> Task :app:kaptGenerateStubsDebugKotlin
w: Kapt currently doesn't support language version 2.0+. Falling back to 1.9.
./gradlew.bat : e: file:///C:/Users/HP/Downloads/folder/app/src/main/java/com/a
sc/markets/ui/ChartActivity.kt:22:25 Expecting member declaration
At line:1 char:1
+ ./gradlew.bat assembleDebug 2>&1 > build_output.log; Get-Content buil ...
+ ~~~~~~~~~~~~~~~~~~~~~~~~~~~~~~~~~~~~~~~~~~~~~~~~~~~
    + CategoryInfo          : NotSpecified: (e: file:///C:/U...ber declaration 
   :String) [], RemoteException
    + FullyQualifiedErrorId : NativeCommandError
 
e: file:///C:/Users/HP/Downloads/folder/app/src/main/java/com/asc/markets/ui/Ch
artActivity.kt:22:26 Expecting member declaration
e: file:///C:/Users/HP/Downloads/folder/app/src/main/java/com/asc/markets/ui/Ch
artActivity.kt:22:27 Expecting member declaration
e: file:///C:/Users/HP/Downloads/folder/app/src/main/java/com/asc/markets/ui/Ch
artActivity.kt:22:35 Expecting member declaration
e: file:///C:/Users/HP/Downloads/folder/app/src/main/java/com/asc/markets/ui/Ch
artActivity.kt:22:39 Expecting member declaration
e: file:///C:/Users/HP/Downloads/folder/app/src/main/java/com/asc/markets/ui/Ch
artActivity.kt:23:25 Expecting member declaration
e: file:///C:/Users/HP/Downloads/folder/app/src/main/java/com/asc/markets/ui/Ch
artActivity.kt:23:26 Expecting member declaration
e: file:///C:/Users/HP/Downloads/folder/app/src/main/java/com/asc/markets/ui/Ch
artActivity.kt:23:30 Expecting member declaration
e: file:///C:/Users/HP/Downloads/folder/app/src/main/java/com/asc/markets/ui/Ch
artActivity.kt:24:25 Expecting member declaration
e: file:///C:/Users/HP/Downloads/folder/app/src/main/java/com/asc/markets/ui/Ch
artActivity.kt:24:26 Expecting member declaration
e: file:///C:/Users/HP/Downloads/folder/app/src/main/java/com/asc/markets/ui/Ch
artActivity.kt:24:30 Expecting member declaration
e: file:///C:/Users/HP/Downloads/folder/app/src/main/java/com/asc/markets/ui/Ch
artActivity.kt:25:29 Expecting member declaration
e: file:///C:/Users/HP/Downloads/folder/app/src/main/java/com/asc/markets/ui/Ch
artActivity.kt:25:30 Expecting member declaration
e: file:///C:/Users/HP/Downloads/folder/app/src/main/java/com/asc/markets/ui/Ch
artActivity.kt:25:35 Expecting member declaration
e: file:///C:/Users/HP/Downloads/folder/app/src/main/java/com/asc/markets/ui/Ch
artActivity.kt:25:39 Expecting member declaration
e: file:///C:/Users/HP/Downloads/folder/app/src/main/java/com/asc/markets/ui/Ch
artActivity.kt:25:40 Expecting member declaration
e: file:///C:/Users/HP/Downloads/folder/app/src/main/java/com/asc/markets/ui/Ch
artActivity.kt:25:41 Expecting member declaration
e: file:///C:/Users/HP/Downloads/folder/app/src/main/java/com/asc/markets/ui/Ch
artActivity.kt:25:49 Expecting member declaration
e: file:///C:/Users/HP/Downloads/folder/app/src/main/java/com/asc/markets/ui/Ch
artActivity.kt:25:51 Expecting member declaration
e: file:///C:/Users/HP/Downloads/folder/app/src/main/java/com/asc/markets/ui/Ch
artActivity.kt:25:58 Expecting member declaration
e: file:///C:/Users/HP/Downloads/folder/app/src/main/java/com/asc/markets/ui/Ch
artActivity.kt:25:59 Expecting member declaration
e: file:///C:/Users/HP/Downloads/folder/app/src/main/java/com/asc/markets/ui/Ch
artActivity.kt:25:60 Expecting member declaration
e: file:///C:/Users/HP/Downloads/folder/app/src/main/java/com/asc/markets/ui/Ch
artActivity.kt:25:95 Expecting member declaration
e: file:///C:/Users/HP/Downloads/folder/app/src/main/java/com/asc/markets/ui/Ch
artActivity.kt:25:96 Expecting member declaration
e: file:///C:/Users/HP/Downloads/folder/app/src/main/java/com/asc/markets/ui/Ch
artActivity.kt:26:29 Expecting member declaration
e: file:///C:/Users/HP/Downloads/folder/app/src/main/java/com/asc/markets/ui/Ch
artActivity.kt:26:30 Expecting member declaration
e: file:///C:/Users/HP/Downloads/folder/app/src/main/java/com/asc/markets/ui/Ch
artActivity.kt:26:35 Expecting member declaration
e: file:///C:/Users/HP/Downloads/folder/app/src/main/java/com/asc/markets/ui/Ch
artActivity.kt:27:33 Expecting member declaration
e: file:///C:/Users/HP/Downloads/folder/app/src/main/java/com/asc/markets/ui/Ch
artActivity.kt:27:38 Expecting member declaration
e: file:///C:/Users/HP/Downloads/folder/app/src/main/java/com/asc/markets/ui/Ch
artActivity.kt:27:46 Unexpected tokens (use ';' to separate expressions on the 
same line)
e: file:///C:/Users/HP/Downloads/folder/app/src/main/java/com/asc/markets/ui/Ch
artActivity.kt:27:48 Expecting an element
e: file:///C:/Users/HP/Downloads/folder/app/src/main/java/com/asc/markets/ui/Ch
artActivity.kt:27:61 Unexpected tokens (use ';' to separate expressions on the 
same line)
e: file:///C:/Users/HP/Downloads/folder/app/src/main/java/com/asc/markets/ui/Ch
artActivity.kt:27:73 Expecting an element
e: file:///C:/Users/HP/Downloads/folder/app/src/main/java/com/asc/markets/ui/Ch
artActivity.kt:27:85 Unexpected tokens (use ';' to separate expressions on the 
same line)
e: file:///C:/Users/HP/Downloads/folder/app/src/main/java/com/asc/markets/ui/Ch
artActivity.kt:27:94 Expecting an element
e: file:///C:/Users/HP/Downloads/folder/app/src/main/java/com/asc/markets/ui/Ch
artActivity.kt:27:101 Unexpected tokens (use ';' to separate expressions on 
the same line)
e: file:///C:/Users/HP/Downloads/folder/app/src/main/java/com/asc/markets/ui/Ch
artActivity.kt:28:33 Expecting member declaration
e: file:///C:/Users/HP/Downloads/folder/app/src/main/java/com/asc/markets/ui/Ch
artActivity.kt:28:34 Expecting member declaration
e: file:///C:/Users/HP/Downloads/folder/app/src/main/java/com/asc/markets/ui/Ch
artActivity.kt:28:40 Expecting member declaration
e: file:///C:/Users/HP/Downloads/folder/app/src/main/java/com/asc/markets/ui/Ch
artActivity.kt:28:47 Unexpected tokens (use ';' to separate expressions on the 
same line)
e: file:///C:/Users/HP/Downloads/folder/app/src/main/java/com/asc/markets/ui/Ch
artActivity.kt:28:52 Expecting an element
e: file:///C:/Users/HP/Downloads/folder/app/src/main/java/com/asc/markets/ui/Ch
artActivity.kt:28:60 Unexpected tokens (use ';' to separate expressions on the 
same line)
e: file:///C:/Users/HP/Downloads/folder/app/src/main/java/com/asc/markets/ui/Ch
artActivity.kt:28:66 Expecting an element
e: file:///C:/Users/HP/Downloads/folder/app/src/main/java/com/asc/markets/ui/Ch
artActivity.kt:28:75 Unexpected tokens (use ';' to separate expressions on the 
same line)
e: file:///C:/Users/HP/Downloads/folder/app/src/main/java/com/asc/markets/ui/Ch
artActivity.kt:28:80 Expecting an element
e: file:///C:/Users/HP/Downloads/folder/app/src/main/java/com/asc/markets/ui/Ch
artActivity.kt:28:93 Unexpected tokens (use ';' to separate expressions on the 
same line)
e: file:///C:/Users/HP/Downloads/folder/app/src/main/java/com/asc/markets/ui/Ch
artActivity.kt:28:100 Expecting an element
e: file:///C:/Users/HP/Downloads/folder/app/src/main/java/com/asc/markets/ui/Ch
artActivity.kt:28:117 Unexpected tokens (use ';' to separate expressions on 
the same line)
e: file:///C:/Users/HP/Downloads/folder/app/src/main/java/com/asc/markets/ui/Ch
artActivity.kt:29:33 Expecting member declaration
e: file:///C:/Users/HP/Downloads/folder/app/src/main/java/com/asc/markets/ui/Ch
artActivity.kt:29:40 Expecting member declaration
e: file:///C:/Users/HP/Downloads/folder/app/src/main/java/com/asc/markets/ui/Ch
artActivity.kt:29:47 Unexpected tokens (use ';' to separate expressions on the 
same line)
e: file:///C:/Users/HP/Downloads/folder/app/src/main/java/com/asc/markets/ui/Ch
artActivity.kt:29:51 Expecting an element
e: file:///C:/Users/HP/Downloads/folder/app/src/main/java/com/asc/markets/ui/Ch
artActivity.kt:29:62 Unexpected tokens (use ';' to separate expressions on the 
same line)
e: file:///C:/Users/HP/Downloads/folder/app/src/main/java/com/asc/markets/ui/Ch
artActivity.kt:29:68 Expecting an element
e: file:///C:/Users/HP/Downloads/folder/app/src/main/java/com/asc/markets/ui/Ch
artActivity.kt:29:76 Unexpected tokens (use ';' to separate expressions on the 
same line)
e: file:///C:/Users/HP/Downloads/folder/app/src/main/java/com/asc/markets/ui/Ch
artActivity.kt:29:82 Expecting an element
e: file:///C:/Users/HP/Downloads/folder/app/src/main/java/com/asc/markets/ui/Ch
artActivity.kt:29:94 Unexpected tokens (use ';' to separate expressions on the 
same line)
e: file:///C:/Users/HP/Downloads/folder/app/src/main/java/com/asc/markets/ui/Ch
artActivity.kt:29:102 Expecting an element
e: file:///C:/Users/HP/Downloads/folder/app/src/main/java/com/asc/markets/ui/Ch
artActivity.kt:29:117 Unexpected tokens (use ';' to separate expressions on 
the same line)
e: file:///C:/Users/HP/Downloads/folder/app/src/main/java/com/asc/markets/ui/Ch
artActivity.kt:30:29 Expecting member declaration
e: file:///C:/Users/HP/Downloads/folder/app/src/main/java/com/asc/markets/ui/Ch
artActivity.kt:30:30 Expecting member declaration
e: file:///C:/Users/HP/Downloads/folder/app/src/main/java/com/asc/markets/ui/Ch
artActivity.kt:30:31 Expecting member declaration
e: file:///C:/Users/HP/Downloads/folder/app/src/main/java/com/asc/markets/ui/Ch
artActivity.kt:30:36 Expecting member declaration
e: file:///C:/Users/HP/Downloads/folder/app/src/main/java/com/asc/markets/ui/Ch
artActivity.kt:31:25 Expecting member declaration
e: file:///C:/Users/HP/Downloads/folder/app/src/main/java/com/asc/markets/ui/Ch
artActivity.kt:31:26 Expecting member declaration
e: file:///C:/Users/HP/Downloads/folder/app/src/main/java/com/asc/markets/ui/Ch
artActivity.kt:31:27 Expecting member declaration
e: file:///C:/Users/HP/Downloads/folder/app/src/main/java/com/asc/markets/ui/Ch
artActivity.kt:31:31 Expecting member declaration
e: file:///C:/Users/HP/Downloads/folder/app/src/main/java/com/asc/markets/ui/Ch
artActivity.kt:32:25 Expecting member declaration
e: file:///C:/Users/HP/Downloads/folder/app/src/main/java/com/asc/markets/ui/Ch
artActivity.kt:32:26 Expecting member declaration
e: file:///C:/Users/HP/Downloads/folder/app/src/main/java/com/asc/markets/ui/Ch
artActivity.kt:32:30 Expecting member declaration
e: file:///C:/Users/HP/Downloads/folder/app/src/main/java/com/asc/markets/ui/Ch
artActivity.kt:33:29 Expecting member declaration
e: file:///C:/Users/HP/Downloads/folder/app/src/main/java/com/asc/markets/ui/Ch
artActivity.kt:33:30 Expecting member declaration
e: file:///C:/Users/HP/Downloads/folder/app/src/main/java/com/asc/markets/ui/Ch
artActivity.kt:33:34 Expecting member declaration
e: file:///C:/Users/HP/Downloads/folder/app/src/main/java/com/asc/markets/ui/Ch
artActivity.kt:33:36 Expecting member declaration
e: file:///C:/Users/HP/Downloads/folder/app/src/main/java/com/asc/markets/ui/Ch
artActivity.kt:33:37 Expecting member declaration
e: file:///C:/Users/HP/Downloads/folder/app/src/main/java/com/asc/markets/ui/Ch
artActivity.kt:33:38 Expecting member declaration
e: file:///C:/Users/HP/Downloads/folder/app/src/main/java/com/asc/markets/ui/Ch
artActivity.kt:33:43 Expecting member declaration
e: file:///C:/Users/HP/Downloads/folder/app/src/main/java/com/asc/markets/ui/Ch
artActivity.kt:33:44 Expecting member declaration
e: file:///C:/Users/HP/Downloads/folder/app/src/main/java/com/asc/markets/ui/Ch
artActivity.kt:33:45 Expecting member declaration
e: file:///C:/Users/HP/Downloads/folder/app/src/main/java/com/asc/markets/ui/Ch
artActivity.kt:33:46 Expecting member declaration
e: file:///C:/Users/HP/Downloads/folder/app/src/main/java/com/asc/markets/ui/Ch
artActivity.kt:33:53 Expecting member declaration
e: file:///C:/Users/HP/Downloads/folder/app/src/main/java/com/asc/markets/ui/Ch
artActivity.kt:33:55 Expecting member declaration
e: file:///C:/Users/HP/Downloads/folder/app/src/main/java/com/asc/markets/ui/Ch
artActivity.kt:33:56 Expecting member declaration
e: file:///C:/Users/HP/Downloads/folder/app/src/main/java/com/asc/markets/ui/Ch
artActivity.kt:33:57 Expecting member declaration
e: file:///C:/Users/HP/Downloads/folder/app/src/main/java/com/asc/markets/ui/Ch
artActivity.kt:33:58 Expecting member declaration
e: file:///C:/Users/HP/Downloads/folder/app/src/main/java/com/asc/markets/ui/Ch
artActivity.kt:33:59 Expecting member declaration
e: file:///C:/Users/HP/Downloads/folder/app/src/main/java/com/asc/markets/ui/Ch
artActivity.kt:33:60 Expecting member declaration
e: file:///C:/Users/HP/Downloads/folder/app/src/main/java/com/asc/markets/ui/Ch
artActivity.kt:33:61 Expecting member declaration
e: file:///C:/Users/HP/Downloads/folder/app/src/main/java/com/asc/markets/ui/Ch
artActivity.kt:33:62 Expecting member declaration
e: file:///C:/Users/HP/Downloads/folder/app/src/main/java/com/asc/markets/ui/Ch
artActivity.kt:33:68 Expecting member declaration
e: file:///C:/Users/HP/Downloads/folder/app/src/main/java/com/asc/markets/ui/Ch
artActivity.kt:33:69 Expecting member declaration
e: file:///C:/Users/HP/Downloads/folder/app/src/main/java/com/asc/markets/ui/Ch
artActivity.kt:33:70 Expecting member declaration
e: file:///C:/Users/HP/Downloads/folder/app/src/main/java/com/asc/markets/ui/Ch
artActivity.kt:33:71 Expecting member declaration
e: file:///C:/Users/HP/Downloads/folder/app/src/main/java/com/asc/markets/ui/Ch
artActivity.kt:33:74 Expecting member declaration
e: file:///C:/Users/HP/Downloads/folder/app/src/main/java/com/asc/markets/ui/Ch
artActivity.kt:34:29 Expecting member declaration
e: file:///C:/Users/HP/Downloads/folder/app/src/main/java/com/asc/markets/ui/Ch
artActivity.kt:34:30 Expecting member declaration
e: file:///C:/Users/HP/Downloads/folder/app/src/main/java/com/asc/markets/ui/Ch
artActivity.kt:34:36 Expecting member declaration
e: file:///C:/Users/HP/Downloads/folder/app/src/main/java/com/asc/markets/ui/Ch
artActivity.kt:36:39 Expecting member declaration
e: file:///C:/Users/HP/Downloads/folder/app/src/main/java/com/asc/markets/ui/Ch
artActivity.kt:36:46 Expecting member declaration
e: file:///C:/Users/HP/Downloads/folder/app/src/main/java/com/asc/markets/ui/Ch
artActivity.kt:36:48 Expecting member declaration
e: file:///C:/Users/HP/Downloads/folder/app/src/main/java/com/asc/markets/ui/Ch
artActivity.kt:36:56 Expecting member declaration
e: file:///C:/Users/HP/Downloads/folder/app/src/main/java/com/asc/markets/ui/Ch
artActivity.kt:36:57 Expecting member declaration
e: file:///C:/Users/HP/Downloads/folder/app/src/main/java/com/asc/markets/ui/Ch
artActivity.kt:36:71 Expecting member declaration
e: file:///C:/Users/HP/Downloads/folder/app/src/main/java/com/asc/markets/ui/Ch
artActivity.kt:36:72 Expecting member declaration
e: file:///C:/Users/HP/Downloads/folder/app/src/main/java/com/asc/markets/ui/Ch
artActivity.kt:36:75 Expecting member declaration
e: file:///C:/Users/HP/Downloads/folder/app/src/main/java/com/asc/markets/ui/Ch
artActivity.kt:37:39 Expecting member declaration
e: file:///C:/Users/HP/Downloads/folder/app/src/main/java/com/asc/markets/ui/Ch
artActivity.kt:37:43 Expecting member declaration
e: file:///C:/Users/HP/Downloads/folder/app/src/main/java/com/asc/markets/ui/Ch
artActivity.kt:37:45 Expecting member declaration
e: file:///C:/Users/HP/Downloads/folder/app/src/main/java/com/asc/markets/ui/Ch
artActivity.kt:37:51 Expecting member declaration
e: file:///C:/Users/HP/Downloads/folder/app/src/main/java/com/asc/markets/ui/Ch
artActivity.kt:37:52 Expecting member declaration
e: file:///C:/Users/HP/Downloads/folder/app/src/main/java/com/asc/markets/ui/Ch
artActivity.kt:37:62 Expecting member declaration
e: file:///C:/Users/HP/Downloads/folder/app/src/main/java/com/asc/markets/ui/Ch
artActivity.kt:37:63 Expecting member declaration
e: file:///C:/Users/HP/Downloads/folder/app/src/main/java/com/asc/markets/ui/Ch
artActivity.kt:37:67 Expecting member declaration
e: file:///C:/Users/HP/Downloads/folder/app/src/main/java/com/asc/markets/ui/Ch
artActivity.kt:38:39 Expecting member declaration
e: file:///C:/Users/HP/Downloads/folder/app/src/main/java/com/asc/markets/ui/Ch
artActivity.kt:38:43 Expecting member declaration
e: file:///C:/Users/HP/Downloads/folder/app/src/main/java/com/asc/markets/ui/Ch
artActivity.kt:38:45 Expecting member declaration
e: file:///C:/Users/HP/Downloads/folder/app/src/main/java/com/asc/markets/ui/Ch
artActivity.kt:38:51 Expecting member declaration
e: file:///C:/Users/HP/Downloads/folder/app/src/main/java/com/asc/markets/ui/Ch
artActivity.kt:38:52 Expecting member declaration
e: file:///C:/Users/HP/Downloads/folder/app/src/main/java/com/asc/markets/ui/Ch
artActivity.kt:38:69 Expecting member declaration
e: file:///C:/Users/HP/Downloads/folder/app/src/main/java/com/asc/markets/ui/Ch
artActivity.kt:38:72 Expecting member declaration
e: file:///C:/Users/HP/Downloads/folder/app/src/main/java/com/asc/markets/ui/Ch
artActivity.kt:39:33 Expecting member declaration
e: file:///C:/Users/HP/Downloads/folder/app/src/main/java/com/asc/markets/ui/Ch
artActivity.kt:39:42 Expecting member declaration
e: file:///C:/Users/HP/Downloads/folder/app/src/main/java/com/asc/markets/ui/Ch
artActivity.kt:39:48 Expecting member declaration
e: file:///C:/Users/HP/Downloads/folder/app/src/main/java/com/asc/markets/ui/Ch
artActivity.kt:39:49 Expecting member declaration
e: file:///C:/Users/HP/Downloads/folder/app/src/main/java/com/asc/markets/ui/Ch
artActivity.kt:39:50 Expecting member declaration
e: file:///C:/Users/HP/Downloads/folder/app/src/main/java/com/asc/markets/ui/Ch
artActivity.kt:40:48 Expecting an element
e: file:///C:/Users/HP/Downloads/folder/app/src/main/java/com/asc/markets/ui/Ch
artActivity.kt:40:56 Expecting an element
e: file:///C:/Users/HP/Downloads/folder/app/src/main/java/com/asc/markets/ui/Ch
artActivity.kt:40:79 Expecting an expression
e: file:///C:/Users/HP/Downloads/folder/app/src/main/java/com/asc/markets/ui/Ch
artActivity.kt:47:44 Expecting member declaration
e: file:///C:/Users/HP/Downloads/folder/app/src/main/java/com/asc/markets/ui/Ch
artActivity.kt:47:46 Expecting member declaration
e: file:///C:/Users/HP/Downloads/folder/app/src/main/java/com/asc/markets/ui/Ch
artActivity.kt:47:51 Expecting member declaration
e: file:///C:/Users/HP/Downloads/folder/app/src/main/java/com/asc/markets/ui/Ch
artActivity.kt:47:52 Expecting member declaration
e: file:///C:/Users/HP/Downloads/folder/app/src/main/java/com/asc/markets/ui/Ch
artActivity.kt:47:56 Expecting member declaration
e: file:///C:/Users/HP/Downloads/folder/app/src/main/java/com/asc/markets/ui/Ch
artActivity.kt:47:57 Expecting member declaration
e: file:///C:/Users/HP/Downloads/folder/app/src/main/java/com/asc/markets/ui/Ch
artActivity.kt:47:64 Unexpected tokens (use ';' to separate expressions on the 
same line)
e: file:///C:/Users/HP/Downloads/folder/app/src/main/java/com/asc/markets/ui/Ch
artActivity.kt:47:68 Expecting member declaration
e: file:///C:/Users/HP/Downloads/folder/app/src/main/java/com/asc/markets/ui/Ch
artActivity.kt:47:70 Expecting member declaration
e: file:///C:/Users/HP/Downloads/folder/app/src/main/java/com/asc/markets/ui/Ch
artActivity.kt:47:71 Expecting member declaration
e: file:///C:/Users/HP/Downloads/folder/app/src/main/java/com/asc/markets/ui/Ch
artActivity.kt:47:72 Expecting member declaration
e: file:///C:/Users/HP/Downloads/folder/app/src/main/java/com/asc/markets/ui/Ch
artActivity.kt:47:73 Expecting member declaration
e: file:///C:/Users/HP/Downloads/folder/app/src/main/java/com/asc/markets/ui/Ch
artActivity.kt:47:74 Expecting member declaration
e: file:///C:/Users/HP/Downloads/folder/app/src/main/java/com/asc/markets/ui/Ch
artActivity.kt:47:75 Expecting member declaration
e: file:///C:/Users/HP/Downloads/folder/app/src/main/java/com/asc/markets/ui/Ch
artActivity.kt:47:77 Expecting member declaration
e: file:///C:/Users/HP/Downloads/folder/app/src/main/java/com/asc/markets/ui/Ch
artActivity.kt:47:78 Expecting member declaration
e: file:///C:/Users/HP/Downloads/folder/app/src/main/java/com/asc/markets/ui/Ch
artActivity.kt:47:80 Unexpected tokens (use ';' to separate expressions on the 
same line)
e: file:///C:/Users/HP/Downloads/folder/app/src/main/java/com/asc/markets/ui/Ch
artActivity.kt:47:135 Expecting member declaration
e: file:///C:/Users/HP/Downloads/folder/app/src/main/java/com/asc/markets/ui/Ch
artActivity.kt:47:136 Expecting member declaration
e: file:///C:/Users/HP/Downloads/folder/app/src/main/java/com/asc/markets/ui/Ch
artActivity.kt:49:33 Expecting member declaration
e: file:///C:/Users/HP/Downloads/folder/app/src/main/java/com/asc/markets/ui/Ch
artActivity.kt:49:42 Expecting member declaration
e: file:///C:/Users/HP/Downloads/folder/app/src/main/java/com/asc/markets/ui/Ch
artActivity.kt:49:46 Expecting member declaration
e: file:///C:/Users/HP/Downloads/folder/app/src/main/java/com/asc/markets/ui/Ch
artActivity.kt:49:47 Expecting member declaration
e: file:///C:/Users/HP/Downloads/folder/app/src/main/java/com/asc/markets/ui/Ch
artActivity.kt:49:48 Expecting member declaration
e: file:///C:/Users/HP/Downloads/folder/app/src/main/java/com/asc/markets/ui/Ch
artActivity.kt:50:45 Expecting an element
e: file:///C:/Users/HP/Downloads/folder/app/src/main/java/com/asc/markets/ui/Ch
artActivity.kt:50:53 Expecting an element
e: file:///C:/Users/HP/Downloads/folder/app/src/main/java/com/asc/markets/ui/Ch
artActivity.kt:50:65 Expecting an element
e: file:///C:/Users/HP/Downloads/folder/app/src/main/java/com/asc/markets/ui/Ch
artActivity.kt:50:75 Expecting an element
e: file:///C:/Users/HP/Downloads/folder/app/src/main/java/com/asc/markets/ui/Ch
artActivity.kt:50:83 Expecting an element
e: file:///C:/Users/HP/Downloads/folder/app/src/main/java/com/asc/markets/ui/Ch
artActivity.kt:50:96 Expecting an element
e: file:///C:/Users/HP/Downloads/folder/app/src/main/java/com/asc/markets/ui/Ch
artActivity.kt:54:45 Expecting 'in'
e: file:///C:/Users/HP/Downloads/folder/app/src/main/java/com/asc/markets/ui/Ch
artActivity.kt:54:46 Expecting ')'
e: file:///C:/Users/HP/Downloads/folder/app/src/main/java/com/asc/markets/ui/Ch
artActivity.kt:54:57 Unexpected tokens (use ';' to separate expressions on the 
same line)
e: file:///C:/Users/HP/Downloads/folder/app/src/main/java/com/asc/markets/ui/Ch
artActivity.kt:57:52 Expecting ')'
e: file:///C:/Users/HP/Downloads/folder/app/src/main/java/com/asc/markets/ui/Ch
artActivity.kt:57:55 Unexpected tokens (use ';' to separate expressions on the 
same line)
e: file:///C:/Users/HP/Downloads/folder/app/src/main/java/com/asc/markets/ui/Ch
artActivity.kt:58:50 Expecting an element
e: file:///C:/Users/HP/Downloads/folder/app/src/main/java/com/asc/markets/ui/Ch
artActivity.kt:59:50 Expecting an element
e: file:///C:/Users/HP/Downloads/folder/app/src/main/java/com/asc/markets/ui/Ch
artActivity.kt:61:38 Unexpected tokens (use ';' to separate expressions on the 
same line)
e: file:///C:/Users/HP/Downloads/folder/app/src/main/java/com/asc/markets/ui/Ch
artActivity.kt:61:39 Expecting an element
e: file:///C:/Users/HP/Downloads/folder/app/src/main/java/com/asc/markets/ui/Ch
artActivity.kt:67:33 Expecting member declaration
e: file:///C:/Users/HP/Downloads/folder/app/src/main/java/com/asc/markets/ui/Ch
artActivity.kt:67:39 Expecting member declaration
e: file:///C:/Users/HP/Downloads/folder/app/src/main/java/com/asc/markets/ui/Ch
artActivity.kt:67:40 Expecting member declaration
e: file:///C:/Users/HP/Downloads/folder/app/src/main/java/com/asc/markets/ui/Ch
artActivity.kt:67:56 Expecting member declaration
e: file:///C:/Users/HP/Downloads/folder/app/src/main/java/com/asc/markets/ui/Ch
artActivity.kt:67:57 Expecting member declaration
e: file:///C:/Users/HP/Downloads/folder/app/src/main/java/com/asc/markets/ui/Ch
artActivity.kt:67:65 Expecting member declaration
e: file:///C:/Users/HP/Downloads/folder/app/src/main/java/com/asc/markets/ui/Ch
artActivity.kt:67:67 Expecting member declaration
e: file:///C:/Users/HP/Downloads/folder/app/src/main/java/com/asc/markets/ui/Ch
artActivity.kt:67:73 Expecting member declaration
e: file:///C:/Users/HP/Downloads/folder/app/src/main/java/com/asc/markets/ui/Ch
artActivity.kt:68:33 Expecting member declaration
e: file:///C:/Users/HP/Downloads/folder/app/src/main/java/com/asc/markets/ui/Ch
artActivity.kt:68:43 Expecting member declaration
e: file:///C:/Users/HP/Downloads/folder/app/src/main/java/com/asc/markets/ui/Ch
artActivity.kt:68:44 Expecting member declaration
e: file:///C:/Users/HP/Downloads/folder/app/src/main/java/com/asc/markets/ui/Ch
artActivity.kt:68:50 Expecting member declaration
e: file:///C:/Users/HP/Downloads/folder/app/src/main/java/com/asc/markets/ui/Ch
artActivity.kt:68:51 Expecting member declaration
e: file:///C:/Users/HP/Downloads/folder/app/src/main/java/com/asc/markets/ui/Ch
artActivity.kt:68:53 Expecting member declaration
e: file:///C:/Users/HP/Downloads/folder/app/src/main/java/com/asc/markets/ui/Ch
artActivity.kt:69:29 Expecting member declaration
e: file:///C:/Users/HP/Downloads/folder/app/src/main/java/com/asc/markets/ui/Ch
artActivity.kt:69:30 Expecting member declaration
e: file:///C:/Users/HP/Downloads/folder/app/src/main/java/com/asc/markets/ui/Ch
artActivity.kt:69:31 Expecting member declaration
e: file:///C:/Users/HP/Downloads/folder/app/src/main/java/com/asc/markets/ui/Ch
artActivity.kt:69:37 Expecting member declaration
e: file:///C:/Users/HP/Downloads/folder/app/src/main/java/com/asc/markets/ui/Ch
artActivity.kt:70:25 Expecting member declaration
e: file:///C:/Users/HP/Downloads/folder/app/src/main/java/com/asc/markets/ui/Ch
artActivity.kt:70:26 Expecting member declaration
e: file:///C:/Users/HP/Downloads/folder/app/src/main/java/com/asc/markets/ui/Ch
artActivity.kt:70:27 Expecting member declaration
e: file:///C:/Users/HP/Downloads/folder/app/src/main/java/com/asc/markets/ui/Ch
artActivity.kt:70:31 Expecting member declaration
e: file:///C:/Users/HP/Downloads/folder/app/src/main/java/com/asc/markets/ui/Ch
artActivity.kt:71:25 Expecting member declaration
e: file:///C:/Users/HP/Downloads/folder/app/src/main/java/com/asc/markets/ui/Ch
artActivity.kt:71:26 Expecting member declaration
e: file:///C:/Users/HP/Downloads/folder/app/src/main/java/com/asc/markets/ui/Ch
artActivity.kt:71:27 Expecting member declaration
e: file:///C:/Users/HP/Downloads/folder/app/src/main/java/com/asc/markets/ui/Ch
artActivity.kt:71:31 Expecting member declaration
e: file:///C:/Users/HP/Downloads/folder/app/src/main/java/com/asc/markets/ui/Ch
artActivity.kt:72:17 Expecting member declaration
e: file:///C:/Users/HP/Downloads/folder/app/src/main/java/com/asc/markets/ui/Ch
artActivity.kt:72:20 Expecting member declaration
e: file:///C:/Users/HP/Downloads/folder/app/src/main/java/com/asc/markets/ui/Ch
artActivity.kt:72:33 Expecting member declaration
e: file:///C:/Users/HP/Downloads/folder/app/src/main/java/com/asc/markets/ui/Ch
artActivity.kt:73:1 Expecting member declaration
e: file:///C:/Users/HP/Downloads/folder/app/src/main/java/com/asc/markets/ui/Ch
artActivity.kt:73:10 Expecting member declaration
e: file:///C:/Users/HP/Downloads/folder/app/src/main/java/com/asc/markets/ui/Ch
artActivity.kt:74:1 Expecting member declaration
e: file:///C:/Users/HP/Downloads/folder/app/src/main/java/com/asc/markets/ui/Ch
artActivity.kt:75:1 Expecting member declaration
e: file:///C:/Users/HP/Downloads/folder/app/src/main/java/com/asc/markets/ui/Ch
artActivity.kt:75:35 Expecting member declaration
e: file:///C:/Users/HP/Downloads/folder/app/src/main/java/com/asc/markets/ui/Ch
artActivity.kt:76:1 Expecting member declaration
e: file:///C:/Users/HP/Downloads/folder/app/src/main/java/com/asc/markets/ui/Ch
artActivity.kt:76:35 Expecting member declaration
e: file:///C:/Users/HP/Downloads/folder/app/src/main/java/com/asc/markets/ui/Ch
artActivity.kt:77:1 Expecting member declaration
e: file:///C:/Users/HP/Downloads/folder/app/src/main/java/com/asc/markets/ui/Ch
artActivity.kt:77:29 Expecting member declaration
e: file:///C:/Users/HP/Downloads/folder/app/src/main/java/com/asc/markets/ui/Ch
artActivity.kt:78:1 Expecting member declaration
e: file:///C:/Users/HP/Downloads/folder/app/src/main/java/com/asc/markets/ui/Ch
artActivity.kt:78:17 Expecting member declaration
e: file:///C:/Users/HP/Downloads/folder/app/src/main/java/com/asc/markets/ui/Ch
artActivity.kt:79:1 Expecting member declaration
e: file:///C:/Users/HP/Downloads/folder/app/src/main/java/com/asc/markets/ui/Ch
artActivity.kt:79:34 Expecting member declaration
e: file:///C:/Users/HP/Downloads/folder/app/src/main/java/com/asc/markets/ui/Ch
artActivity.kt:80:1 Expecting member declaration
e: file:///C:/Users/HP/Downloads/folder/app/src/main/java/com/asc/markets/ui/Ch
artActivity.kt:80:10 Expecting member declaration
e: file:///C:/Users/HP/Downloads/folder/app/src/main/java/com/asc/markets/ui/Ch
artActivity.kt:81:1 Expecting member declaration
e: file:///C:/Users/HP/Downloads/folder/app/src/main/java/com/asc/markets/ui/Ch
artActivity.kt:81:6 Expecting member declaration
e: file:///C:/Users/HP/Downloads/folder/app/src/main/java/com/asc/markets/ui/Ch
artActivity.kt:82:1 Expecting member declaration
e: file:///C:/Users/HP/Downloads/folder/app/src/main/java/com/asc/markets/ui/Ch
artActivity.kt:82:2 Expecting member declaration
e: file:///C:/Users/HP/Downloads/folder/app/src/main/java/com/asc/markets/ui/Ch
artActivity.kt:83:1 Missing '}

> Task :app:kaptGenerateStubsDebugKotlin FAILED

FAILURE: Build failed with an exception.

* What went wrong:
Execution failed for task ':app:kaptGenerateStubsDebugKotlin'.
> A failure occurred while executing org.jetbrains.kotlin.compilerRunner.Gradle
CompilerRunnerWithWorkers$GradleKotlinCompilerWorkAction
   > Compilation error. See log for more details

* Try:
> Run with --stacktrace option to get the stack trace.
> Run with --info or --debug option to get more log output.
> Run with --scan to get full insights.
> Get more help at https://help.gradle.org.

BUILD FAILED in 4m 5s
29 actionable tasks: 1 executed, 28 up-to-date
