To honour the JVM settings for this build a single-use Daemon process will be forked. For more on this, please refer to https://docs.gradle.org/8.13/userguide/gradle_daemon.html#sec:disabling_the_daemon in the Gradle documentation.
Daemon will be stopped at the end of the build 
> Task :app:preBuild UP-TO-DATE
> Task :app:preDebugBuild UP-TO-DATE
> Task :app:mergeDebugNativeDebugMetadata NO-SOURCE
> Task :app:checkKotlinGradlePluginConfigurationErrors SKIPPED
> Task :app:generateDebugBuildConfig UP-TO-DATE
> Task :app:checkDebugAarMetadata UP-TO-DATE
> Task :app:generateDebugResValues UP-TO-DATE
> Task :app:mapDebugSourceSetPaths UP-TO-DATE
> Task :app:generateDebugResources UP-TO-DATE
> Task :app:mergeDebugResources UP-TO-DATE
> Task :app:packageDebugResources UP-TO-DATE
> Task :app:parseDebugLocalResources UP-TO-DATE
> Task :app:createDebugCompatibleScreenManifests UP-TO-DATE
> Task :app:extractDeepLinksDebug UP-TO-DATE
> Task :app:processDebugMainManifest UP-TO-DATE
> Task :app:processDebugManifest UP-TO-DATE
> Task :app:processDebugManifestForPackage UP-TO-DATE
> Task :app:processDebugResources UP-TO-DATE
> Task :app:javaPreCompileDebug UP-TO-DATE
> Task :app:mergeDebugShaders UP-TO-DATE
> Task :app:compileDebugShaders NO-SOURCE
> Task :app:generateDebugAssets UP-TO-DATE
> Task :app:mergeDebugAssets UP-TO-DATE
> Task :app:compressDebugAssets UP-TO-DATE
> Task :app:checkDebugDuplicateClasses UP-TO-DATE
> Task :app:desugarDebugFileDependencies UP-TO-DATE
> Task :app:mergeExtDexDebug UP-TO-DATE
> Task :app:mergeLibDexDebug UP-TO-DATE
> Task :app:mergeDebugJniLibFolders UP-TO-DATE
> Task :app:mergeDebugNativeLibs NO-SOURCE
> Task :app:stripDebugDebugSymbols NO-SOURCE
> Task :app:validateSigningDebug UP-TO-DATE
> Task :app:writeDebugAppMetadata UP-TO-DATE
> Task :app:writeDebugSigningConfigVersions UP-TO-DATE

> Task :app:kaptGenerateStubsDebugKotlin
w: Kapt currently doesn't support language version 2.0+. Falling back to 1.9.

> Task :app:kaptDebugKotlin
C:\Users\HP\Downloads\folder\app\build\tmp\kapt3\stubs\debug\com\asc\markets\data\trade\AppDatabase.java:5: warning: Schema export directory was not provided to the annotation processor so Room cannot export the schema. You can either provide `room.schemaLocation` annotation processor argument by applying the Room Gradle plugin (id 'androidx.room') OR set exportSchema to false.
public abstract class AppDatabase extends androidx.room.RoomDatabase {
                ^

> Task :app:compileDebugKotlin
./gradlew : e: file:///C:/Users/HP/Downloads/folder/app/src/main/java/com/asc/m
arkets/ui/screens/trade_dashboard/ui/QuantumTradeApp.kt:81:39 Argument type 
mismatch: actual type is 
'kotlin.collections.List<com.quantumtrade.model.Position>', but 
'kotlin.collections.List<com.quantumtrade.ui.components.RiskInfo>' was 
expected.
At line:1 char:1
+ ./gradlew assembleDebug -x test --no-daemon 2>&1 | Tee-Object -FilePa ...
+ ~~~~~~~~~~~~~~~~~~~~~~~~~~~~~~~~~~~~~~~~~~~~~~~~
    + CategoryInfo          : NotSpecified: (e: file:///C:/U...' was expected. 
   :String) [], RemoteException
    + FullyQualifiedErrorId : NativeCommandError
 
e: file:///C:/Users/HP/Downloads/folder/app/src/main/java/com/asc/markets/ui/sc
reens/trade_dashboard/ui/QuantumTradeApp.kt:149:66 No parameter with name 
'modifier' found.
e: file:///C:/Users/HP/Downloads/folder/app/src/main/java/com/asc/markets/ui/sc
reens/trade_dashboard/ui/components/AIAdvisoryPanel.kt:56:28 Unresolved 
reference 'Blue400'.
e: file:///C:/Users/HP/Downloads/folder/app/src/main/java/com/asc/markets/ui/sc
reens/trade_dashboard/ui/components/AIAdvisoryPanel.kt:71:49 Unresolved 
reference 'Amber500'.
e: file:///C:/Users/HP/Downloads/folder/app/src/main/java/com/asc/markets/ui/sc
reens/trade_dashboard/ui/components/AIAdvisoryPanel.kt:80:49 Unresolved 
reference 'Amber500'.
e: file:///C:/Users/HP/Downloads/folder/app/src/main/java/com/asc/markets/ui/sc
reens/trade_dashboard/ui/components/AIAdvisoryPanel.kt:91:45 Unresolved 
reference 'Amber500'.
e: file:///C:/Users/HP/Downloads/folder/app/src/main/java/com/asc/markets/ui/sc
reens/trade_dashboard/ui/components/AIAdvisoryPanel.kt:105:29 Unresolved 
reference 'Zinc900'.
e: file:///C:/Users/HP/Downloads/folder/app/src/main/java/com/asc/markets/ui/sc
reens/trade_dashboard/ui/components/AIAdvisoryPanel.kt:148:33 Unresolved 
reference 'Blue400'.
e: file:///C:/Users/HP/Downloads/folder/app/src/main/java/com/asc/markets/ui/sc
reens/trade_dashboard/ui/components/AIAdvisoryPanel.kt:219:35 Unresolved 
reference 'Zinc900'.
e: file:///C:/Users/HP/Downloads/folder/app/src/main/java/com/asc/markets/ui/sc
reens/trade_dashboard/ui/components/AIMarketIntelligence.kt:8:47 Unresolved 
reference 'Activity'.
e: file:///C:/Users/HP/Downloads/folder/app/src/main/java/com/asc/markets/ui/sc
reens/trade_dashboard/ui/components/AIMarketIntelligence.kt:13:47 Unresolved 
reference 'Zap'.
e: file:///C:/Users/HP/Downloads/folder/app/src/main/java/com/asc/markets/ui/sc
reens/trade_dashboard/ui/components/AIMarketIntelligence.kt:110:32 Unresolved 
reference 'Warning'.
e: file:///C:/Users/HP/Downloads/folder/app/src/main/java/com/asc/markets/ui/sc
reens/trade_dashboard/ui/components/AIMarketIntelligence.kt:127:29 Unresolved 
reference 'Zinc900'.
e: file:///C:/Users/HP/Downloads/folder/app/src/main/java/com/asc/markets/ui/sc
reens/trade_dashboard/ui/components/AIMarketIntelligence.kt:161:25 Unresolved 
reference 'Zinc900'.
e: file:///C:/Users/HP/Downloads/folder/app/src/main/java/com/asc/markets/ui/sc
reens/trade_dashboard/ui/components/AIMarketIntelligence.kt:202:25 Unresolved 
reference 'Zinc900'.
e: file:///C:/Users/HP/Downloads/folder/app/src/main/java/com/asc/markets/ui/sc
reens/trade_dashboard/ui/components/AIMarketIntelligence.kt:206:28 Unresolved 
reference 'Zinc400'.
e: file:///C:/Users/HP/Downloads/folder/app/src/main/java/com/asc/markets/ui/sc
reens/trade_dashboard/ui/components/AISettingsDialog.kt:55:22 Unresolved 
reference 'maxHeight'.
e: file:///C:/Users/HP/Downloads/folder/app/src/main/java/com/asc/markets/ui/sc
reens/trade_dashboard/ui/components/AISettingsDialog.kt:57:67 Unresolved 
reference 'Zinc900'.
e: file:///C:/Users/HP/Downloads/folder/app/src/main/java/com/asc/markets/ui/sc
reens/trade_dashboard/ui/components/AISettingsDialog.kt:78:89 Unresolved 
reference 'Zinc400'.
e: file:///C:/Users/HP/Downloads/folder/app/src/main/java/com/asc/markets/ui/sc
reens/trade_dashboard/ui/components/AISettingsDialog.kt:91:89 Unresolved 
reference 'Target'.
e: file:///C:/Users/HP/Downloads/folder/app/src/main/java/com/asc/markets/ui/sc
reens/trade_dashboard/ui/components/AISettingsDialog.kt:134:58 Unresolved 
reference 'Zinc400'.
e: file:///C:/Users/HP/Downloads/folder/app/src/main/java/com/asc/markets/ui/sc
reens/trade_dashboard/ui/components/AISettingsPanel.kt:65:49 Unresolved 
reference 'OpenInNew'.
e: file:///C:/Users/HP/Downloads/folder/app/src/main/java/com/asc/markets/ui/sc
reens/trade_dashboard/ui/components/AISettingsPanel.kt:96:25 Unresolved 
reference 'Zinc400'.
e: file:///C:/Users/HP/Downloads/folder/app/src/main/java/com/asc/markets/ui/sc
reens/trade_dashboard/ui/components/AccountSummary.kt:9:47 Unresolved 
reference 'Activity'.
e: file:///C:/Users/HP/Downloads/folder/app/src/main/java/com/asc/markets/ui/sc
reens/trade_dashboard/ui/components/AccountSummary.kt:22:28 Packages cannot be 
imported.
e: file:///C:/Users/HP/Downloads/folder/app/src/main/java/com/asc/markets/ui/sc
reens/trade_dashboard/ui/components/AccountSummary.kt:39:14 Unresolved 
reference 'border'.
e: file:///C:/Users/HP/Downloads/folder/app/src/main/java/com/asc/markets/ui/sc
reens/trade_dashboard/ui/components/AccountSummary.kt:78:110 Unresolved 
reference 'Rose500'.
e: file:///C:/Users/HP/Downloads/folder/app/src/main/java/com/asc/markets/ui/sc
reens/trade_dashboard/ui/components/AccountSummary.kt:121:38 Unresolved 
reference 'Activity'.
e: file:///C:/Users/HP/Downloads/folder/app/src/main/java/com/asc/markets/ui/sc
reens/trade_dashboard/ui/components/CandlestickChart.kt:91:9 Unresolved 
reference 'Text'.
e: file:///C:/Users/HP/Downloads/folder/app/src/main/java/com/asc/markets/ui/sc
reens/trade_dashboard/ui/components/CandlestickChart.kt:94:27 Unresolved 
reference 'sp'.
e: file:///C:/Users/HP/Downloads/folder/app/src/main/java/com/asc/markets/ui/sc
reens/trade_dashboard/ui/components/CandlestickChart.kt:95:26 Unresolved 
reference 'FontWeight'.
e: file:///C:/Users/HP/Downloads/folder/app/src/main/java/com/asc/markets/ui/sc
reens/trade_dashboard/ui/components/CustomAlertsManager.kt:131:42 Unresolved 
reference 'BorderStroke'.
e: file:///C:/Users/HP/Downloads/folder/app/src/main/java/com/asc/markets/ui/sc
reens/trade_dashboard/ui/components/CustomAlertsManager.kt:172:69 Unresolved 
reference 'Zinc700'.
e: file:///C:/Users/HP/Downloads/folder/app/src/main/java/com/asc/markets/ui/sc
reens/trade_dashboard/ui/components/CustomAlertsManager.kt:179:33 No parameter 
with name 'textColor' found.
e: file:///C:/Users/HP/Downloads/folder/app/src/main/java/com/asc/markets/ui/sc
reens/trade_dashboard/ui/components/CustomAlertsManager.kt:200:29 No parameter 
with name 'textColor' found.
e: file:///C:/Users/HP/Downloads/folder/app/src/main/java/com/asc/markets/ui/sc
reens/trade_dashboard/ui/components/CustomAlertsManager.kt:250:33 Unresolved 
reference 'Zinc700'.
e: file:///C:/Users/HP/Downloads/folder/app/src/main/java/com/asc/markets/ui/sc
reens/trade_dashboard/ui/components/DashboardHeader.kt:8:47 Unresolved 
reference 'Activity'.
e: file:///C:/Users/HP/Downloads/folder/app/src/main/java/com/asc/markets/ui/sc
reens/trade_dashboard/ui/components/DashboardHeader.kt:9:47 Unresolved 
reference 'ChevronDown'.
e: file:///C:/Users/HP/Downloads/folder/app/src/main/java/com/asc/markets/ui/sc
reens/trade_dashboard/ui/components/DashboardHeader.kt:48:33 Unresolved 
reference 'clickable'.
e: file:///C:/Users/HP/Downloads/folder/app/src/main/java/com/asc/markets/ui/sc
reens/trade_dashboard/ui/components/DashboardHeader.kt:58:40 Unresolved 
reference 'ChevronDown'.
e: file:///C:/Users/HP/Downloads/folder/app/src/main/java/com/asc/markets/ui/sc
reens/trade_dashboard/ui/components/EconomicCalendar.kt:93:45 Unresolved 
reference 'Zinc400'.
e: file:///C:/Users/HP/Downloads/folder/app/src/main/java/com/asc/markets/ui/sc
reens/trade_dashboard/ui/components/EconomicCalendar.kt:97:34 Unresolved 
reference 'Amber500'.
e: file:///C:/Users/HP/Downloads/folder/app/src/main/java/com/asc/markets/ui/sc
reens/trade_dashboard/ui/components/EconomicCalendar.kt:119:106 Unresolved 
reference 'Zinc700'.
e: file:///C:/Users/HP/Downloads/folder/app/src/main/java/com/asc/markets/ui/sc
reens/trade_dashboard/ui/components/EconomicCalendar.kt:120:71 Unresolved 
reference 'Zinc400'.
e: file:///C:/Users/HP/Downloads/folder/app/src/main/java/com/asc/markets/ui/sc
reens/trade_dashboard/ui/components/EconomicCalendar.kt:121:71 Unresolved 
reference 'Zinc400'.
e: file:///C:/Users/HP/Downloads/folder/app/src/main/java/com/asc/markets/ui/sc
reens/trade_dashboard/ui/components/PositionsTable.kt:124:14 None of the 
following candidates is applicable:
fun Modifier.border(border: BorderStroke, shape: Shape = ...): Modifier
fun Modifier.border(width: Dp, brush: Brush, shape: Shape): Modifier
fun Modifier.border(width: Dp, color: Color, shape: Shape = ...): Modifier
e: file:///C:/Users/HP/Downloads/folder/app/src/main/java/com/asc/markets/ui/sc
reens/trade_dashboard/ui/components/PositionsTable.kt:162:103 Unresolved 
reference 'Rose400'.
e: file:///C:/Users/HP/Downloads/folder/app/src/main/java/com/asc/markets/ui/sc
reens/trade_dashboard/ui/components/PositionsTable.kt:170:112 Unresolved 
reference 'Amber500'.
e: file:///C:/Users/HP/Downloads/folder/app/src/main/java/com/asc/markets/ui/sc
reens/trade_dashboard/ui/components/PositionsTable.kt:175:72 Unresolved 
reference 'Amber500'.
e: file:///C:/Users/HP/Downloads/folder/app/src/main/java/com/asc/markets/ui/sc
reens/trade_dashboard/ui/components/PositionsTable.kt:200:75 Unresolved 
reference 'Amber500'.
e: file:///C:/Users/HP/Downloads/folder/app/src/main/java/com/asc/markets/ui/sc
reens/trade_dashboard/ui/components/PriceCard.kt:35:43 Unresolved reference 
'Zinc800'.
e: file:///C:/Users/HP/Downloads/folder/app/src/main/java/com/asc/markets/ui/sc
reens/trade_dashboard/ui/components/PriceCard.kt:48:64 Unresolved reference 
'Zinc800'.
e: file:///C:/Users/HP/Downloads/folder/app/src/main/java/com/asc/markets/ui/sc
reens/trade_dashboard/ui/components/PriceCard.kt:61:80 Unresolved reference 
'Rose500'.
e: file:///C:/Users/HP/Downloads/folder/app/src/main/java/com/asc/markets/ui/sc
reens/trade_dashboard/ui/components/PriceCard.kt:71:64 Unresolved reference 
'Rose500'.
e: file:///C:/Users/HP/Downloads/folder/app/src/main/java/com/asc/markets/ui/sc
reens/trade_dashboard/ui/components/PriceCard.kt:76:65 Unresolved reference 
'Rose500'.
e: file:///C:/Users/HP/Downloads/folder/app/src/main/java/com/asc/markets/ui/sc
reens/trade_dashboard/ui/components/PriceCard.kt:124:35 Unresolved reference 
'Zinc800'.
e: file:///C:/Users/HP/Downloads/folder/app/src/main/java/com/asc/markets/ui/sc
reens/trade_dashboard/ui/components/PriceCard.kt:157:71 Unresolved reference 
'Rose500'.
e: file:///C:/Users/HP/Downloads/folder/app/src/main/java/com/asc/markets/ui/sc
reens/trade_dashboard/ui/components/RiskWarningBanner.kt:51:47 Unresolved 
reference 'Rose400'.
e: file:///C:/Users/HP/Downloads/folder/app/src/main/java/com/asc/markets/ui/sc
reens/trade_dashboard/ui/components/RiskWarningBanner.kt:134:66 Unresolved 
reference 'Emerald400'.
e: file:///C:/Users/HP/Downloads/folder/app/src/main/java/com/asc/markets/ui/sc
reens/trade_dashboard/ui/components/RiskWarningBanner.kt:161:60 Unresolved 
reference 'Emerald400'.
e: file:///C:/Users/HP/Downloads/folder/app/src/main/java/com/asc/markets/ui/sc
reens/trade_dashboard/ui/components/TradeHistoryPanel.kt:107:14 None of the 
following candidates is applicable:
fun Modifier.border(border: BorderStroke, shape: Shape = ...): Modifier
fun Modifier.border(width: Dp, brush: Brush, shape: Shape): Modifier
fun Modifier.border(width: Dp, color: Color, shape: Shape = ...): Modifier
e: file:///C:/Users/HP/Downloads/folder/app/src/main/java/com/asc/markets/ui/sc
reens/trade_dashboard/ui/components/TradeHistoryPanel.kt:123:78 Unresolved 
reference 'Rose500'.
e: file:///C:/Users/HP/Downloads/folder/app/src/main/java/com/asc/markets/ui/sc
reens/trade_dashboard/ui/components/TradeHistoryPanel.kt:167:35 Unresolved 
reference 'Zinc700'.
e: file:///C:/Users/HP/Downloads/folder/app/src/main/java/com/asc/markets/ui/sc
reens/trade_dashboard/ui/components/TradeHistoryPanel.kt:180:60 Unresolved 
reference 'Rose500'.
e: file:///C:/Users/HP/Downloads/folder/app/src/main/java/com/asc/markets/ui/sc
reens/trade_dashboard/ui/theme/Colors.kt:45:61 Unresolved reference 
'TrendingUp'.
e: file:///C:/Users/HP/Downloads/folder/app/src/main/java/com/asc/markets/ui/sc
reens/trade_dashboard/ui/theme/Colors.kt:46:65 Unresolved reference 'Warning'.
e: file:///C:/Users/HP/Downloads/folder/app/src/main/java/com/asc/markets/ui/sc
reens/trade_dashboard/ui/theme/Colors.kt:47:69 Unresolved reference 
'ReportProblem'.
e: file:///C:/Users/HP/Downloads/folder/app/src/main/java/com/asc/markets/ui/sc
reens/trade_dashboard/ui/theme/Colors.kt:48:67 Unresolved reference 
'OpenInNew'.
e: file:///C:/Users/HP/Downloads/folder/app/src/main/java/com/asc/markets/ui/sc
reens/trade_dashboard/ui/theme/Colors.kt:49:69 Unresolved reference 
'ExpandMore'.

> Task :app:compileDebugKotlin FAILED

FAILURE: Build failed with an exception.

* What went wrong:
Execution failed for task ':app:compileDebugKotlin'.
> A failure occurred while executing org.jetbrains.kotlin.compilerRunner.Gradle
CompilerRunnerWithWorkers$GradleKotlinCompilerWorkAction
   > Compilation error. See log for more details

* Try:
> Run with --stacktrace option to get the stack trace.
> Run with --info or --debug option to get more log output.
> Run with --scan to get full insights.
> Get more help at https://help.gradle.org.

BUILD FAILED in 2m 34s
29 actionable tasks: 3 executed, 26 up-to-date
